Warning: You are sending unauthenticated requests to the HF Hub. Please set a HF_TOKEN to enable higher rate limits and faster downloads.
Filter:   0%|          | 0/5000 [00:00<?, ? examples/s]Filter:  80%|████████  | 4000/5000 [00:00<00:00, 20177.58 examples/s]Filter: 100%|██████████| 5000/5000 [00:00<00:00, 19240.24 examples/s]
Loading weights:   0%|          | 0/311 [00:00<?, ?it/s]Loading weights: 100%|██████████| 311/311 [00:00<00:00, 5893.59it/s]
Loading weights:   0%|          | 0/310 [00:00<?, ?it/s]Loading weights: 100%|██████████| 310/310 [00:00<00:00, 5519.55it/s]
Run dir: /home/dsi/eli-bogdanov/ai-detector-from-scratch/results/grpo-human-baseline/seed-replication/seed44-bfloat16
Policy dtype: torch.bfloat16  device: cuda
Verifier dtype: torch.bfloat16
Prompts after filter: 1781 (targets [50, 100])
[Step 1/500] loss=21.6354 reward=0.3979 human=0.4277 length=0.7306 step_time=7.7s eta=1.1h
[Step 2/500] loss=5.4345 reward=0.0641 human=0.0859 length=0.7916 step_time=4.7s eta=0.9h
[Step 3/500] loss=-1.7959 reward=0.0043 human=0.0049 length=0.8605 step_time=7.5s eta=0.9h
[Step 4/500] loss=0.0000 reward=0.0000 human=0.0000 length=0.7998 step_time=6.9s eta=0.9h
[Step 5/500] loss=0.0000 reward=0.0000 human=0.0000 length=0.7669 step_time=6.8s eta=0.9h
[Step 6/500] loss=4.8227 reward=0.4383 human=0.6988 length=0.6398 step_time=4.6s eta=0.9h
[Step 7/500] loss=-4.1822 reward=0.1622 human=0.2433 length=0.7509 step_time=7.8s eta=0.9h
[Step 8/500] loss=-7.5360 reward=0.1928 human=0.2524 length=0.7814 step_time=7.8s eta=0.9h
[Step 9/500] loss=3.0408 reward=0.3726 human=0.5381 length=0.7160 step_time=8.2s eta=1.0h
[Step 10/500] loss=6.5703 reward=0.6255 human=0.9799 length=0.6383 step_time=4.6s eta=0.9h
[Step 11/500] loss=-2.2687 reward=0.0319 human=0.0449 length=0.7099 step_time=7.9s eta=0.9h
[Step 12/500] loss=3.4511 reward=0.6140 human=0.9843 length=0.6239 step_time=4.7s eta=0.9h
[Step 13/500] loss=-0.8808 reward=0.0026 human=0.0039 length=0.6587 step_time=7.9s eta=0.9h
[Step 14/500] loss=6.3672 reward=0.1600 human=0.2560 length=0.6536 step_time=4.6s eta=0.9h
[Step 15/500] loss=-9.2079 reward=0.0148 human=0.0215 length=0.7058 step_time=8.2s eta=0.9h
[Step 16/500] loss=3.6272 reward=0.6119 human=0.9817 length=0.6233 step_time=4.6s eta=0.9h
[Step 17/500] loss=0.8917 reward=0.1393 human=0.2313 length=0.6103 step_time=4.7s eta=0.9h
[Step 18/500] loss=0.6960 reward=0.4895 human=0.7484 length=0.6771 step_time=7.9s eta=0.9h
[Step 19/500] loss=0.2212 reward=0.0007 human=0.0010 length=0.6804 step_time=7.9s eta=0.9h
[Step 20/500] loss=3.4319 reward=0.6004 human=0.9968 length=0.6023 step_time=4.7s eta=0.9h
[Step 21/500] loss=2.3001 reward=0.6176 human=0.9858 length=0.6264 step_time=4.9s eta=0.9h
[Step 22/500] loss=-9.8650 reward=0.5100 human=0.7325 length=0.6947 step_time=7.9s eta=0.9h
[Step 23/500] loss=6.0211 reward=0.1688 human=0.2448 length=0.7129 step_time=7.8s eta=0.9h
[Step 24/500] loss=6.5439 reward=0.5975 human=0.9888 length=0.6042 step_time=4.6s eta=0.9h
[Step 25/500] loss=-1.0230 reward=0.4455 human=0.7243 length=0.6107 step_time=4.6s eta=0.9h
[Step 26/500] loss=1.6449 reward=0.0244 human=0.0352 length=0.6819 step_time=7.9s eta=0.9h
[Step 27/500] loss=-9.1938 reward=0.1770 human=0.2547 length=0.6856 step_time=8.2s eta=0.9h
[Step 28/500] loss=-2.4003 reward=0.6252 human=0.9909 length=0.6310 step_time=4.7s eta=0.9h
[Step 29/500] loss=-16.8111 reward=0.6469 human=0.9978 length=0.6483 step_time=4.6s eta=0.9h
[Step 30/500] loss=-7.9031 reward=0.3473 human=0.4981 length=0.6917 step_time=7.9s eta=0.9h
[Step 31/500] loss=4.4222 reward=0.3387 human=0.4927 length=0.6909 step_time=7.9s eta=0.9h
[Step 32/500] loss=2.6947 reward=0.2587 human=0.4186 length=0.6535 step_time=4.9s eta=0.9h
[Step 33/500] loss=-3.9347 reward=0.1985 human=0.2917 length=0.6774 step_time=7.9s eta=0.9h
[Step 34/500] loss=0.6187 reward=0.1686 human=0.2429 length=0.7055 step_time=7.9s eta=0.9h
[Step 35/500] loss=-2.1170 reward=0.2906 human=0.4928 length=0.6233 step_time=4.7s eta=0.9h
[Step 36/500] loss=0.7249 reward=0.1535 human=0.2485 length=0.6465 step_time=4.6s eta=0.8h
[Step 37/500] loss=7.5669 reward=0.6041 human=0.9784 length=0.6174 step_time=4.7s eta=0.8h
[Step 38/500] loss=-3.1108 reward=0.5035 human=0.7451 length=0.6867 step_time=8.1s eta=0.8h
[Step 39/500] loss=-0.5891 reward=0.3401 human=0.4864 length=0.6891 step_time=7.9s eta=0.8h
[Step 40/500] loss=6.3938 reward=0.3204 human=0.4934 length=0.6425 step_time=4.7s eta=0.8h
[Step 41/500] loss=-8.3933 reward=0.3346 human=0.4950 length=0.6888 step_time=7.9s eta=0.8h
[Step 42/500] loss=1.1389 reward=0.3552 human=0.4871 length=0.7392 step_time=7.9s eta=0.8h
[Step 43/500] loss=0.0824 reward=0.4629 human=0.7398 length=0.6356 step_time=4.6s eta=0.8h
[Step 44/500] loss=-4.4559 reward=0.7347 human=0.9791 length=0.7505 step_time=4.8s eta=0.8h
[Step 45/500] loss=0.5099 reward=0.6607 human=0.9924 length=0.6658 step_time=7.9s eta=0.8h
[Step 46/500] loss=1.1078 reward=0.5473 human=0.8771 length=0.6233 step_time=4.6s eta=0.8h
[Step 47/500] loss=3.5828 reward=0.1602 human=0.2467 length=0.6870 step_time=7.9s eta=0.8h
[Step 48/500] loss=-0.6127 reward=0.5013 human=0.7383 length=0.6761 step_time=7.9s eta=0.8h
[Step 49/500] loss=-10.9213 reward=0.3115 human=0.4951 length=0.6254 step_time=4.9s eta=0.8h
[Step 50/500] loss=-4.0479 reward=0.2100 human=0.3124 length=0.6852 step_time=7.9s eta=0.8h
[Step 51/500] loss=-8.4577 reward=0.1590 human=0.2449 length=0.6435 step_time=7.9s eta=0.8h
[Step 52/500] loss=5.3193 reward=0.7064 human=0.9936 length=0.7110 step_time=7.8s eta=0.8h
[Step 53/500] loss=3.3811 reward=0.6126 human=0.9893 length=0.6192 step_time=4.6s eta=0.8h
[Step 54/500] loss=-2.2634 reward=0.6837 human=0.9907 length=0.6900 step_time=7.9s eta=0.8h
[Step 55/500] loss=-5.8717 reward=0.2219 human=0.3406 length=0.6637 step_time=8.1s eta=0.8h
[Step 56/500] loss=6.0522 reward=0.5754 human=0.8922 length=0.6459 step_time=4.6s eta=0.8h
[Step 57/500] loss=6.8323 reward=0.1565 human=0.2314 length=0.6911 step_time=7.9s eta=0.8h
[Step 58/500] loss=-13.9119 reward=0.6875 human=0.9958 length=0.6904 step_time=7.8s eta=0.8h
[Step 59/500] loss=-6.1255 reward=0.4803 human=0.7353 length=0.6622 step_time=7.9s eta=0.8h
[Step 60/500] loss=-13.4406 reward=0.6418 human=0.9927 length=0.6465 step_time=7.9s eta=0.8h
[Step 61/500] loss=-4.3996 reward=0.5144 human=0.8508 length=0.6042 step_time=4.9s eta=0.8h
[Step 62/500] loss=12.1482 reward=0.6679 human=0.9890 length=0.6754 step_time=4.6s eta=0.8h
[Step 63/500] loss=-2.3479 reward=0.5709 human=0.9932 length=0.5749 step_time=4.6s eta=0.8h
[Step 64/500] loss=6.7898 reward=0.4524 human=0.7591 length=0.6009 step_time=4.6s eta=0.8h
[Step 65/500] loss=0.6895 reward=0.5850 human=0.9972 length=0.5866 step_time=4.6s eta=0.8h
[Step 66/500] loss=-3.0706 reward=0.4793 human=0.7241 length=0.6732 step_time=8.1s eta=0.8h
[Step 67/500] loss=-13.0429 reward=0.6408 human=0.9816 length=0.6528 step_time=7.9s eta=0.8h
[Step 68/500] loss=-5.5638 reward=0.4768 human=0.8158 length=0.5850 step_time=4.6s eta=0.8h
[Step 69/500] loss=-12.2798 reward=0.6958 human=0.9699 length=0.7174 step_time=4.6s eta=0.8h
[Step 70/500] loss=-3.9537 reward=0.5930 human=0.9986 length=0.5938 step_time=4.6s eta=0.8h
[Step 71/500] loss=-0.3334 reward=0.6896 human=0.9805 length=0.7034 step_time=4.7s eta=0.8h
[Step 72/500] loss=14.0721 reward=0.3357 human=0.5010 length=0.6739 step_time=8.1s eta=0.8h
[Step 73/500] loss=5.9608 reward=0.6422 human=0.9873 length=0.6505 step_time=4.6s eta=0.8h
[Step 74/500] loss=-6.7678 reward=0.5609 human=0.8433 length=0.6707 step_time=7.8s eta=0.8h
[Step 75/500] loss=-11.3087 reward=0.6382 human=0.9982 length=0.6394 step_time=4.6s eta=0.8h
[Step 76/500] loss=-8.0612 reward=0.6078 human=0.9814 length=0.6193 step_time=4.6s eta=0.8h
[Step 77/500] loss=-11.2323 reward=0.5086 human=0.7416 length=0.6925 step_time=8.0s eta=0.8h
[Step 78/500] loss=-7.1992 reward=0.2843 human=0.4236 length=0.6829 step_time=7.8s eta=0.8h
[Step 79/500] loss=-2.5529 reward=0.3269 human=0.5524 length=0.6067 step_time=4.6s eta=0.8h
[Step 80/500] loss=-4.8010 reward=0.6094 human=0.9979 length=0.6107 step_time=4.7s eta=0.8h
[Step 81/500] loss=0.5668 reward=0.5932 human=0.9963 length=0.5954 step_time=4.6s eta=0.8h
[Step 82/500] loss=-2.2130 reward=0.5818 human=0.9914 length=0.5868 step_time=4.6s eta=0.7h
[Step 83/500] loss=-1.4350 reward=0.4548 human=0.7561 length=0.6017 step_time=4.9s eta=0.7h
[Step 84/500] loss=-4.4649 reward=0.3201 human=0.4897 length=0.6596 step_time=7.9s eta=0.7h
[Step 85/500] loss=1.5328 reward=0.5168 human=0.8058 length=0.6457 step_time=4.7s eta=0.7h
[Step 86/500] loss=2.9283 reward=0.4520 human=0.7493 length=0.6067 step_time=4.6s eta=0.7h
[Step 87/500] loss=-5.1150 reward=0.5105 human=0.7337 length=0.6894 step_time=7.9s eta=0.7h
[Step 88/500] loss=9.5982 reward=0.5942 human=0.9984 length=0.5952 step_time=4.9s eta=0.7h
[Step 89/500] loss=-3.8670 reward=0.6613 human=0.9981 length=0.6625 step_time=7.8s eta=0.7h
[Step 90/500] loss=-0.8623 reward=0.6728 human=0.9724 length=0.6916 step_time=7.8s eta=0.7h
[Step 91/500] loss=-3.5934 reward=0.0020 human=0.0029 length=0.6806 step_time=7.8s eta=0.7h
[Step 92/500] loss=1.5351 reward=0.4914 human=0.7511 length=0.6630 step_time=7.9s eta=0.7h
[Step 93/500] loss=-4.4697 reward=0.6341 human=0.9819 length=0.6458 step_time=4.7s eta=0.7h
[Step 94/500] loss=-2.2386 reward=0.5953 human=0.9933 length=0.5993 step_time=4.9s eta=0.7h
[Step 95/500] loss=-1.3249 reward=0.6033 human=0.9912 length=0.6089 step_time=4.6s eta=0.7h
[Step 96/500] loss=7.2803 reward=0.5987 human=0.9744 length=0.6143 step_time=4.6s eta=0.7h
[Step 97/500] loss=10.2732 reward=0.6121 human=0.9800 length=0.6244 step_time=4.6s eta=0.7h
[Step 98/500] loss=4.4734 reward=0.4926 human=0.7330 length=0.6837 step_time=7.9s eta=0.7h
[Step 99/500] loss=-0.4202 reward=0.6335 human=0.9046 length=0.6974 step_time=4.6s eta=0.7h
Writing model shards:   0%|          | 0/1 [00:00<?, ?it/s]Writing model shards: 100%|██████████| 1/1 [00:04<00:00,  4.41s/it]Writing model shards: 100%|██████████| 1/1 [00:04<00:00,  4.41s/it]
Saved checkpoint: /home/dsi/eli-bogdanov/ai-detector-from-scratch/results/grpo-human-baseline/seed-replication/seed44-bfloat16/checkpoints/step-00100
[Step 100/500] loss=-7.2120 reward=0.6640 human=0.9975 length=0.6657 step_time=4.9s eta=0.7h
[Step 101/500] loss=5.3324 reward=0.4820 human=0.7170 length=0.6836 step_time=7.9s eta=0.7h
[Step 102/500] loss=10.5884 reward=0.6200 human=0.9494 length=0.6527 step_time=7.9s eta=0.7h
[Step 103/500] loss=5.9169 reward=0.6674 human=0.9841 length=0.6782 step_time=7.8s eta=0.7h
[Step 104/500] loss=-4.3986 reward=0.6521 human=0.9972 length=0.6540 step_time=7.8s eta=0.7h
[Step 105/500] loss=5.9384 reward=0.5977 human=0.8803 length=0.6792 step_time=7.8s eta=0.7h
[Step 106/500] loss=0.1968 reward=0.4348 human=0.6267 length=0.6876 step_time=8.0s eta=0.7h
[Step 107/500] loss=-4.3698 reward=0.3350 human=0.4971 length=0.6682 step_time=7.8s eta=0.7h
[Step 108/500] loss=-2.8735 reward=0.5935 human=0.9794 length=0.6058 step_time=4.6s eta=0.7h
[Step 109/500] loss=5.9398 reward=0.2986 human=0.4924 length=0.6538 step_time=4.6s eta=0.7h
[Step 110/500] loss=-3.8351 reward=0.4948 human=0.7174 length=0.6823 step_time=7.8s eta=0.7h
[Step 111/500] loss=-6.8048 reward=0.7296 human=0.9817 length=0.7431 step_time=8.1s eta=0.7h
[Step 112/500] loss=8.5230 reward=0.3489 human=0.4902 length=0.7082 step_time=7.8s eta=0.7h
[Step 113/500] loss=1.9747 reward=0.6854 human=0.9950 length=0.6889 step_time=4.6s eta=0.7h
[Step 114/500] loss=-9.7474 reward=0.7592 human=0.9954 length=0.7627 step_time=7.8s eta=0.7h
[Step 115/500] loss=6.0662 reward=0.5913 human=0.9669 length=0.6131 step_time=4.6s eta=0.7h
[Step 116/500] loss=3.7574 reward=0.6042 human=0.9786 length=0.6177 step_time=4.6s eta=0.7h
[Step 117/500] loss=-6.9138 reward=0.5782 human=0.9088 length=0.6351 step_time=4.8s eta=0.7h
[Step 118/500] loss=-10.0295 reward=0.6101 human=0.9970 length=0.6119 step_time=4.6s eta=0.7h
[Step 119/500] loss=-6.3829 reward=0.4949 human=0.7290 length=0.6805 step_time=7.8s eta=0.7h
[Step 120/500] loss=-3.0197 reward=0.5555 human=0.8109 length=0.6888 step_time=7.8s eta=0.7h
[Step 121/500] loss=3.5801 reward=0.4814 human=0.7146 length=0.6633 step_time=4.6s eta=0.7h
[Step 122/500] loss=-7.2192 reward=0.6512 human=0.9671 length=0.6742 step_time=7.8s eta=0.7h
[Step 123/500] loss=-1.6055 reward=0.5756 human=0.9842 length=0.5849 step_time=4.8s eta=0.7h
[Step 124/500] loss=-13.5645 reward=0.6623 human=0.9935 length=0.6666 step_time=7.8s eta=0.7h
[Step 125/500] loss=-7.2727 reward=0.6870 human=0.9702 length=0.7080 step_time=7.8s eta=0.7h
[Step 126/500] loss=6.8646 reward=0.6889 human=0.9966 length=0.6912 step_time=7.8s eta=0.7h
[Step 127/500] loss=-8.4505 reward=0.6361 human=0.9796 length=0.6490 step_time=4.6s eta=0.7h
[Step 128/500] loss=-5.8823 reward=0.5005 human=0.7474 length=0.6758 step_time=8.0s eta=0.7h
[Step 129/500] loss=-9.3892 reward=0.6570 human=0.9986 length=0.6579 step_time=7.8s eta=0.7h
[Step 130/500] loss=-8.5015 reward=0.6084 human=0.9975 length=0.6099 step_time=4.6s eta=0.7h
[Step 131/500] loss=3.3642 reward=0.7127 human=0.9933 length=0.7173 step_time=7.8s eta=0.7h
[Step 132/500] loss=16.0425 reward=0.6051 human=0.9960 length=0.6076 step_time=4.6s eta=0.7h
[Step 133/500] loss=-1.1217 reward=0.6294 human=0.9924 length=0.6343 step_time=4.6s eta=0.7h
[Step 134/500] loss=-7.8159 reward=0.6773 human=0.9958 length=0.6802 step_time=8.0s eta=0.7h
[Step 135/500] loss=4.9252 reward=0.4962 human=0.7744 length=0.6330 step_time=4.6s eta=0.7h
[Step 136/500] loss=-3.1903 reward=0.6359 human=0.9927 length=0.6405 step_time=4.6s eta=0.7h
[Step 137/500] loss=-6.7137 reward=0.7170 human=0.9929 length=0.7221 step_time=4.6s eta=0.7h
[Step 138/500] loss=0.2231 reward=0.6796 human=0.9954 length=0.6829 step_time=7.8s eta=0.7h
[Step 139/500] loss=-2.0252 reward=0.6395 human=0.9925 length=0.6443 step_time=4.6s eta=0.6h
[Step 140/500] loss=0.4608 reward=0.6725 human=0.9901 length=0.6793 step_time=8.0s eta=0.6h
[Step 141/500] loss=-12.0104 reward=0.6644 human=0.9973 length=0.6663 step_time=7.8s eta=0.6h
[Step 142/500] loss=-0.4845 reward=0.5726 human=0.9985 length=0.5735 step_time=4.6s eta=0.6h
[Step 143/500] loss=16.5216 reward=0.6560 human=0.9984 length=0.6571 step_time=7.8s eta=0.6h
[Step 144/500] loss=-1.7524 reward=0.6963 human=0.9989 length=0.6970 step_time=7.8s eta=0.6h
[Step 145/500] loss=0.7433 reward=0.6116 human=0.9994 length=0.6120 step_time=4.8s eta=0.6h
[Step 146/500] loss=6.4245 reward=0.6126 human=0.9952 length=0.6156 step_time=4.6s eta=0.6h
[Step 147/500] loss=-5.8233 reward=0.6223 human=0.9948 length=0.6256 step_time=4.6s eta=0.6h
[Step 148/500] loss=6.1831 reward=0.6315 human=0.9968 length=0.6336 step_time=4.6s eta=0.6h
[Step 149/500] loss=-3.3849 reward=0.6246 human=0.9987 length=0.6254 step_time=4.6s eta=0.6h
[Step 150/500] loss=3.1138 reward=0.5491 human=0.8312 length=0.6624 step_time=7.8s eta=0.6h
[Step 151/500] loss=-0.8321 reward=0.6298 human=0.9986 length=0.6307 step_time=4.8s eta=0.6h
[Step 152/500] loss=-12.8316 reward=0.6972 human=0.9977 length=0.6988 step_time=7.8s eta=0.6h
[Step 153/500] loss=-6.3635 reward=0.5309 human=0.7684 length=0.6813 step_time=4.6s eta=0.6h
[Step 154/500] loss=-5.3050 reward=0.6210 human=0.9744 length=0.6372 step_time=4.6s eta=0.6h
[Step 155/500] loss=0.0215 reward=0.5120 human=0.7614 length=0.7042 step_time=7.9s eta=0.6h
[Step 156/500] loss=-14.1573 reward=0.7978 human=0.9970 length=0.8003 step_time=8.1s eta=0.6h
[Step 157/500] loss=-3.0085 reward=0.6131 human=0.9950 length=0.6162 step_time=4.7s eta=0.6h
[Step 158/500] loss=-4.8816 reward=0.6707 human=0.9971 length=0.6726 step_time=7.9s eta=0.6h
[Step 159/500] loss=-25.7522 reward=0.6788 human=0.9934 length=0.6835 step_time=7.8s eta=0.6h
[Step 160/500] loss=2.3480 reward=0.6230 human=0.9885 length=0.6306 step_time=4.6s eta=0.6h
[Step 161/500] loss=-0.0250 reward=0.7264 human=0.9974 length=0.7283 step_time=7.9s eta=0.6h
[Step 162/500] loss=1.0444 reward=0.6900 human=0.9992 length=0.6905 step_time=8.1s eta=0.6h
[Step 163/500] loss=4.7107 reward=0.6699 human=0.9962 length=0.6725 step_time=7.9s eta=0.6h
[Step 164/500] loss=-3.4203 reward=0.6902 human=0.9973 length=0.6921 step_time=7.8s eta=0.6h
[Step 165/500] loss=11.1084 reward=0.6407 human=0.9950 length=0.6440 step_time=4.6s eta=0.6h
[Step 166/500] loss=-9.4169 reward=0.6170 human=0.9948 length=0.6202 step_time=4.6s eta=0.6h
[Step 167/500] loss=4.6228 reward=0.6841 human=0.9950 length=0.6876 step_time=7.9s eta=0.6h
[Step 168/500] loss=-5.0351 reward=0.7012 human=0.9940 length=0.7054 step_time=8.1s eta=0.6h
[Step 169/500] loss=10.8731 reward=0.6954 human=0.9989 length=0.6962 step_time=7.9s eta=0.6h
[Step 170/500] loss=-0.9498 reward=0.6213 human=0.9869 length=0.6298 step_time=4.6s eta=0.6h
[Step 171/500] loss=-13.3846 reward=0.6121 human=0.9965 length=0.6142 step_time=4.6s eta=0.6h
[Step 172/500] loss=-3.6259 reward=0.4493 human=0.7488 length=0.6082 step_time=4.6s eta=0.6h
[Step 173/500] loss=4.7431 reward=0.7056 human=0.9912 length=0.7119 step_time=4.9s eta=0.6h
[Step 174/500] loss=7.9571 reward=0.5116 human=0.7350 length=0.7059 step_time=7.9s eta=0.6h
[Step 175/500] loss=1.1419 reward=0.5142 human=0.7435 length=0.7287 step_time=7.9s eta=0.6h
[Step 176/500] loss=-5.8818 reward=0.5878 human=0.9975 length=0.5893 step_time=4.6s eta=0.6h
[Step 177/500] loss=-7.0043 reward=0.6168 human=0.9926 length=0.6214 step_time=4.6s eta=0.6h
[Step 178/500] loss=-0.0814 reward=0.5700 human=0.7721 length=0.7646 step_time=7.9s eta=0.6h
[Step 179/500] loss=-5.6462 reward=0.6953 human=0.9934 length=0.6998 step_time=8.1s eta=0.6h
[Step 180/500] loss=2.0529 reward=0.5244 human=0.7332 length=0.7350 step_time=7.9s eta=0.6h
[Step 181/500] loss=-7.6363 reward=0.3407 human=0.4381 length=0.7437 step_time=7.9s eta=0.6h
[Step 182/500] loss=3.4149 reward=0.5518 human=0.7556 length=0.7384 step_time=7.9s eta=0.6h
[Step 183/500] loss=-5.0665 reward=0.4754 human=0.7442 length=0.6478 step_time=4.6s eta=0.6h
[Step 184/500] loss=-1.2495 reward=0.7171 human=0.9956 length=0.7204 step_time=7.9s eta=0.6h
[Step 185/500] loss=-0.6883 reward=0.6483 human=0.9952 length=0.6515 step_time=4.9s eta=0.6h
[Step 186/500] loss=2.1559 reward=0.7333 human=0.9718 length=0.7553 step_time=7.9s eta=0.6h
[Step 187/500] loss=-4.6610 reward=0.5023 human=0.7772 length=0.6454 step_time=4.6s eta=0.6h
[Step 188/500] loss=1.7225 reward=0.8159 human=0.9987 length=0.8170 step_time=7.9s eta=0.6h
[Step 189/500] loss=-2.2644 reward=0.6597 human=0.9977 length=0.6613 step_time=4.6s eta=0.6h
[Step 190/500] loss=-8.6738 reward=0.6057 human=0.9978 length=0.6071 step_time=4.8s eta=0.6h
[Step 191/500] loss=-7.7324 reward=0.7922 human=0.9988 length=0.7931 step_time=7.9s eta=0.6h
[Step 192/500] loss=-3.8997 reward=0.6643 human=0.9848 length=0.6744 step_time=4.7s eta=0.6h
[Step 193/500] loss=-5.8931 reward=0.7413 human=0.9942 length=0.7456 step_time=7.9s eta=0.6h
[Step 194/500] loss=6.5798 reward=0.5157 human=0.6971 length=0.7355 step_time=7.9s eta=0.6h
[Step 195/500] loss=-6.4329 reward=0.6538 human=0.9965 length=0.6562 step_time=4.9s eta=0.6h
[Step 196/500] loss=-11.5711 reward=0.7481 human=0.9910 length=0.7544 step_time=7.9s eta=0.5h
[Step 197/500] loss=-2.1607 reward=0.5086 human=0.7489 length=0.6806 step_time=4.6s eta=0.5h
[Step 198/500] loss=0.6959 reward=0.6369 human=0.9962 length=0.6393 step_time=4.6s eta=0.5h
[Step 199/500] loss=0.2857 reward=0.6254 human=0.9974 length=0.6271 step_time=4.6s eta=0.5h
Writing model shards:   0%|          | 0/1 [00:00<?, ?it/s]Writing model shards: 100%|██████████| 1/1 [00:04<00:00,  4.14s/it]Writing model shards: 100%|██████████| 1/1 [00:04<00:00,  4.14s/it]
Saved checkpoint: /home/dsi/eli-bogdanov/ai-detector-from-scratch/results/grpo-human-baseline/seed-replication/seed44-bfloat16/checkpoints/step-00200
[Step 200/500] loss=-5.4268 reward=0.7280 human=0.9986 length=0.7290 step_time=4.6s eta=0.5h
[Step 201/500] loss=-1.1385 reward=0.6429 human=0.9957 length=0.6456 step_time=4.9s eta=0.5h
[Step 202/500] loss=-14.5247 reward=0.7122 human=0.9928 length=0.7174 step_time=7.9s eta=0.5h
[Step 203/500] loss=1.4539 reward=0.6543 human=0.9290 length=0.7035 step_time=7.9s eta=0.5h
[Step 204/500] loss=-6.8618 reward=0.6477 human=0.9966 length=0.6498 step_time=4.6s eta=0.5h
[Step 205/500] loss=-8.1617 reward=0.7208 human=0.9922 length=0.7265 step_time=7.9s eta=0.5h
[Step 206/500] loss=4.3890 reward=0.7022 human=0.8700 length=0.8142 step_time=8.1s eta=0.5h
[Step 207/500] loss=-3.6718 reward=0.7380 human=0.9866 length=0.7484 step_time=4.7s eta=0.5h
[Step 208/500] loss=-0.7469 reward=0.6989 human=0.9942 length=0.7028 step_time=4.7s eta=0.5h
[Step 209/500] loss=2.4421 reward=0.6205 human=0.9899 length=0.6269 step_time=4.7s eta=0.5h
[Step 210/500] loss=-5.6966 reward=0.7186 human=0.9983 length=0.7198 step_time=7.9s eta=0.5h
[Step 211/500] loss=9.1331 reward=0.7065 human=0.9991 length=0.7071 step_time=7.8s eta=0.5h
[Step 212/500] loss=7.0485 reward=0.6343 human=0.9986 length=0.6352 step_time=4.8s eta=0.5h
[Step 213/500] loss=-4.9790 reward=0.6262 human=0.9977 length=0.6276 step_time=4.7s eta=0.5h
[Step 214/500] loss=-6.5718 reward=0.7043 human=0.9987 length=0.7052 step_time=7.9s eta=0.5h
[Step 215/500] loss=23.7435 reward=0.5763 human=0.7584 length=0.8040 step_time=7.9s eta=0.5h
[Step 216/500] loss=-5.5879 reward=0.6819 human=0.9989 length=0.6827 step_time=7.9s eta=0.5h
[Step 217/500] loss=2.3778 reward=0.7289 human=0.9951 length=0.7327 step_time=7.9s eta=0.5h
[Step 218/500] loss=-8.1050 reward=0.6983 human=0.9969 length=0.7004 step_time=4.9s eta=0.5h
[Step 219/500] loss=-3.7576 reward=0.6792 human=0.9972 length=0.6811 step_time=4.6s eta=0.5h
[Step 220/500] loss=-3.6352 reward=0.5946 human=0.9988 length=0.5954 step_time=4.6s eta=0.5h
[Step 221/500] loss=0.8973 reward=0.6791 human=0.9985 length=0.6800 step_time=4.6s eta=0.5h
[Step 222/500] loss=-7.1699 reward=0.2277 human=0.3072 length=0.7698 step_time=7.9s eta=0.5h
[Step 223/500] loss=-2.3384 reward=0.6557 human=0.9984 length=0.6567 step_time=4.6s eta=0.5h
[Step 224/500] loss=-6.8341 reward=0.6674 human=0.9992 length=0.6679 step_time=8.1s eta=0.5h
[Step 225/500] loss=-10.0134 reward=0.6159 human=0.9993 length=0.6163 step_time=4.6s eta=0.5h
[Step 226/500] loss=-7.6183 reward=0.6926 human=0.9947 length=0.6962 step_time=4.6s eta=0.5h
[Step 227/500] loss=4.0466 reward=0.6779 human=0.9853 length=0.6877 step_time=7.9s eta=0.5h
[Step 228/500] loss=-6.8701 reward=0.6696 human=0.9988 length=0.6703 step_time=4.7s eta=0.5h
[Step 229/500] loss=-2.9835 reward=0.7789 human=0.9986 length=0.7799 step_time=8.2s eta=0.5h
[Step 230/500] loss=-16.3870 reward=0.6339 human=0.9989 length=0.6345 step_time=4.7s eta=0.5h
[Step 231/500] loss=2.4869 reward=0.6251 human=0.9933 length=0.6295 step_time=4.7s eta=0.5h
[Step 232/500] loss=-32.4115 reward=0.6906 human=0.9991 length=0.6912 step_time=7.9s eta=0.5h
[Step 233/500] loss=-15.4593 reward=0.8303 human=0.9991 length=0.8311 step_time=7.9s eta=0.5h
[Step 234/500] loss=-4.1283 reward=0.6214 human=0.8515 length=0.7246 step_time=7.9s eta=0.5h
[Step 235/500] loss=-10.8634 reward=0.6702 human=0.9988 length=0.6710 step_time=8.1s eta=0.5h
[Step 236/500] loss=0.8419 reward=0.6327 human=0.9278 length=0.6849 step_time=7.9s eta=0.5h
[Step 237/500] loss=-6.9624 reward=0.7200 human=0.9981 length=0.7214 step_time=4.6s eta=0.5h
[Step 238/500] loss=1.0092 reward=0.7499 human=0.9975 length=0.7517 step_time=7.9s eta=0.5h
[Step 239/500] loss=-0.5379 reward=0.7286 human=0.9992 length=0.7292 step_time=4.6s eta=0.5h
[Step 240/500] loss=-13.6294 reward=0.7996 human=0.9991 length=0.8003 step_time=8.1s eta=0.5h
[Step 241/500] loss=-3.1580 reward=0.1760 human=0.2736 length=0.6653 step_time=4.6s eta=0.5h
[Step 242/500] loss=-4.9412 reward=0.7567 human=0.9856 length=0.7670 step_time=7.9s eta=0.5h
[Step 243/500] loss=-29.6777 reward=0.7920 human=0.9987 length=0.7931 step_time=7.9s eta=0.5h
[Step 244/500] loss=-2.4334 reward=0.5168 human=0.7504 length=0.6974 step_time=4.7s eta=0.5h
[Step 245/500] loss=-5.2918 reward=0.7411 human=0.9983 length=0.7424 step_time=8.0s eta=0.5h
[Step 246/500] loss=31.7629 reward=0.6135 human=0.8316 length=0.7391 step_time=7.8s eta=0.5h
[Step 247/500] loss=-3.3992 reward=0.7072 human=0.9891 length=0.7151 step_time=4.8s eta=0.5h
[Step 248/500] loss=6.9087 reward=0.6417 human=0.9905 length=0.6478 step_time=4.6s eta=0.5h
[Step 249/500] loss=13.2435 reward=0.6641 human=0.9889 length=0.6717 step_time=4.6s eta=0.5h
[Step 250/500] loss=-7.5977 reward=0.7348 human=0.9912 length=0.7413 step_time=4.7s eta=0.5h
[Step 251/500] loss=1.4609 reward=0.8502 human=0.9939 length=0.8553 step_time=4.6s eta=0.4h
[Step 252/500] loss=-0.1636 reward=0.0078 human=0.0098 length=0.8038 step_time=8.1s eta=0.4h
[Step 253/500] loss=-5.5718 reward=0.6857 human=0.9829 length=0.6980 step_time=4.6s eta=0.4h
[Step 254/500] loss=-10.7130 reward=0.7658 human=0.9868 length=0.7756 step_time=7.9s eta=0.4h
[Step 255/500] loss=3.2940 reward=0.9165 human=0.9983 length=0.9181 step_time=7.9s eta=0.4h
[Step 256/500] loss=-17.0322 reward=0.8417 human=0.9979 length=0.8435 step_time=7.9s eta=0.4h
[Step 257/500] loss=-13.7473 reward=0.6917 human=0.9933 length=0.6961 step_time=4.6s eta=0.4h
[Step 258/500] loss=-3.4856 reward=0.5540 human=0.7356 length=0.7998 step_time=4.8s eta=0.4h
[Step 259/500] loss=3.3447 reward=0.2394 human=0.2608 length=0.9298 step_time=7.8s eta=0.4h
[Step 260/500] loss=-1.8584 reward=0.7586 human=0.9962 length=0.7616 step_time=4.6s eta=0.4h
[Step 261/500] loss=2.0438 reward=0.5596 human=0.7391 length=0.7482 step_time=7.8s eta=0.4h
[Step 262/500] loss=4.3245 reward=0.4855 human=0.7429 length=0.6850 step_time=4.6s eta=0.4h
[Step 263/500] loss=-1.0601 reward=0.5561 human=0.7399 length=0.7588 step_time=4.6s eta=0.4h
[Step 264/500] loss=-14.4017 reward=0.4379 human=0.5124 length=0.8821 step_time=8.1s eta=0.4h
[Step 265/500] loss=3.4795 reward=0.6671 human=0.7249 length=0.9264 step_time=4.6s eta=0.4h
[Step 266/500] loss=-2.2736 reward=0.7231 human=0.9589 length=0.7557 step_time=4.7s eta=0.4h
[Step 267/500] loss=-2.8556 reward=0.8128 human=0.9952 length=0.8167 step_time=4.7s eta=0.4h
[Step 268/500] loss=-0.3147 reward=0.7331 human=0.9535 length=0.7706 step_time=4.7s eta=0.4h
[Step 269/500] loss=9.1864 reward=0.6411 human=0.8560 length=0.7442 step_time=4.8s eta=0.4h
[Step 270/500] loss=-6.9798 reward=0.3910 human=0.5090 length=0.7218 step_time=4.6s eta=0.4h
[Step 271/500] loss=7.4693 reward=0.8050 human=0.9929 length=0.8107 step_time=7.9s eta=0.4h
[Step 272/500] loss=7.5780 reward=0.8402 human=0.9967 length=0.8429 step_time=4.6s eta=0.4h
[Step 273/500] loss=25.1567 reward=0.5719 human=0.7430 length=0.7725 step_time=7.9s eta=0.4h
[Step 274/500] loss=-5.9182 reward=0.5948 human=0.7443 length=0.8495 step_time=7.8s eta=0.4h
[Step 275/500] loss=4.6355 reward=0.7860 human=0.9733 length=0.8075 step_time=4.8s eta=0.4h
[Step 276/500] loss=-14.8860 reward=0.8558 human=0.9379 length=0.9158 step_time=7.9s eta=0.4h
[Step 277/500] loss=-29.9724 reward=0.8743 human=0.9674 length=0.9035 step_time=7.9s eta=0.4h
[Step 278/500] loss=15.3915 reward=0.8586 human=0.9921 length=0.8654 step_time=7.9s eta=0.4h
[Step 279/500] loss=-0.5171 reward=0.8266 human=0.9968 length=0.8292 step_time=7.9s eta=0.4h
[Step 280/500] loss=-8.2303 reward=0.7456 human=0.9875 length=0.7561 step_time=4.9s eta=0.4h
[Step 281/500] loss=-1.4546 reward=0.9247 human=0.9884 length=0.9356 step_time=4.6s eta=0.4h
[Step 282/500] loss=-10.1965 reward=0.8213 human=0.9695 length=0.8472 step_time=4.6s eta=0.4h
[Step 283/500] loss=-2.7757 reward=0.6669 human=0.7406 length=0.9005 step_time=7.9s eta=0.4h
[Step 284/500] loss=9.0187 reward=0.8645 human=0.9941 length=0.8696 step_time=4.6s eta=0.4h
[Step 285/500] loss=-25.2275 reward=0.9364 human=0.9935 length=0.9425 step_time=7.8s eta=0.4h
[Step 286/500] loss=-5.6813 reward=0.8845 human=0.9959 length=0.8881 step_time=8.1s eta=0.4h
[Step 287/500] loss=-11.5090 reward=0.8992 human=0.9843 length=0.9137 step_time=7.9s eta=0.4h
[Step 288/500] loss=-17.8531 reward=0.8969 human=0.9904 length=0.9055 step_time=4.6s eta=0.4h
[Step 289/500] loss=13.1310 reward=0.9156 human=0.9868 length=0.9275 step_time=7.8s eta=0.4h
[Step 290/500] loss=-7.6824 reward=0.9388 human=0.9901 length=0.9481 step_time=7.8s eta=0.4h
[Step 291/500] loss=-18.2539 reward=0.8951 human=0.9862 length=0.9077 step_time=4.6s eta=0.4h
[Step 292/500] loss=13.4224 reward=0.8288 human=0.9893 length=0.8375 step_time=8.0s eta=0.4h
[Step 293/500] loss=-2.0932 reward=0.8399 human=0.8952 length=0.9423 step_time=4.6s eta=0.4h
[Step 294/500] loss=11.2698 reward=0.8194 human=0.9910 length=0.8275 step_time=7.8s eta=0.4h
[Step 295/500] loss=3.1948 reward=0.8241 human=0.9710 length=0.8500 step_time=4.6s eta=0.4h
[Step 296/500] loss=28.1029 reward=0.7816 human=0.9976 length=0.7834 step_time=7.8s eta=0.4h
[Step 297/500] loss=1.4486 reward=0.6982 human=0.7456 length=0.9428 step_time=4.8s eta=0.4h
[Step 298/500] loss=-4.8385 reward=0.9007 human=0.9901 length=0.9099 step_time=7.8s eta=0.4h
[Step 299/500] loss=1.2885 reward=0.8353 human=0.9916 length=0.8426 step_time=4.6s eta=0.4h
Writing model shards:   0%|          | 0/1 [00:00<?, ?it/s]Writing model shards: 100%|██████████| 1/1 [00:04<00:00,  4.11s/it]Writing model shards: 100%|██████████| 1/1 [00:04<00:00,  4.11s/it]
Saved checkpoint: /home/dsi/eli-bogdanov/ai-detector-from-scratch/results/grpo-human-baseline/seed-replication/seed44-bfloat16/checkpoints/step-00300
[Step 300/500] loss=-16.9916 reward=0.8849 human=0.9806 length=0.9024 step_time=7.8s eta=0.4h
[Step 301/500] loss=6.3129 reward=0.8393 human=0.9930 length=0.8455 step_time=4.6s eta=0.4h
[Step 302/500] loss=-6.2150 reward=0.8945 human=0.9942 length=0.8996 step_time=4.8s eta=0.4h
[Step 303/500] loss=3.6081 reward=0.6223 human=0.7467 length=0.8400 step_time=4.6s eta=0.4h
[Step 304/500] loss=1.3002 reward=0.8719 human=0.9954 length=0.8762 step_time=4.6s eta=0.4h
[Step 305/500] loss=12.2846 reward=0.6068 human=0.9946 length=0.6100 step_time=4.6s eta=0.4h
[Step 306/500] loss=1.6414 reward=0.5177 human=0.5285 length=0.9725 step_time=7.8s eta=0.3h
[Step 307/500] loss=9.4719 reward=0.9555 human=0.9969 length=0.9585 step_time=7.8s eta=0.3h
[Step 308/500] loss=10.7117 reward=0.7754 human=0.9958 length=0.7787 step_time=7.8s eta=0.3h
[Step 309/500] loss=18.4429 reward=0.8399 human=0.9913 length=0.8463 step_time=4.8s eta=0.3h
[Step 310/500] loss=-4.3763 reward=0.8830 human=0.9948 length=0.8876 step_time=7.8s eta=0.3h
[Step 311/500] loss=5.4943 reward=0.9186 human=0.9912 length=0.9268 step_time=4.6s eta=0.3h
[Step 312/500] loss=12.2165 reward=0.6186 human=0.7477 length=0.8606 step_time=7.8s eta=0.3h
[Step 313/500] loss=-9.3351 reward=0.8775 human=0.9963 length=0.8807 step_time=4.6s eta=0.3h
[Step 314/500] loss=3.8058 reward=0.9381 human=0.9970 length=0.9408 step_time=8.1s eta=0.3h
[Step 315/500] loss=11.5714 reward=0.8957 human=0.9935 length=0.9017 step_time=7.9s eta=0.3h
[Step 316/500] loss=-5.4607 reward=0.9152 human=0.9975 length=0.9175 step_time=7.8s eta=0.3h
[Step 317/500] loss=-2.1559 reward=0.8700 human=0.9973 length=0.8725 step_time=7.8s eta=0.3h
[Step 318/500] loss=-17.3558 reward=0.9090 human=0.9970 length=0.9118 step_time=7.8s eta=0.3h
[Step 319/500] loss=2.2259 reward=0.7491 human=0.8878 length=0.8501 step_time=7.8s eta=0.3h
[Step 320/500] loss=38.9966 reward=0.8764 human=0.9743 length=0.9016 step_time=8.0s eta=0.3h
[Step 321/500] loss=24.0665 reward=0.8599 human=0.9991 length=0.8607 step_time=7.8s eta=0.3h
[Step 322/500] loss=3.3714 reward=0.8680 human=0.9996 length=0.8683 step_time=4.6s eta=0.3h
[Step 323/500] loss=-4.8233 reward=0.8551 human=0.9733 length=0.8792 step_time=7.8s eta=0.3h
[Step 324/500] loss=-4.3644 reward=0.8439 human=0.9977 length=0.8458 step_time=4.5s eta=0.3h
[Step 325/500] loss=13.4858 reward=0.7988 human=0.9939 length=0.8036 step_time=4.6s eta=0.3h
[Step 326/500] loss=7.7317 reward=0.8549 human=0.9858 length=0.8671 step_time=8.0s eta=0.3h
[Step 327/500] loss=7.0423 reward=0.8975 human=0.9954 length=0.9018 step_time=7.8s eta=0.3h
[Step 328/500] loss=8.2062 reward=0.7638 human=0.9715 length=0.7861 step_time=4.6s eta=0.3h
[Step 329/500] loss=9.2590 reward=0.8644 human=0.9960 length=0.8679 step_time=4.6s eta=0.3h
[Step 330/500] loss=4.1644 reward=0.9123 human=0.9908 length=0.9210 step_time=7.8s eta=0.3h
[Step 331/500] loss=-3.2377 reward=0.8525 human=0.9969 length=0.8553 step_time=4.8s eta=0.3h
[Step 332/500] loss=-17.4223 reward=0.9496 human=0.9956 length=0.9539 step_time=7.8s eta=0.3h
[Step 333/500] loss=10.8719 reward=0.9133 human=0.9933 length=0.9197 step_time=4.6s eta=0.3h
[Step 334/500] loss=-17.0737 reward=0.7011 human=0.7440 length=0.9292 step_time=7.8s eta=0.3h
[Step 335/500] loss=14.5639 reward=0.5832 human=0.6485 length=0.8991 step_time=7.8s eta=0.3h
[Step 336/500] loss=-4.3973 reward=0.5893 human=0.7491 length=0.8150 step_time=4.6s eta=0.3h
[Step 337/500] loss=-7.3585 reward=0.8814 human=0.9940 length=0.8868 step_time=8.0s eta=0.3h
[Step 338/500] loss=1.1877 reward=0.9233 human=0.9952 length=0.9279 step_time=7.8s eta=0.3h
[Step 339/500] loss=6.6972 reward=0.9021 human=0.9835 length=0.9177 step_time=7.8s eta=0.3h
[Step 340/500] loss=-8.6153 reward=0.9165 human=0.9841 length=0.9312 step_time=7.8s eta=0.3h
[Step 341/500] loss=-10.1728 reward=0.9028 human=0.9837 length=0.9175 step_time=7.8s eta=0.3h
[Step 342/500] loss=0.9617 reward=0.4427 human=0.4908 length=0.8714 step_time=7.8s eta=0.3h
[Step 343/500] loss=12.8210 reward=0.8760 human=0.9907 length=0.8844 step_time=8.0s eta=0.3h
[Step 344/500] loss=-10.1451 reward=0.6518 human=0.7377 length=0.9033 step_time=4.6s eta=0.3h
[Step 345/500] loss=-3.7520 reward=0.8684 human=0.9921 length=0.8752 step_time=4.6s eta=0.3h
[Step 346/500] loss=14.2305 reward=0.7500 human=0.8523 length=0.8703 step_time=7.8s eta=0.3h
[Step 347/500] loss=-6.9665 reward=0.7870 human=0.9943 length=0.7915 step_time=4.6s eta=0.3h
[Step 348/500] loss=15.9406 reward=0.8989 human=0.9813 length=0.9158 step_time=4.6s eta=0.3h
[Step 349/500] loss=3.5501 reward=0.8555 human=0.9919 length=0.8622 step_time=8.0s eta=0.3h
[Step 350/500] loss=-3.9162 reward=0.6256 human=0.7472 length=0.8240 step_time=4.6s eta=0.3h
[Step 351/500] loss=-24.7413 reward=0.9010 human=0.9925 length=0.9082 step_time=7.8s eta=0.3h
[Step 352/500] loss=-6.3906 reward=0.9341 human=0.9914 length=0.9424 step_time=4.6s eta=0.3h
[Step 353/500] loss=-4.4539 reward=0.8564 human=0.9965 length=0.8596 step_time=7.9s eta=0.3h
[Step 354/500] loss=-3.1169 reward=0.8536 human=0.9903 length=0.8619 step_time=4.8s eta=0.3h
[Step 355/500] loss=-2.7643 reward=0.6889 human=0.7461 length=0.9273 step_time=4.6s eta=0.3h
[Step 356/500] loss=-12.4089 reward=0.9360 human=0.9919 length=0.9436 step_time=7.8s eta=0.3h
[Step 357/500] loss=-5.3816 reward=0.8342 human=0.9857 length=0.8467 step_time=4.6s eta=0.3h
[Step 358/500] loss=7.4018 reward=0.7822 human=0.9901 length=0.7900 step_time=7.8s eta=0.3h
[Step 359/500] loss=4.4496 reward=0.9400 human=0.9947 length=0.9451 step_time=4.6s eta=0.3h
[Step 360/500] loss=0.0350 reward=0.8900 human=0.9944 length=0.8949 step_time=4.8s eta=0.3h
[Step 361/500] loss=10.0595 reward=0.9210 human=0.9905 length=0.9300 step_time=7.8s eta=0.3h
[Step 362/500] loss=0.3361 reward=0.6180 human=0.9971 length=0.6200 step_time=7.8s eta=0.2h
[Step 363/500] loss=29.1755 reward=0.4809 human=0.5142 length=0.8975 step_time=7.8s eta=0.2h
[Step 364/500] loss=8.1355 reward=0.6768 human=0.9949 length=0.6800 step_time=7.8s eta=0.2h
[Step 365/500] loss=32.5224 reward=0.7921 human=0.9908 length=0.8000 step_time=8.0s eta=0.2h
[Step 366/500] loss=11.9876 reward=0.7028 human=0.9873 length=0.7125 step_time=7.8s eta=0.2h
[Step 367/500] loss=33.5259 reward=0.8560 human=0.9952 length=0.8600 step_time=7.8s eta=0.2h
[Step 368/500] loss=3.2552 reward=0.8434 human=0.9893 length=0.8525 step_time=7.8s eta=0.2h
[Step 369/500] loss=7.1855 reward=0.6357 human=0.7416 length=0.8275 step_time=7.8s eta=0.2h
[Step 370/500] loss=15.6837 reward=0.8003 human=0.9913 length=0.8075 step_time=7.8s eta=0.2h
[Step 371/500] loss=5.7159 reward=0.8932 human=0.9866 length=0.9051 step_time=4.8s eta=0.2h
[Step 372/500] loss=3.2688 reward=0.6548 human=0.9921 length=0.6600 step_time=4.6s eta=0.2h
[Step 373/500] loss=-1.1884 reward=0.8781 human=0.9512 length=0.9233 step_time=4.6s eta=0.2h
[Step 374/500] loss=1.7248 reward=0.8493 human=0.9933 length=0.8550 step_time=4.6s eta=0.2h
[Step 375/500] loss=-1.2516 reward=0.7944 human=0.9931 length=0.8000 step_time=7.8s eta=0.2h
[Step 376/500] loss=-8.1836 reward=0.7167 human=0.7438 length=0.9552 step_time=8.0s eta=0.2h
[Step 377/500] loss=-14.7991 reward=0.8857 human=0.9363 length=0.9469 step_time=4.6s eta=0.2h
[Step 378/500] loss=9.3385 reward=0.7048 human=0.7506 length=0.9227 step_time=7.8s eta=0.2h
[Step 379/500] loss=3.5707 reward=0.8259 human=0.9864 length=0.8373 step_time=4.6s eta=0.2h
[Step 380/500] loss=1.0992 reward=0.4511 human=0.4849 length=0.9451 step_time=7.9s eta=0.2h
[Step 381/500] loss=6.5444 reward=0.9253 human=0.9855 length=0.9390 step_time=4.6s eta=0.2h
[Step 382/500] loss=16.9177 reward=0.8766 human=0.9899 length=0.8850 step_time=8.1s eta=0.2h
[Step 383/500] loss=-5.7058 reward=0.9388 human=0.9831 length=0.9552 step_time=7.9s eta=0.2h
[Step 384/500] loss=0.4773 reward=0.7486 human=0.9816 length=0.7625 step_time=7.9s eta=0.2h
[Step 385/500] loss=6.2516 reward=0.9166 human=0.9878 length=0.9279 step_time=7.9s eta=0.2h
[Step 386/500] loss=8.5299 reward=0.9402 human=0.9946 length=0.9452 step_time=7.9s eta=0.2h
[Step 387/500] loss=19.7330 reward=0.9064 human=0.9855 length=0.9200 step_time=8.1s eta=0.2h
[Step 388/500] loss=-14.1969 reward=0.8544 human=0.9853 length=0.8669 step_time=7.9s eta=0.2h
[Step 389/500] loss=-0.0955 reward=0.8857 human=0.9836 length=0.9001 step_time=4.7s eta=0.2h
[Step 390/500] loss=-10.1039 reward=0.8595 human=0.9927 length=0.8653 step_time=4.7s eta=0.2h
[Step 391/500] loss=12.4610 reward=0.8641 human=0.9868 length=0.8755 step_time=7.9s eta=0.2h
[Step 392/500] loss=7.7478 reward=0.6761 human=0.7195 length=0.9497 step_time=4.7s eta=0.2h
[Step 393/500] loss=-25.6714 reward=0.9285 human=0.9908 length=0.9371 step_time=8.1s eta=0.2h
[Step 394/500] loss=4.7540 reward=0.7117 human=0.8828 length=0.8127 step_time=4.7s eta=0.2h
[Step 395/500] loss=13.7162 reward=0.5629 human=0.6458 length=0.8700 step_time=7.9s eta=0.2h
[Step 396/500] loss=-0.7289 reward=0.8531 human=0.9762 length=0.8754 step_time=7.9s eta=0.2h
[Step 397/500] loss=-11.3645 reward=0.9208 human=0.9908 length=0.9293 step_time=7.9s eta=0.2h
[Step 398/500] loss=1.1690 reward=0.9125 human=0.9903 length=0.9218 step_time=4.9s eta=0.2h
[Step 399/500] loss=7.8160 reward=0.8847 human=0.9910 length=0.8928 step_time=7.9s eta=0.2h
Writing model shards:   0%|          | 0/1 [00:00<?, ?it/s]Writing model shards: 100%|██████████| 1/1 [00:04<00:00,  4.38s/it]Writing model shards: 100%|██████████| 1/1 [00:04<00:00,  4.38s/it]
Saved checkpoint: /home/dsi/eli-bogdanov/ai-detector-from-scratch/results/grpo-human-baseline/seed-replication/seed44-bfloat16/checkpoints/step-00400
[Step 400/500] loss=-1.7573 reward=0.9434 human=0.9910 length=0.9519 step_time=4.7s eta=0.2h
[Step 401/500] loss=2.8990 reward=0.8662 human=0.9772 length=0.8864 step_time=4.7s eta=0.2h
[Step 402/500] loss=10.3351 reward=0.4659 human=0.4880 length=0.8521 step_time=7.9s eta=0.2h
[Step 403/500] loss=11.8298 reward=0.6330 human=0.7391 length=0.8717 step_time=7.9s eta=0.2h
[Step 404/500] loss=7.0355 reward=0.6832 human=0.7586 length=0.9147 step_time=4.6s eta=0.2h
[Step 405/500] loss=1.2389 reward=0.9028 human=0.9856 length=0.9162 step_time=4.9s eta=0.2h
[Step 406/500] loss=6.9124 reward=0.9465 human=0.9935 length=0.9525 step_time=7.9s eta=0.2h
[Step 407/500] loss=6.1305 reward=0.9309 human=0.9852 length=0.9450 step_time=7.9s eta=0.2h
[Step 408/500] loss=-1.9031 reward=0.8683 human=0.9926 length=0.8749 step_time=4.7s eta=0.2h
[Step 409/500] loss=-5.9708 reward=0.8518 human=0.9877 length=0.8625 step_time=4.7s eta=0.2h
[Step 410/500] loss=-1.5983 reward=0.9483 human=0.9880 length=0.9600 step_time=4.8s eta=0.2h
[Step 411/500] loss=4.0702 reward=0.9301 human=0.9920 length=0.9377 step_time=7.9s eta=0.2h
[Step 412/500] loss=16.2228 reward=0.8883 human=0.9950 length=0.8929 step_time=7.9s eta=0.2h
[Step 413/500] loss=-0.0193 reward=0.9130 human=0.9860 length=0.9259 step_time=4.7s eta=0.2h
[Step 414/500] loss=19.7406 reward=0.8007 human=0.9858 length=0.8125 step_time=7.9s eta=0.2h
[Step 415/500] loss=0.6388 reward=0.7308 human=0.9881 length=0.7400 step_time=4.6s eta=0.2h
[Step 416/500] loss=-13.9129 reward=0.8505 human=0.9920 length=0.8572 step_time=4.9s eta=0.2h
[Step 417/500] loss=5.3200 reward=0.9235 human=0.9823 length=0.9400 step_time=4.7s eta=0.2h
[Step 418/500] loss=0.0000 reward=0.0000 human=0.0000 length=0.9304 step_time=7.0s eta=0.1h
[Step 419/500] loss=-3.6166 reward=0.6960 human=0.7469 length=0.9484 step_time=4.7s eta=0.1h
[Step 420/500] loss=-10.0594 reward=0.8715 human=0.9949 length=0.8762 step_time=4.6s eta=0.1h
[Step 421/500] loss=-2.0967 reward=0.8869 human=0.9852 length=0.9004 step_time=4.7s eta=0.1h
[Step 422/500] loss=25.4978 reward=0.8496 human=0.9883 length=0.8602 step_time=7.8s eta=0.1h
[Step 423/500] loss=3.9543 reward=0.6942 human=0.7573 length=0.9111 step_time=8.1s eta=0.1h
[Step 424/500] loss=-5.3020 reward=0.9059 human=0.9750 length=0.9283 step_time=7.9s eta=0.1h
[Step 425/500] loss=6.2515 reward=0.4677 human=0.5028 length=0.9251 step_time=4.6s eta=0.1h
[Step 426/500] loss=5.9949 reward=0.8945 human=0.9786 length=0.9141 step_time=4.6s eta=0.1h
[Step 427/500] loss=-1.3825 reward=0.5413 human=0.7349 length=0.7500 step_time=7.9s eta=0.1h
[Step 428/500] loss=10.8267 reward=0.6199 human=0.7308 length=0.8800 step_time=4.8s eta=0.1h
[Step 429/500] loss=-1.1638 reward=0.9598 human=0.9891 length=0.9704 step_time=7.8s eta=0.1h
[Step 430/500] loss=-16.4384 reward=0.8629 human=0.9261 length=0.9293 step_time=7.8s eta=0.1h
[Step 431/500] loss=5.7102 reward=0.8125 human=0.9861 length=0.8250 step_time=4.6s eta=0.1h
[Step 432/500] loss=-19.1832 reward=0.8455 human=0.9740 length=0.8672 step_time=4.6s eta=0.1h
[Step 433/500] loss=-25.6272 reward=0.8299 human=0.9893 length=0.8386 step_time=8.0s eta=0.1h
[Step 434/500] loss=0.1089 reward=0.7015 human=0.7397 length=0.9385 step_time=4.6s eta=0.1h
[Step 435/500] loss=-4.0140 reward=0.8837 human=0.9812 length=0.9005 step_time=4.6s eta=0.1h
[Step 436/500] loss=4.8876 reward=0.9129 human=0.9943 length=0.9184 step_time=7.8s eta=0.1h
[Step 437/500] loss=10.8376 reward=0.8966 human=0.9936 length=0.9025 step_time=7.8s eta=0.1h
[Step 438/500] loss=-5.0989 reward=0.9376 human=0.9601 length=0.9760 step_time=4.6s eta=0.1h
[Step 439/500] loss=7.7882 reward=0.7297 human=0.8318 length=0.8822 step_time=4.8s eta=0.1h
[Step 440/500] loss=32.0649 reward=0.7338 human=0.9940 length=0.7379 step_time=7.9s eta=0.1h
[Step 441/500] loss=-2.6665 reward=0.8286 human=0.9815 length=0.8450 step_time=7.9s eta=0.1h
[Step 442/500] loss=-2.1802 reward=0.6077 human=0.7464 length=0.8419 step_time=4.6s eta=0.1h
[Step 443/500] loss=-18.9369 reward=0.6171 human=0.6996 length=0.8578 step_time=7.9s eta=0.1h
[Step 444/500] loss=-2.6035 reward=0.8427 human=0.9879 length=0.8529 step_time=4.6s eta=0.1h
[Step 445/500] loss=-8.2500 reward=0.8938 human=0.9826 length=0.9096 step_time=4.9s eta=0.1h
[Step 446/500] loss=3.2201 reward=0.9456 human=0.9923 length=0.9529 step_time=7.9s eta=0.1h
[Step 447/500] loss=1.6499 reward=0.8948 human=0.9930 length=0.9012 step_time=4.6s eta=0.1h
[Step 448/500] loss=12.4126 reward=0.6458 human=0.7261 length=0.8562 step_time=7.9s eta=0.1h
[Step 449/500] loss=-8.2700 reward=0.7599 human=0.9816 length=0.7742 step_time=4.6s eta=0.1h
[Step 450/500] loss=2.0807 reward=0.9133 human=0.9847 length=0.9273 step_time=4.6s eta=0.1h
[Step 451/500] loss=-11.4168 reward=0.2253 human=0.2549 length=0.9441 step_time=8.1s eta=0.1h
[Step 452/500] loss=10.1940 reward=0.8579 human=0.9824 length=0.8741 step_time=4.6s eta=0.1h
[Step 453/500] loss=6.2679 reward=0.4840 human=0.5344 length=0.8780 step_time=4.6s eta=0.1h
[Step 454/500] loss=-16.8136 reward=0.7978 human=0.8776 length=0.9046 step_time=7.9s eta=0.1h
[Step 455/500] loss=-9.6487 reward=0.8784 human=0.9839 length=0.8927 step_time=7.9s eta=0.1h
[Step 456/500] loss=-0.7789 reward=0.8454 human=0.9813 length=0.8614 step_time=4.9s eta=0.1h
[Step 457/500] loss=15.1722 reward=0.8631 human=0.9453 length=0.9144 step_time=7.9s eta=0.1h
[Step 458/500] loss=-7.1153 reward=0.9204 human=0.9896 length=0.9299 step_time=4.6s eta=0.1h
[Step 459/500] loss=-14.9878 reward=0.9248 human=0.9942 length=0.9302 step_time=7.9s eta=0.1h
[Step 460/500] loss=27.3696 reward=0.7958 human=0.9887 length=0.8058 step_time=7.9s eta=0.1h
[Step 461/500] loss=3.4347 reward=0.6337 human=0.7585 length=0.8552 step_time=7.9s eta=0.1h
[Step 462/500] loss=-3.7710 reward=0.9355 human=0.9943 length=0.9408 step_time=8.1s eta=0.1h
[Step 463/500] loss=-9.8621 reward=0.6524 human=0.7723 length=0.8708 step_time=7.9s eta=0.1h
[Step 464/500] loss=-17.2843 reward=0.7440 human=0.9484 length=0.7886 step_time=7.8s eta=0.1h
[Step 465/500] loss=-11.3826 reward=0.7313 human=0.9833 length=0.7450 step_time=7.8s eta=0.1h
[Step 466/500] loss=-5.6332 reward=0.6287 human=0.7419 length=0.8697 step_time=7.8s eta=0.1h
[Step 467/500] loss=0.9229 reward=0.8521 human=0.9957 length=0.8557 step_time=7.8s eta=0.1h
[Step 468/500] loss=4.2085 reward=0.4704 human=0.4980 length=0.8790 step_time=4.8s eta=0.1h
[Step 469/500] loss=-2.2907 reward=0.6463 human=0.7482 length=0.8143 step_time=4.6s eta=0.1h
[Step 470/500] loss=7.0333 reward=0.9095 human=0.9837 length=0.9246 step_time=4.6s eta=0.1h
[Step 471/500] loss=0.6020 reward=0.7233 human=0.8453 length=0.8483 step_time=4.6s eta=0.1h
[Step 472/500] loss=-1.8782 reward=0.9695 human=0.9935 length=0.9759 step_time=4.6s eta=0.1h
[Step 473/500] loss=32.4827 reward=0.8931 human=0.9965 length=0.8962 step_time=8.0s eta=0.0h
[Step 474/500] loss=-8.6841 reward=0.3797 human=0.4998 length=0.8323 step_time=4.6s eta=0.0h
[Step 475/500] loss=-9.8240 reward=0.8016 human=0.9909 length=0.8084 step_time=4.6s eta=0.0h
[Step 476/500] loss=2.1949 reward=0.8421 human=0.9841 length=0.8553 step_time=4.6s eta=0.0h
[Step 477/500] loss=-21.2147 reward=0.6464 human=0.7669 length=0.8661 step_time=7.8s eta=0.0h
[Step 478/500] loss=12.7743 reward=0.8457 human=0.9559 length=0.8849 step_time=7.9s eta=0.0h
[Step 479/500] loss=16.8838 reward=0.7446 human=0.8973 length=0.8405 step_time=4.9s eta=0.0h
[Step 480/500] loss=-12.3205 reward=0.7119 human=0.7468 length=0.9531 step_time=7.9s eta=0.0h
[Step 481/500] loss=15.8368 reward=0.9027 human=0.9965 length=0.9059 step_time=7.9s eta=0.0h
[Step 482/500] loss=5.5237 reward=0.5300 human=0.7380 length=0.7709 step_time=7.9s eta=0.0h
[Step 483/500] loss=0.2537 reward=0.8159 human=0.9902 length=0.8241 step_time=4.6s eta=0.0h
[Step 484/500] loss=-0.7295 reward=0.7976 human=0.9764 length=0.8166 step_time=4.6s eta=0.0h
[Step 485/500] loss=-10.0466 reward=0.6554 human=0.7551 length=0.8927 step_time=8.1s eta=0.0h
[Step 486/500] loss=-10.3518 reward=0.8287 human=0.9914 length=0.8362 step_time=4.7s eta=0.0h
[Step 487/500] loss=0.2728 reward=0.8360 human=0.9851 length=0.8489 step_time=7.9s eta=0.0h
[Step 488/500] loss=15.4068 reward=0.8688 human=0.9930 length=0.8750 step_time=7.9s eta=0.0h
[Step 489/500] loss=1.9753 reward=0.6965 human=0.7452 length=0.9345 step_time=7.9s eta=0.0h
[Step 490/500] loss=23.0332 reward=0.8063 human=0.9492 length=0.8512 step_time=7.9s eta=0.0h
[Step 491/500] loss=-8.4058 reward=0.8939 human=0.9924 length=0.9008 step_time=4.9s eta=0.0h
[Step 492/500] loss=0.8585 reward=0.4681 human=0.5562 length=0.8686 step_time=7.9s eta=0.0h
[Step 493/500] loss=4.4049 reward=0.8544 human=0.9922 length=0.8609 step_time=4.7s eta=0.0h
[Step 494/500] loss=-11.8851 reward=0.8629 human=0.9774 length=0.8826 step_time=4.6s eta=0.0h
[Step 495/500] loss=13.6933 reward=0.8916 human=0.9945 length=0.8967 step_time=4.7s eta=0.0h
[Step 496/500] loss=13.5354 reward=0.8209 human=0.9854 length=0.8326 step_time=4.9s eta=0.0h
[Step 497/500] loss=-5.1929 reward=0.8925 human=0.9901 length=0.9016 step_time=4.7s eta=0.0h
[Step 498/500] loss=14.0388 reward=0.8649 human=0.9941 length=0.8702 step_time=7.9s eta=0.0h
[Step 499/500] loss=-4.3852 reward=0.8759 human=0.9874 length=0.8865 step_time=4.6s eta=0.0h
Writing model shards:   0%|          | 0/1 [00:00<?, ?it/s]Writing model shards: 100%|██████████| 1/1 [00:04<00:00,  4.26s/it]Writing model shards: 100%|██████████| 1/1 [00:04<00:00,  4.26s/it]
Saved checkpoint: /home/dsi/eli-bogdanov/ai-detector-from-scratch/results/grpo-human-baseline/seed-replication/seed44-bfloat16/checkpoints/step-00500
[Step 500/500] loss=2.4071 reward=0.8488 human=0.9967 length=0.8515 step_time=7.9s eta=-0.0h
Writing model shards:   0%|          | 0/1 [00:00<?, ?it/s]Writing model shards: 100%|██████████| 1/1 [00:04<00:00,  4.54s/it]Writing model shards: 100%|██████████| 1/1 [00:04<00:00,  4.54s/it]
Saved final model: /home/dsi/eli-bogdanov/ai-detector-from-scratch/results/grpo-human-baseline/seed-replication/seed44-bfloat16/checkpoints/step-00500-final
Max CUDA memory allocated: 6.69 GB
EXIT=0
