Warning: You are sending unauthenticated requests to the HF Hub. Please set a HF_TOKEN to enable higher rate limits and faster downloads.
Loading weights:   0%|          | 0/311 [00:00<?, ?it/s]Loading weights: 100%|██████████| 311/311 [00:00<00:00, 6486.63it/s]
Loading weights:   0%|          | 0/310 [00:00<?, ?it/s]Loading weights:  71%|███████▏  | 221/310 [00:00<00:00, 2196.88it/s]Loading weights: 100%|██████████| 310/310 [00:00<00:00, 2271.29it/s]
Run dir: /home/dsi/eli-bogdanov/ai-detector-from-scratch/results/grpo-human-baseline/seed-replication/seed44-float32
Policy dtype: torch.float32  device: cuda
Verifier dtype: torch.bfloat16
Prompts after filter: 1781 (targets [50, 100])
[Step 1/500] loss=17.2902 reward=0.3007 human=0.3455 length=0.6704 step_time=7.1s eta=1.0h
[Step 2/500] loss=4.6297 reward=0.4679 human=0.7008 length=0.6628 step_time=4.2s eta=0.8h
[Step 3/500] loss=5.0537 reward=0.5228 human=0.7439 length=0.7043 step_time=7.0s eta=0.9h
[Step 4/500] loss=-8.8529 reward=0.0013 human=0.0020 length=0.7234 step_time=6.9s eta=0.9h
[Step 5/500] loss=6.9258 reward=0.1976 human=0.2855 length=0.7070 step_time=7.0s eta=0.9h
[Step 6/500] loss=-1.4308 reward=0.4357 human=0.7220 length=0.6113 step_time=4.5s eta=0.9h
[Step 7/500] loss=-7.3792 reward=0.6256 human=0.9913 length=0.6312 step_time=7.0s eta=0.9h
[Step 8/500] loss=18.0772 reward=0.5119 human=0.7400 length=0.6864 step_time=7.0s eta=0.9h
[Step 9/500] loss=-5.1989 reward=0.3433 human=0.5076 length=0.6865 step_time=7.0s eta=0.9h
[Step 10/500] loss=-13.1923 reward=0.5710 human=0.9987 length=0.5717 step_time=4.2s eta=0.9h
[Step 11/500] loss=-5.8757 reward=0.5896 human=0.8760 length=0.6703 step_time=6.9s eta=0.9h
[Step 12/500] loss=21.5079 reward=0.6177 human=0.9737 length=0.6344 step_time=4.6s eta=0.9h
[Step 13/500] loss=19.6279 reward=0.6519 human=0.9977 length=0.6534 step_time=7.0s eta=0.9h
[Step 14/500] loss=-11.3195 reward=0.6053 human=0.9978 length=0.6066 step_time=4.2s eta=0.8h
[Step 15/500] loss=18.4814 reward=0.5756 human=0.8184 length=0.7080 step_time=7.0s eta=0.8h
[Step 16/500] loss=-1.9321 reward=0.5896 human=0.9991 length=0.5901 step_time=4.2s eta=0.8h
[Step 17/500] loss=-6.1165 reward=0.6067 human=0.9978 length=0.6081 step_time=4.2s eta=0.8h
[Step 18/500] loss=-2.0293 reward=0.6372 human=0.9987 length=0.6381 step_time=7.3s eta=0.8h
[Step 19/500] loss=-16.7111 reward=0.6716 human=0.9985 length=0.6726 step_time=7.0s eta=0.8h
[Step 20/500] loss=4.6073 reward=0.7679 human=0.9982 length=0.7692 step_time=4.2s eta=0.8h
[Step 21/500] loss=-4.9832 reward=0.6511 human=0.9980 length=0.6525 step_time=4.2s eta=0.8h
[Step 22/500] loss=27.8597 reward=0.7081 human=0.9977 length=0.7097 step_time=7.0s eta=0.8h
[Step 23/500] loss=-41.4655 reward=0.6524 human=0.9977 length=0.6540 step_time=7.2s eta=0.8h
[Step 24/500] loss=-1.2319 reward=0.5858 human=0.9958 length=0.5883 step_time=4.2s eta=0.8h
[Step 25/500] loss=1.6962 reward=0.5938 human=0.9989 length=0.5945 step_time=4.2s eta=0.8h
[Step 26/500] loss=35.6606 reward=0.6761 human=0.9995 length=0.6765 step_time=7.0s eta=0.8h
[Step 27/500] loss=-5.9619 reward=0.6655 human=0.9996 length=0.6658 step_time=7.0s eta=0.8h
[Step 28/500] loss=-11.2556 reward=0.6334 human=0.9994 length=0.6338 step_time=4.2s eta=0.8h
[Step 29/500] loss=-8.0195 reward=0.7391 human=0.9984 length=0.7403 step_time=4.4s eta=0.8h
[Step 30/500] loss=-11.6906 reward=0.6566 human=0.9996 length=0.6569 step_time=7.0s eta=0.8h
[Step 31/500] loss=-21.2835 reward=0.6837 human=0.9994 length=0.6841 step_time=6.9s eta=0.8h
[Step 32/500] loss=3.5740 reward=0.6155 human=0.9993 length=0.6160 step_time=4.2s eta=0.8h
[Step 33/500] loss=1.5559 reward=0.7834 human=0.9994 length=0.7839 step_time=6.9s eta=0.8h
[Step 34/500] loss=18.3002 reward=0.7284 human=0.9996 length=0.7287 step_time=6.9s eta=0.8h
[Step 35/500] loss=-12.1639 reward=0.6236 human=0.9985 length=0.6246 step_time=4.4s eta=0.8h
[Step 36/500] loss=0.2590 reward=0.6390 human=0.9975 length=0.6405 step_time=4.1s eta=0.8h
[Step 37/500] loss=-19.8814 reward=0.7555 human=0.9989 length=0.7564 step_time=4.2s eta=0.8h
[Step 38/500] loss=-5.9186 reward=0.6983 human=0.9995 length=0.6986 step_time=7.0s eta=0.8h
[Step 39/500] loss=-8.2059 reward=0.7818 human=0.9984 length=0.7831 step_time=7.0s eta=0.8h
[Step 40/500] loss=-10.7598 reward=0.7130 human=0.9992 length=0.7136 step_time=4.4s eta=0.8h
[Step 41/500] loss=-10.8521 reward=0.7754 human=0.9992 length=0.7761 step_time=6.9s eta=0.8h
[Step 42/500] loss=1.7344 reward=0.8249 human=0.9994 length=0.8254 step_time=7.0s eta=0.8h
[Step 43/500] loss=-12.9596 reward=0.6980 human=0.9939 length=0.7023 step_time=4.2s eta=0.8h
[Step 44/500] loss=0.9876 reward=0.7939 human=0.9984 length=0.7951 step_time=4.2s eta=0.8h
[Step 45/500] loss=-38.6459 reward=0.8244 human=0.9995 length=0.8249 step_time=7.0s eta=0.8h
[Step 46/500] loss=-5.5471 reward=0.7470 human=0.9974 length=0.7489 step_time=4.4s eta=0.8h
[Step 47/500] loss=-0.8082 reward=0.8436 human=0.9994 length=0.8441 step_time=6.9s eta=0.8h
[Step 48/500] loss=54.3552 reward=0.7588 human=0.9991 length=0.7595 step_time=6.9s eta=0.8h
[Step 49/500] loss=-0.5506 reward=0.8596 human=0.9987 length=0.8608 step_time=4.2s eta=0.7h
[Step 50/500] loss=-16.7869 reward=0.8145 human=0.9994 length=0.8150 step_time=6.9s eta=0.7h
[Step 51/500] loss=9.9927 reward=0.8886 human=0.9994 length=0.8891 step_time=7.0s eta=0.7h
[Step 52/500] loss=-0.2130 reward=0.7768 human=0.9994 length=0.7773 step_time=7.2s eta=0.8h
[Step 53/500] loss=-22.2618 reward=0.7570 human=0.9976 length=0.7589 step_time=4.2s eta=0.7h
[Step 54/500] loss=-10.6590 reward=0.8872 human=0.9995 length=0.8877 step_time=6.9s eta=0.7h
[Step 55/500] loss=-18.4439 reward=0.9264 human=0.9994 length=0.9269 step_time=6.9s eta=0.7h
[Step 56/500] loss=-9.5533 reward=0.9024 human=0.9980 length=0.9043 step_time=4.2s eta=0.7h
[Step 57/500] loss=11.3107 reward=0.8933 human=0.9991 length=0.8941 step_time=7.2s eta=0.7h
[Step 58/500] loss=-69.2179 reward=0.8454 human=0.9996 length=0.8458 step_time=7.0s eta=0.7h
[Step 59/500] loss=27.3156 reward=0.8470 human=0.9994 length=0.8475 step_time=7.0s eta=0.7h
[Step 60/500] loss=24.4418 reward=0.8059 human=0.9992 length=0.8065 step_time=6.9s eta=0.7h
[Step 61/500] loss=-12.9161 reward=0.8764 human=0.9981 length=0.8781 step_time=4.2s eta=0.7h
[Step 62/500] loss=11.5611 reward=0.8436 human=0.9988 length=0.8446 step_time=4.1s eta=0.7h
[Step 63/500] loss=-11.3456 reward=0.8715 human=0.9990 length=0.8724 step_time=4.4s eta=0.7h
[Step 64/500] loss=-15.0646 reward=0.9033 human=0.9989 length=0.9043 step_time=4.2s eta=0.7h
[Step 65/500] loss=-14.1779 reward=0.8155 human=0.9982 length=0.8170 step_time=4.2s eta=0.7h
[Step 66/500] loss=-9.7834 reward=0.8544 human=0.9993 length=0.8550 step_time=7.0s eta=0.7h
[Step 67/500] loss=-0.7423 reward=0.9626 human=0.9994 length=0.9633 step_time=7.0s eta=0.7h
[Step 68/500] loss=-4.8035 reward=0.8506 human=0.9990 length=0.8515 step_time=4.4s eta=0.7h
[Step 69/500] loss=4.1736 reward=0.8136 human=0.9983 length=0.8150 step_time=4.2s eta=0.7h
[Step 70/500] loss=6.2346 reward=0.8775 human=0.9989 length=0.8785 step_time=4.2s eta=0.7h
[Step 71/500] loss=2.3028 reward=0.9199 human=0.9988 length=0.9209 step_time=4.2s eta=0.7h
[Step 72/500] loss=4.2764 reward=0.8856 human=0.9993 length=0.8862 step_time=6.9s eta=0.7h
[Step 73/500] loss=-2.9722 reward=0.8332 human=0.9990 length=0.8340 step_time=4.2s eta=0.7h
[Step 74/500] loss=10.5167 reward=0.9394 human=0.9993 length=0.9400 step_time=7.2s eta=0.7h
[Step 75/500] loss=4.8010 reward=0.9211 human=0.9987 length=0.9224 step_time=4.2s eta=0.7h
[Step 76/500] loss=-0.1304 reward=0.8741 human=0.9991 length=0.8749 step_time=4.2s eta=0.7h
[Step 77/500] loss=-3.0900 reward=0.8948 human=0.9992 length=0.8956 step_time=6.9s eta=0.7h
[Step 78/500] loss=5.7708 reward=0.8435 human=0.9992 length=0.8441 step_time=6.9s eta=0.7h
[Step 79/500] loss=-6.8730 reward=0.7531 human=0.9989 length=0.7539 step_time=4.1s eta=0.7h
[Step 80/500] loss=-1.1211 reward=0.7740 human=0.9992 length=0.7746 step_time=4.4s eta=0.7h
[Step 81/500] loss=-1.9218 reward=0.8768 human=0.9992 length=0.8776 step_time=4.1s eta=0.7h
[Step 82/500] loss=11.4474 reward=0.9095 human=0.9989 length=0.9105 step_time=4.1s eta=0.7h
[Step 83/500] loss=3.8191 reward=0.8058 human=0.9990 length=0.8066 step_time=4.1s eta=0.7h
[Step 84/500] loss=-4.0160 reward=0.8491 human=0.9990 length=0.8500 step_time=7.0s eta=0.7h
[Step 85/500] loss=-4.9477 reward=0.8842 human=0.9992 length=0.8850 step_time=4.2s eta=0.7h
[Step 86/500] loss=-36.4522 reward=0.9248 human=0.9991 length=0.9256 step_time=4.4s eta=0.7h
[Step 87/500] loss=-9.3656 reward=0.6468 human=0.9989 length=0.6475 step_time=6.9s eta=0.7h
[Step 88/500] loss=-13.8513 reward=0.8485 human=0.9984 length=0.8498 step_time=4.2s eta=0.7h
[Step 89/500] loss=2.9756 reward=0.7513 human=0.9993 length=0.7519 step_time=6.9s eta=0.7h
[Step 90/500] loss=9.2431 reward=0.7740 human=0.9986 length=0.7750 step_time=6.9s eta=0.7h
[Step 91/500] loss=3.2422 reward=0.9507 human=0.9991 length=0.9515 step_time=7.1s eta=0.7h
[Step 92/500] loss=3.9189 reward=0.8567 human=0.9991 length=0.8575 step_time=6.9s eta=0.7h
[Step 93/500] loss=-1.9160 reward=0.8701 human=0.9988 length=0.8712 step_time=4.1s eta=0.7h
[Step 94/500] loss=-16.4365 reward=0.8571 human=0.9989 length=0.8580 step_time=4.1s eta=0.7h
[Step 95/500] loss=-5.6947 reward=0.8766 human=0.9981 length=0.8783 step_time=4.1s eta=0.7h
[Step 96/500] loss=-4.6628 reward=0.9613 human=0.9990 length=0.9623 step_time=4.1s eta=0.7h
[Step 97/500] loss=-1.0848 reward=0.8917 human=0.9990 length=0.8926 step_time=4.4s eta=0.6h
[Step 98/500] loss=1.1541 reward=0.9415 human=0.9992 length=0.9423 step_time=6.9s eta=0.6h
[Step 99/500] loss=3.0265 reward=0.9056 human=0.9990 length=0.9065 step_time=4.1s eta=0.6h
Writing model shards:   0%|          | 0/1 [00:00<?, ?it/s]Writing model shards: 100%|██████████| 1/1 [00:07<00:00,  7.71s/it]Writing model shards: 100%|██████████| 1/1 [00:07<00:00,  7.71s/it]
Saved checkpoint: /home/dsi/eli-bogdanov/ai-detector-from-scratch/results/grpo-human-baseline/seed-replication/seed44-float32/checkpoints/step-00100
[Step 100/500] loss=15.4397 reward=0.8350 human=0.9985 length=0.8363 step_time=4.1s eta=0.7h
[Step 101/500] loss=-10.5040 reward=0.9310 human=0.9993 length=0.9316 step_time=6.9s eta=0.7h
[Step 102/500] loss=-2.6718 reward=0.9108 human=0.9994 length=0.9113 step_time=7.2s eta=0.7h
[Step 103/500] loss=22.9287 reward=0.7870 human=0.9993 length=0.7875 step_time=6.9s eta=0.7h
[Step 104/500] loss=-1.1374 reward=0.8269 human=0.9992 length=0.8275 step_time=6.9s eta=0.7h
[Step 105/500] loss=52.5049 reward=0.8638 human=0.9994 length=0.8643 step_time=7.0s eta=0.6h
[Step 106/500] loss=-24.2050 reward=0.8877 human=0.9993 length=0.8883 step_time=6.9s eta=0.6h
[Step 107/500] loss=-3.0888 reward=0.9523 human=0.9994 length=0.9529 step_time=7.2s eta=0.6h
[Step 108/500] loss=-20.4761 reward=0.8335 human=0.9982 length=0.8350 step_time=4.2s eta=0.6h
[Step 109/500] loss=-33.8564 reward=0.8956 human=0.9987 length=0.8968 step_time=4.2s eta=0.6h
[Step 110/500] loss=-6.4213 reward=0.9081 human=0.9991 length=0.9090 step_time=6.9s eta=0.6h
[Step 111/500] loss=1.9121 reward=0.9322 human=0.9993 length=0.9329 step_time=6.9s eta=0.6h
[Step 112/500] loss=42.0015 reward=0.7896 human=0.9992 length=0.7902 step_time=7.2s eta=0.6h
[Step 113/500] loss=15.5202 reward=0.9565 human=0.9988 length=0.9577 step_time=4.1s eta=0.6h
[Step 114/500] loss=11.8271 reward=0.9060 human=0.9993 length=0.9066 step_time=6.9s eta=0.6h
[Step 115/500] loss=-29.5599 reward=0.7584 human=0.9988 length=0.7594 step_time=4.2s eta=0.6h
[Step 116/500] loss=-11.4951 reward=0.8541 human=0.9993 length=0.8547 step_time=4.2s eta=0.6h
[Step 117/500] loss=10.4557 reward=0.8329 human=0.9985 length=0.8342 step_time=4.1s eta=0.6h
[Step 118/500] loss=-7.0464 reward=0.7819 human=0.9986 length=0.7830 step_time=4.4s eta=0.6h
[Step 119/500] loss=35.0858 reward=0.9062 human=0.9989 length=0.9072 step_time=7.0s eta=0.6h
[Step 120/500] loss=10.2672 reward=0.8268 human=0.9992 length=0.8275 step_time=6.9s eta=0.6h
[Step 121/500] loss=10.7933 reward=0.9540 human=0.9988 length=0.9551 step_time=4.2s eta=0.6h
[Step 122/500] loss=-4.7765 reward=0.9123 human=0.9990 length=0.9133 step_time=7.0s eta=0.6h
[Step 123/500] loss=-19.8708 reward=0.8115 human=0.9988 length=0.8125 step_time=4.2s eta=0.6h
[Step 124/500] loss=3.2156 reward=0.8595 human=0.9992 length=0.8602 step_time=7.2s eta=0.6h
[Step 125/500] loss=0.0023 reward=0.8459 human=0.9990 length=0.8467 step_time=7.0s eta=0.6h
[Step 126/500] loss=7.3756 reward=0.8881 human=0.9992 length=0.8889 step_time=7.0s eta=0.6h
[Step 127/500] loss=20.6535 reward=0.9183 human=0.9982 length=0.9200 step_time=4.2s eta=0.6h
[Step 128/500] loss=-10.0581 reward=0.9123 human=0.9988 length=0.9134 step_time=6.9s eta=0.6h
[Step 129/500] loss=10.1231 reward=0.8490 human=0.9990 length=0.8499 step_time=7.0s eta=0.6h
[Step 130/500] loss=-12.3071 reward=0.9285 human=0.9984 length=0.9300 step_time=4.4s eta=0.6h
[Step 131/500] loss=4.5915 reward=0.8891 human=0.9987 length=0.8902 step_time=6.9s eta=0.6h
[Step 132/500] loss=12.1508 reward=0.7994 human=0.9987 length=0.8004 step_time=4.2s eta=0.6h
[Step 133/500] loss=10.3317 reward=0.8315 human=0.9992 length=0.8323 step_time=4.2s eta=0.6h
[Step 134/500] loss=10.0792 reward=0.9153 human=0.9990 length=0.9162 step_time=7.0s eta=0.6h
[Step 135/500] loss=-34.9841 reward=0.8560 human=0.9989 length=0.8569 step_time=4.4s eta=0.6h
[Step 136/500] loss=8.4735 reward=0.8794 human=0.9983 length=0.8808 step_time=4.2s eta=0.6h
[Step 137/500] loss=7.4356 reward=0.8473 human=0.9992 length=0.8479 step_time=4.2s eta=0.6h
[Step 138/500] loss=-6.6431 reward=0.8141 human=0.9991 length=0.8148 step_time=6.9s eta=0.6h
[Step 139/500] loss=16.1032 reward=0.8875 human=0.9986 length=0.8888 step_time=4.2s eta=0.6h
[Step 140/500] loss=2.4812 reward=0.6893 human=0.9990 length=0.6900 step_time=7.0s eta=0.6h
[Step 141/500] loss=-0.9612 reward=0.8690 human=0.9987 length=0.8701 step_time=7.0s eta=0.6h
[Step 142/500] loss=0.1882 reward=0.8838 human=0.9986 length=0.8850 step_time=4.4s eta=0.6h
[Step 143/500] loss=-6.3683 reward=0.8443 human=0.9992 length=0.8450 step_time=6.9s eta=0.6h
[Step 144/500] loss=2.5608 reward=0.7992 human=0.9991 length=0.8000 step_time=7.0s eta=0.6h
[Step 145/500] loss=-2.6123 reward=0.9144 human=0.9992 length=0.9151 step_time=4.2s eta=0.6h
[Step 146/500] loss=4.0293 reward=0.9174 human=0.9995 length=0.9178 step_time=4.2s eta=0.6h
[Step 147/500] loss=5.3125 reward=0.7038 human=0.9993 length=0.7043 step_time=4.4s eta=0.6h
[Step 148/500] loss=-0.3319 reward=0.9945 human=0.9994 length=0.9951 step_time=4.2s eta=0.6h
[Step 149/500] loss=-1.5660 reward=0.9387 human=0.9991 length=0.9395 step_time=4.2s eta=0.6h
[Step 150/500] loss=-18.8478 reward=0.4565 human=0.8265 length=0.5775 step_time=7.0s eta=0.6h
[Step 151/500] loss=1.7036 reward=0.9532 human=0.9985 length=0.9547 step_time=4.1s eta=0.6h
[Step 152/500] loss=1.6220 reward=0.8170 human=0.9994 length=0.8175 step_time=6.9s eta=0.6h
[Step 153/500] loss=-10.6299 reward=0.8392 human=0.9991 length=0.8400 step_time=4.4s eta=0.6h
[Step 154/500] loss=-2.5578 reward=0.7192 human=0.9990 length=0.7199 step_time=4.1s eta=0.6h
[Step 155/500] loss=-19.3456 reward=0.8817 human=0.9992 length=0.8825 step_time=6.9s eta=0.6h
[Step 156/500] loss=-3.0598 reward=0.7576 human=0.9993 length=0.7581 step_time=6.9s eta=0.6h
[Step 157/500] loss=3.8280 reward=0.9542 human=0.9991 length=0.9551 step_time=4.2s eta=0.6h
[Step 158/500] loss=-3.7973 reward=0.8842 human=0.9991 length=0.8850 step_time=6.9s eta=0.6h
[Step 159/500] loss=-1.8069 reward=0.8967 human=0.9991 length=0.8975 step_time=7.2s eta=0.6h
[Step 160/500] loss=-1.1399 reward=0.7636 human=0.9989 length=0.7644 step_time=4.1s eta=0.6h
[Step 161/500] loss=-13.3721 reward=0.8866 human=0.9989 length=0.8875 step_time=6.9s eta=0.6h
[Step 162/500] loss=17.1901 reward=0.8717 human=0.9990 length=0.8725 step_time=6.9s eta=0.6h
[Step 163/500] loss=19.6811 reward=0.9390 human=0.9989 length=0.9400 step_time=6.9s eta=0.6h
[Step 164/500] loss=-7.5623 reward=0.7765 human=0.9993 length=0.7771 step_time=7.2s eta=0.6h
[Step 165/500] loss=-0.0159 reward=0.7961 human=0.9991 length=0.7969 step_time=4.1s eta=0.5h
[Step 166/500] loss=-17.7338 reward=0.9291 human=0.9990 length=0.9300 step_time=4.1s eta=0.5h
[Step 167/500] loss=3.0739 reward=0.8943 human=0.9992 length=0.8950 step_time=6.9s eta=0.5h
[Step 168/500] loss=2.3767 reward=0.9168 human=0.9993 length=0.9175 step_time=6.9s eta=0.5h
[Step 169/500] loss=13.3332 reward=0.9170 human=0.9994 length=0.9175 step_time=6.9s eta=0.5h
[Step 170/500] loss=-0.2730 reward=0.9742 human=0.9991 length=0.9750 step_time=4.3s eta=0.5h
[Step 171/500] loss=0.6145 reward=0.8290 human=0.9995 length=0.8294 step_time=4.1s eta=0.5h
[Step 172/500] loss=-22.1508 reward=0.9296 human=0.9996 length=0.9300 step_time=4.1s eta=0.5h
[Step 173/500] loss=-13.0359 reward=0.7297 human=0.9996 length=0.7300 step_time=4.1s eta=0.5h
[Step 174/500] loss=-2.4549 reward=0.5873 human=0.9996 length=0.5875 step_time=6.9s eta=0.5h
[Step 175/500] loss=13.1729 reward=0.6323 human=0.9997 length=0.6325 step_time=7.1s eta=0.5h
[Step 176/500] loss=1.3706 reward=0.8347 human=0.9997 length=0.8350 step_time=4.1s eta=0.5h
[Step 177/500] loss=1.3935 reward=0.9130 human=0.9997 length=0.9133 step_time=4.2s eta=0.5h
[Step 178/500] loss=4.3779 reward=0.8597 human=0.9997 length=0.8600 step_time=6.9s eta=0.5h
[Step 179/500] loss=1.2235 reward=0.7888 human=0.9997 length=0.7891 step_time=6.9s eta=0.5h
[Step 180/500] loss=15.4894 reward=0.7389 human=0.9995 length=0.7392 step_time=6.9s eta=0.5h
[Step 181/500] loss=-5.0651 reward=0.7168 human=0.9996 length=0.7170 step_time=7.1s eta=0.5h
[Step 182/500] loss=-7.7399 reward=0.8543 human=0.9995 length=0.8548 step_time=6.9s eta=0.5h
[Step 183/500] loss=-25.6433 reward=0.6880 human=0.9989 length=0.6886 step_time=4.1s eta=0.5h
[Step 184/500] loss=17.2942 reward=0.9169 human=0.9993 length=0.9175 step_time=6.9s eta=0.5h
[Step 185/500] loss=3.6067 reward=0.8615 human=0.9995 length=0.8620 step_time=4.1s eta=0.5h
[Step 186/500] loss=-1.1265 reward=0.8440 human=0.9994 length=0.8445 step_time=6.9s eta=0.5h
[Step 187/500] loss=-2.6983 reward=0.9215 human=0.9992 length=0.9223 step_time=4.4s eta=0.5h
[Step 188/500] loss=4.3178 reward=0.8743 human=0.9993 length=0.8750 step_time=6.9s eta=0.5h
[Step 189/500] loss=0.1479 reward=0.9244 human=0.9993 length=0.9251 step_time=4.2s eta=0.5h
[Step 190/500] loss=0.4040 reward=0.9639 human=0.9989 length=0.9650 step_time=4.1s eta=0.5h
[Step 191/500] loss=8.5246 reward=0.7053 human=0.9993 length=0.7058 step_time=6.9s eta=0.5h
[Step 192/500] loss=6.5521 reward=0.8287 human=0.9992 length=0.8294 step_time=4.2s eta=0.5h
[Step 193/500] loss=5.1889 reward=0.7943 human=0.9989 length=0.7952 step_time=7.1s eta=0.5h
[Step 194/500] loss=0.9512 reward=0.8390 human=0.9989 length=0.8400 step_time=6.9s eta=0.5h
[Step 195/500] loss=11.4503 reward=0.6968 human=0.9991 length=0.6974 step_time=4.1s eta=0.5h
[Step 196/500] loss=11.8700 reward=0.8009 human=0.9989 length=0.8018 step_time=6.9s eta=0.5h
[Step 197/500] loss=-3.7466 reward=0.9059 human=0.9984 length=0.9073 step_time=4.1s eta=0.5h
[Step 198/500] loss=3.8356 reward=0.9057 human=0.9989 length=0.9067 step_time=4.3s eta=0.5h
[Step 199/500] loss=-9.1022 reward=0.7997 human=0.9982 length=0.8012 step_time=4.1s eta=0.5h
Writing model shards:   0%|          | 0/1 [00:00<?, ?it/s]Writing model shards: 100%|██████████| 1/1 [00:07<00:00,  7.32s/it]Writing model shards: 100%|██████████| 1/1 [00:07<00:00,  7.32s/it]
Saved checkpoint: /home/dsi/eli-bogdanov/ai-detector-from-scratch/results/grpo-human-baseline/seed-replication/seed44-float32/checkpoints/step-00200
[Step 200/500] loss=-6.4354 reward=0.8998 human=0.9988 length=0.9009 step_time=4.1s eta=0.5h
[Step 201/500] loss=-8.2670 reward=0.9334 human=0.9987 length=0.9347 step_time=4.2s eta=0.5h
[Step 202/500] loss=38.2963 reward=0.8245 human=0.9993 length=0.8250 step_time=6.9s eta=0.5h
[Step 203/500] loss=14.3640 reward=0.8919 human=0.9994 length=0.8925 step_time=6.9s eta=0.5h
[Step 204/500] loss=-1.5474 reward=0.1546 human=0.9977 length=0.1550 step_time=2.4s eta=0.5h
[Step 205/500] loss=9.3211 reward=0.6645 human=0.9983 length=0.6650 step_time=6.9s eta=0.5h
[Step 206/500] loss=-2.5167 reward=0.7500 human=0.9987 length=0.7508 step_time=6.9s eta=0.5h
[Step 207/500] loss=-5.8902 reward=0.6840 human=0.9984 length=0.6850 step_time=4.2s eta=0.5h
[Step 208/500] loss=1.1851 reward=0.6944 human=0.9984 length=0.6955 step_time=4.2s eta=0.5h
[Step 209/500] loss=-0.8083 reward=0.8054 human=0.9987 length=0.8065 step_time=4.1s eta=0.5h
[Step 210/500] loss=-0.1581 reward=0.8618 human=0.9992 length=0.8625 step_time=7.2s eta=0.5h
[Step 211/500] loss=-1.6894 reward=0.6706 human=0.9991 length=0.6712 step_time=7.0s eta=0.5h
[Step 212/500] loss=-3.9118 reward=0.7747 human=0.9986 length=0.7758 step_time=4.1s eta=0.5h
[Step 213/500] loss=-6.9147 reward=0.9236 human=0.9986 length=0.9250 step_time=4.1s eta=0.5h
[Step 214/500] loss=-8.1897 reward=0.8166 human=0.9989 length=0.8175 step_time=7.0s eta=0.5h
[Step 215/500] loss=-5.1369 reward=0.9155 human=0.9987 length=0.9167 step_time=7.2s eta=0.5h
[Step 216/500] loss=-4.5074 reward=0.8517 human=0.9991 length=0.8525 step_time=6.9s eta=0.5h
[Step 217/500] loss=3.7854 reward=0.8929 human=0.9992 length=0.8936 step_time=7.0s eta=0.5h
[Step 218/500] loss=-1.3408 reward=0.8198 human=0.9990 length=0.8205 step_time=4.2s eta=0.5h
[Step 219/500] loss=1.6941 reward=0.9245 human=0.9989 length=0.9255 step_time=4.1s eta=0.5h
[Step 220/500] loss=-9.1678 reward=0.9456 human=0.9990 length=0.9465 step_time=4.1s eta=0.5h
[Step 221/500] loss=-8.9433 reward=0.7862 human=0.9989 length=0.7870 step_time=4.4s eta=0.5h
[Step 222/500] loss=-0.8820 reward=0.8741 human=0.9990 length=0.8750 step_time=6.9s eta=0.5h
[Step 223/500] loss=-2.3135 reward=0.9144 human=0.9993 length=0.9150 step_time=4.2s eta=0.5h
[Step 224/500] loss=-0.4986 reward=0.8494 human=0.9993 length=0.8500 step_time=6.9s eta=0.5h
[Step 225/500] loss=-1.8819 reward=0.9543 human=0.9993 length=0.9550 step_time=4.1s eta=0.4h
[Step 226/500] loss=-11.1405 reward=0.9244 human=0.9994 length=0.9250 step_time=4.4s eta=0.4h
[Step 227/500] loss=-2.8649 reward=0.8670 human=0.9994 length=0.8675 step_time=6.9s eta=0.4h
[Step 228/500] loss=-0.8968 reward=0.9544 human=0.9993 length=0.9550 step_time=4.2s eta=0.4h
[Step 229/500] loss=-7.7685 reward=0.8769 human=0.9994 length=0.8775 step_time=7.0s eta=0.4h
[Step 230/500] loss=3.9581 reward=0.9544 human=0.9994 length=0.9550 step_time=4.2s eta=0.4h
[Step 231/500] loss=7.1812 reward=0.9694 human=0.9992 length=0.9701 step_time=4.2s eta=0.4h
[Step 232/500] loss=-19.5779 reward=0.9470 human=0.9994 length=0.9475 step_time=7.2s eta=0.4h
[Step 233/500] loss=16.3966 reward=0.9696 human=0.9995 length=0.9700 step_time=7.0s eta=0.4h
[Step 234/500] loss=13.8903 reward=0.9670 human=0.9994 length=0.9675 step_time=6.9s eta=0.4h
[Step 235/500] loss=-6.0714 reward=0.9549 human=0.9995 length=0.9554 step_time=7.0s eta=0.4h
[Step 236/500] loss=-8.4306 reward=0.9647 human=0.9995 length=0.9652 step_time=7.0s eta=0.4h
[Step 237/500] loss=-2.1282 reward=0.9611 human=0.9994 length=0.9617 step_time=4.2s eta=0.4h
[Step 238/500] loss=6.5981 reward=0.5846 human=0.9993 length=0.5850 step_time=7.2s eta=0.4h
[Step 239/500] loss=-0.7133 reward=0.8642 human=0.9991 length=0.8650 step_time=4.2s eta=0.4h
[Step 240/500] loss=0.9257 reward=0.8870 human=0.9994 length=0.8875 step_time=7.0s eta=0.4h
[Step 241/500] loss=0.0000 reward=0.9795 human=0.9994 length=0.9800 step_time=3.4s eta=0.4h
[Step 242/500] loss=-0.5006 reward=0.8869 human=0.9993 length=0.8875 step_time=6.9s eta=0.4h
[Step 243/500] loss=0.0000 reward=0.8895 human=0.9994 length=0.8900 step_time=6.1s eta=0.4h
[Step 244/500] loss=0.0000 reward=0.9795 human=0.9994 length=0.9800 step_time=3.4s eta=0.4h
[Step 245/500] loss=0.0000 reward=0.8895 human=0.9994 length=0.8900 step_time=6.1s eta=0.4h
[Step 246/500] loss=0.0000 reward=0.8895 human=0.9994 length=0.8900 step_time=6.2s eta=0.4h
[Step 247/500] loss=0.0000 reward=0.9795 human=0.9994 length=0.9800 step_time=3.4s eta=0.4h
[Step 248/500] loss=0.0000 reward=0.9795 human=0.9994 length=0.9800 step_time=3.3s eta=0.4h
[Step 249/500] loss=0.0000 reward=0.9795 human=0.9994 length=0.9800 step_time=3.3s eta=0.4h
[Step 250/500] loss=0.0000 reward=0.9795 human=0.9994 length=0.9800 step_time=3.3s eta=0.4h
[Step 251/500] loss=0.0000 reward=0.9795 human=0.9994 length=0.9800 step_time=3.4s eta=0.4h
[Step 252/500] loss=0.0000 reward=0.8895 human=0.9994 length=0.8900 step_time=6.1s eta=0.4h
[Step 253/500] loss=0.0000 reward=0.9795 human=0.9994 length=0.9800 step_time=3.3s eta=0.4h
[Step 254/500] loss=0.0000 reward=0.8895 human=0.9994 length=0.8900 step_time=6.1s eta=0.4h
[Step 255/500] loss=0.0000 reward=0.8895 human=0.9994 length=0.8900 step_time=6.1s eta=0.4h
[Step 256/500] loss=0.0000 reward=0.8895 human=0.9994 length=0.8900 step_time=6.1s eta=0.4h
[Step 257/500] loss=0.0000 reward=0.9795 human=0.9994 length=0.9800 step_time=3.3s eta=0.4h
[Step 258/500] loss=0.0000 reward=0.9795 human=0.9994 length=0.9800 step_time=3.3s eta=0.4h
[Step 259/500] loss=0.0000 reward=0.8895 human=0.9994 length=0.8900 step_time=6.1s eta=0.4h
[Step 260/500] loss=0.0000 reward=0.9795 human=0.9994 length=0.9800 step_time=3.4s eta=0.4h
[Step 261/500] loss=0.0000 reward=0.8895 human=0.9994 length=0.8900 step_time=6.1s eta=0.4h
[Step 262/500] loss=0.0000 reward=0.9795 human=0.9994 length=0.9800 step_time=3.4s eta=0.4h
[Step 263/500] loss=0.0000 reward=0.9795 human=0.9994 length=0.9800 step_time=3.4s eta=0.4h
[Step 264/500] loss=0.0000 reward=0.8895 human=0.9994 length=0.8900 step_time=6.1s eta=0.4h
[Step 265/500] loss=0.0000 reward=0.9795 human=0.9994 length=0.9800 step_time=3.3s eta=0.4h
[Step 266/500] loss=0.0000 reward=0.9795 human=0.9994 length=0.9800 step_time=3.3s eta=0.4h
[Step 267/500] loss=0.0000 reward=0.9795 human=0.9994 length=0.9800 step_time=3.3s eta=0.4h
[Step 268/500] loss=0.0000 reward=0.9795 human=0.9994 length=0.9800 step_time=3.3s eta=0.4h
[Step 269/500] loss=0.0000 reward=0.9795 human=0.9994 length=0.9800 step_time=3.3s eta=0.4h
[Step 270/500] loss=0.0000 reward=0.9795 human=0.9994 length=0.9800 step_time=3.4s eta=0.4h
[Step 271/500] loss=0.0000 reward=0.8895 human=0.9994 length=0.8900 step_time=6.1s eta=0.4h
[Step 272/500] loss=0.0000 reward=0.9795 human=0.9994 length=0.9800 step_time=3.4s eta=0.4h
[Step 273/500] loss=0.0000 reward=0.8895 human=0.9994 length=0.8900 step_time=6.1s eta=0.4h
[Step 274/500] loss=0.0000 reward=0.8895 human=0.9994 length=0.8900 step_time=6.1s eta=0.4h
[Step 275/500] loss=0.0000 reward=0.9795 human=0.9994 length=0.9800 step_time=3.4s eta=0.4h
[Step 276/500] loss=0.0000 reward=0.8895 human=0.9994 length=0.8900 step_time=6.1s eta=0.4h
[Step 277/500] loss=0.0000 reward=0.8895 human=0.9994 length=0.8900 step_time=6.1s eta=0.4h
[Step 278/500] loss=0.0000 reward=0.8895 human=0.9994 length=0.8900 step_time=6.1s eta=0.4h
[Step 279/500] loss=0.0000 reward=0.8895 human=0.9994 length=0.8900 step_time=6.1s eta=0.4h
[Step 280/500] loss=0.0000 reward=0.9795 human=0.9994 length=0.9800 step_time=3.3s eta=0.3h
[Step 281/500] loss=0.0000 reward=0.9795 human=0.9994 length=0.9800 step_time=3.3s eta=0.3h
[Step 282/500] loss=0.0000 reward=0.9795 human=0.9994 length=0.9800 step_time=3.3s eta=0.3h
[Step 283/500] loss=0.0000 reward=0.8895 human=0.9994 length=0.8900 step_time=6.1s eta=0.3h
[Step 284/500] loss=0.0000 reward=0.9795 human=0.9994 length=0.9800 step_time=3.3s eta=0.3h
[Step 285/500] loss=0.0000 reward=0.8895 human=0.9994 length=0.8900 step_time=6.1s eta=0.3h
[Step 286/500] loss=0.0000 reward=0.8895 human=0.9994 length=0.8900 step_time=6.1s eta=0.3h
[Step 287/500] loss=0.0000 reward=0.8895 human=0.9994 length=0.8900 step_time=6.1s eta=0.3h
[Step 288/500] loss=0.0000 reward=0.9795 human=0.9994 length=0.9800 step_time=3.3s eta=0.3h
[Step 289/500] loss=0.0000 reward=0.8895 human=0.9994 length=0.8900 step_time=6.1s eta=0.3h
[Step 290/500] loss=0.0000 reward=0.8895 human=0.9994 length=0.8900 step_time=6.2s eta=0.3h
[Step 291/500] loss=0.0000 reward=0.9795 human=0.9994 length=0.9800 step_time=3.4s eta=0.3h
[Step 292/500] loss=0.0000 reward=0.8895 human=0.9994 length=0.8900 step_time=6.2s eta=0.3h
[Step 293/500] loss=0.0000 reward=0.9795 human=0.9994 length=0.9800 step_time=3.4s eta=0.3h
[Step 294/500] loss=0.0000 reward=0.8895 human=0.9994 length=0.8900 step_time=6.2s eta=0.3h
[Step 295/500] loss=0.0000 reward=0.9795 human=0.9994 length=0.9800 step_time=3.4s eta=0.3h
[Step 296/500] loss=0.0000 reward=0.8895 human=0.9994 length=0.8900 step_time=6.2s eta=0.3h
[Step 297/500] loss=0.0000 reward=0.9795 human=0.9994 length=0.9800 step_time=3.4s eta=0.3h
[Step 298/500] loss=0.0000 reward=0.8895 human=0.9994 length=0.8900 step_time=6.2s eta=0.3h
[Step 299/500] loss=0.0000 reward=0.9795 human=0.9994 length=0.9800 step_time=3.4s eta=0.3h
Writing model shards:   0%|          | 0/1 [00:00<?, ?it/s]Writing model shards: 100%|██████████| 1/1 [00:07<00:00,  7.46s/it]Writing model shards: 100%|██████████| 1/1 [00:07<00:00,  7.46s/it]
Saved checkpoint: /home/dsi/eli-bogdanov/ai-detector-from-scratch/results/grpo-human-baseline/seed-replication/seed44-float32/checkpoints/step-00300
[Step 300/500] loss=0.0000 reward=0.8895 human=0.9994 length=0.8900 step_time=6.1s eta=0.3h
[Step 301/500] loss=0.0000 reward=0.9795 human=0.9994 length=0.9800 step_time=3.4s eta=0.3h
[Step 302/500] loss=0.0000 reward=0.9795 human=0.9994 length=0.9800 step_time=3.3s eta=0.3h
[Step 303/500] loss=0.0000 reward=0.9795 human=0.9994 length=0.9800 step_time=3.3s eta=0.3h
[Step 304/500] loss=0.0000 reward=0.9795 human=0.9994 length=0.9800 step_time=3.3s eta=0.3h
[Step 305/500] loss=0.0000 reward=0.9795 human=0.9994 length=0.9800 step_time=3.4s eta=0.3h
[Step 306/500] loss=0.0000 reward=0.8895 human=0.9994 length=0.8900 step_time=6.1s eta=0.3h
[Step 307/500] loss=0.0000 reward=0.8895 human=0.9994 length=0.8900 step_time=6.1s eta=0.3h
[Step 308/500] loss=0.0000 reward=0.8895 human=0.9994 length=0.8900 step_time=6.1s eta=0.3h
[Step 309/500] loss=0.0000 reward=0.9795 human=0.9994 length=0.9800 step_time=3.4s eta=0.3h
[Step 310/500] loss=0.0000 reward=0.8895 human=0.9994 length=0.8900 step_time=6.1s eta=0.3h
[Step 311/500] loss=0.0000 reward=0.9795 human=0.9994 length=0.9800 step_time=3.3s eta=0.3h
[Step 312/500] loss=0.0000 reward=0.8895 human=0.9994 length=0.8900 step_time=6.1s eta=0.3h
[Step 313/500] loss=0.0000 reward=0.9795 human=0.9994 length=0.9800 step_time=3.4s eta=0.3h
[Step 314/500] loss=0.0000 reward=0.8895 human=0.9994 length=0.8900 step_time=6.1s eta=0.3h
[Step 315/500] loss=0.0000 reward=0.8895 human=0.9994 length=0.8900 step_time=6.1s eta=0.3h
[Step 316/500] loss=0.0000 reward=0.8895 human=0.9994 length=0.8900 step_time=6.1s eta=0.3h
[Step 317/500] loss=0.0000 reward=0.8895 human=0.9994 length=0.8900 step_time=6.2s eta=0.3h
[Step 318/500] loss=0.0000 reward=0.8895 human=0.9994 length=0.8900 step_time=6.1s eta=0.3h
[Step 319/500] loss=0.0000 reward=0.8895 human=0.9994 length=0.8900 step_time=6.1s eta=0.3h
[Step 320/500] loss=0.0000 reward=0.8895 human=0.9994 length=0.8900 step_time=6.1s eta=0.3h
[Step 321/500] loss=0.0000 reward=0.8895 human=0.9994 length=0.8900 step_time=6.1s eta=0.3h
[Step 322/500] loss=0.0000 reward=0.9795 human=0.9994 length=0.9800 step_time=3.3s eta=0.3h
[Step 323/500] loss=0.0000 reward=0.8895 human=0.9994 length=0.8900 step_time=6.1s eta=0.3h
[Step 324/500] loss=0.0000 reward=0.9795 human=0.9994 length=0.9800 step_time=3.3s eta=0.3h
[Step 325/500] loss=0.0000 reward=0.9795 human=0.9994 length=0.9800 step_time=3.3s eta=0.3h
[Step 326/500] loss=0.0000 reward=0.8895 human=0.9994 length=0.8900 step_time=6.1s eta=0.3h
[Step 327/500] loss=0.0000 reward=0.8895 human=0.9994 length=0.8900 step_time=6.1s eta=0.3h
[Step 328/500] loss=0.0000 reward=0.9795 human=0.9994 length=0.9800 step_time=3.3s eta=0.3h
[Step 329/500] loss=0.0000 reward=0.9795 human=0.9994 length=0.9800 step_time=3.3s eta=0.3h
[Step 330/500] loss=0.0000 reward=0.8895 human=0.9994 length=0.8900 step_time=6.1s eta=0.3h
[Step 331/500] loss=0.0000 reward=0.9795 human=0.9994 length=0.9800 step_time=3.3s eta=0.3h
[Step 332/500] loss=0.0000 reward=0.8895 human=0.9994 length=0.8900 step_time=6.1s eta=0.3h
[Step 333/500] loss=0.0000 reward=0.9795 human=0.9994 length=0.9800 step_time=3.3s eta=0.3h
[Step 334/500] loss=0.0000 reward=0.8895 human=0.9994 length=0.8900 step_time=6.1s eta=0.3h
[Step 335/500] loss=0.0000 reward=0.8895 human=0.9994 length=0.8900 step_time=6.1s eta=0.3h
[Step 336/500] loss=0.0000 reward=0.9795 human=0.9994 length=0.9800 step_time=3.4s eta=0.3h
[Step 337/500] loss=0.0000 reward=0.8895 human=0.9994 length=0.8900 step_time=6.1s eta=0.3h
[Step 338/500] loss=0.0000 reward=0.8895 human=0.9994 length=0.8900 step_time=6.1s eta=0.3h
[Step 339/500] loss=0.0000 reward=0.8895 human=0.9994 length=0.8900 step_time=6.2s eta=0.3h
[Step 340/500] loss=0.0000 reward=0.8895 human=0.9994 length=0.8900 step_time=6.1s eta=0.3h
[Step 341/500] loss=0.0000 reward=0.8895 human=0.9994 length=0.8900 step_time=6.1s eta=0.2h
[Step 342/500] loss=0.0000 reward=0.8895 human=0.9994 length=0.8900 step_time=6.2s eta=0.2h
[Step 343/500] loss=0.0000 reward=0.8895 human=0.9994 length=0.8900 step_time=6.2s eta=0.2h
[Step 344/500] loss=0.0000 reward=0.9795 human=0.9994 length=0.9800 step_time=3.4s eta=0.2h
[Step 345/500] loss=0.0000 reward=0.9795 human=0.9994 length=0.9800 step_time=3.4s eta=0.2h
[Step 346/500] loss=0.0000 reward=0.8895 human=0.9994 length=0.8900 step_time=6.1s eta=0.2h
[Step 347/500] loss=0.0000 reward=0.9795 human=0.9994 length=0.9800 step_time=3.4s eta=0.2h
[Step 348/500] loss=0.0000 reward=0.9795 human=0.9994 length=0.9800 step_time=3.4s eta=0.2h
[Step 349/500] loss=0.0000 reward=0.8895 human=0.9994 length=0.8900 step_time=6.2s eta=0.2h
[Step 350/500] loss=0.0000 reward=0.9795 human=0.9994 length=0.9800 step_time=3.4s eta=0.2h
[Step 351/500] loss=0.0000 reward=0.8895 human=0.9994 length=0.8900 step_time=6.0s eta=0.2h
[Step 352/500] loss=0.0000 reward=0.9795 human=0.9994 length=0.9800 step_time=3.3s eta=0.2h
[Step 353/500] loss=0.0000 reward=0.8895 human=0.9994 length=0.8900 step_time=6.1s eta=0.2h
[Step 354/500] loss=0.0000 reward=0.9795 human=0.9994 length=0.9800 step_time=3.3s eta=0.2h
[Step 355/500] loss=0.0000 reward=0.9795 human=0.9994 length=0.9800 step_time=3.3s eta=0.2h
[Step 356/500] loss=0.0000 reward=0.8895 human=0.9994 length=0.8900 step_time=6.0s eta=0.2h
[Step 357/500] loss=0.0000 reward=0.9795 human=0.9994 length=0.9800 step_time=3.3s eta=0.2h
[Step 358/500] loss=0.0000 reward=0.8895 human=0.9994 length=0.8900 step_time=6.1s eta=0.2h
[Step 359/500] loss=0.0000 reward=0.9795 human=0.9994 length=0.9800 step_time=3.3s eta=0.2h
[Step 360/500] loss=0.0000 reward=0.9795 human=0.9994 length=0.9800 step_time=3.3s eta=0.2h
[Step 361/500] loss=0.0000 reward=0.8895 human=0.9994 length=0.8900 step_time=6.1s eta=0.2h
[Step 362/500] loss=0.0000 reward=0.8895 human=0.9994 length=0.8900 step_time=6.1s eta=0.2h
[Step 363/500] loss=0.0000 reward=0.8895 human=0.9994 length=0.8900 step_time=6.1s eta=0.2h
[Step 364/500] loss=0.0000 reward=0.8895 human=0.9994 length=0.8900 step_time=6.1s eta=0.2h
[Step 365/500] loss=0.0000 reward=0.8895 human=0.9994 length=0.8900 step_time=6.1s eta=0.2h
[Step 366/500] loss=0.0000 reward=0.8895 human=0.9994 length=0.8900 step_time=6.0s eta=0.2h
[Step 367/500] loss=0.0000 reward=0.8895 human=0.9994 length=0.8900 step_time=6.0s eta=0.2h
[Step 368/500] loss=0.0000 reward=0.8895 human=0.9994 length=0.8900 step_time=6.1s eta=0.2h
[Step 369/500] loss=0.0000 reward=0.8895 human=0.9994 length=0.8900 step_time=6.1s eta=0.2h
[Step 370/500] loss=0.0000 reward=0.8895 human=0.9994 length=0.8900 step_time=6.1s eta=0.2h
[Step 371/500] loss=0.0000 reward=0.9795 human=0.9994 length=0.9800 step_time=3.3s eta=0.2h
[Step 372/500] loss=0.0000 reward=0.9795 human=0.9994 length=0.9800 step_time=3.3s eta=0.2h
[Step 373/500] loss=0.0000 reward=0.9795 human=0.9994 length=0.9800 step_time=3.3s eta=0.2h
[Step 374/500] loss=0.0000 reward=0.9795 human=0.9994 length=0.9800 step_time=3.3s eta=0.2h
[Step 375/500] loss=0.0000 reward=0.8895 human=0.9994 length=0.8900 step_time=6.1s eta=0.2h
[Step 376/500] loss=0.0000 reward=0.8895 human=0.9994 length=0.8900 step_time=6.1s eta=0.2h
[Step 377/500] loss=0.0000 reward=0.9795 human=0.9994 length=0.9800 step_time=3.3s eta=0.2h
[Step 378/500] loss=0.0000 reward=0.8895 human=0.9994 length=0.8900 step_time=6.1s eta=0.2h
[Step 379/500] loss=0.0000 reward=0.9795 human=0.9994 length=0.9800 step_time=3.3s eta=0.2h
[Step 380/500] loss=0.0000 reward=0.8895 human=0.9994 length=0.8900 step_time=6.1s eta=0.2h
[Step 381/500] loss=0.0000 reward=0.9795 human=0.9994 length=0.9800 step_time=3.3s eta=0.2h
[Step 382/500] loss=0.0000 reward=0.8895 human=0.9994 length=0.8900 step_time=6.1s eta=0.2h
[Step 383/500] loss=0.0000 reward=0.8895 human=0.9994 length=0.8900 step_time=6.1s eta=0.2h
[Step 384/500] loss=0.0000 reward=0.8895 human=0.9994 length=0.8900 step_time=6.1s eta=0.2h
[Step 385/500] loss=0.0000 reward=0.8895 human=0.9994 length=0.8900 step_time=6.1s eta=0.2h
[Step 386/500] loss=0.0000 reward=0.8895 human=0.9994 length=0.8900 step_time=6.1s eta=0.2h
[Step 387/500] loss=0.0000 reward=0.8895 human=0.9994 length=0.8900 step_time=6.1s eta=0.2h
[Step 388/500] loss=0.0000 reward=0.8895 human=0.9994 length=0.8900 step_time=6.1s eta=0.2h
[Step 389/500] loss=0.0000 reward=0.9795 human=0.9994 length=0.9800 step_time=3.4s eta=0.2h
[Step 390/500] loss=0.0000 reward=0.9795 human=0.9994 length=0.9800 step_time=3.4s eta=0.2h
[Step 391/500] loss=0.0000 reward=0.8895 human=0.9994 length=0.8900 step_time=6.1s eta=0.2h
[Step 392/500] loss=0.0000 reward=0.9795 human=0.9994 length=0.9800 step_time=3.4s eta=0.2h
[Step 393/500] loss=0.0000 reward=0.8895 human=0.9994 length=0.8900 step_time=6.1s eta=0.2h
[Step 394/500] loss=0.0000 reward=0.9795 human=0.9994 length=0.9800 step_time=3.4s eta=0.2h
[Step 395/500] loss=0.0000 reward=0.8895 human=0.9994 length=0.8900 step_time=6.1s eta=0.2h
[Step 396/500] loss=0.0000 reward=0.8895 human=0.9994 length=0.8900 step_time=6.1s eta=0.2h
[Step 397/500] loss=0.0000 reward=0.8895 human=0.9994 length=0.8900 step_time=6.2s eta=0.2h
[Step 398/500] loss=0.0000 reward=0.9795 human=0.9994 length=0.9800 step_time=3.4s eta=0.2h
[Step 399/500] loss=0.0000 reward=0.8895 human=0.9994 length=0.8900 step_time=6.1s eta=0.2h
Writing model shards:   0%|          | 0/1 [00:00<?, ?it/s]Writing model shards: 100%|██████████| 1/1 [00:07<00:00,  7.02s/it]Writing model shards: 100%|██████████| 1/1 [00:07<00:00,  7.02s/it]
Saved checkpoint: /home/dsi/eli-bogdanov/ai-detector-from-scratch/results/grpo-human-baseline/seed-replication/seed44-float32/checkpoints/step-00400
[Step 400/500] loss=0.0000 reward=0.9795 human=0.9994 length=0.9800 step_time=3.4s eta=0.2h
[Step 401/500] loss=0.0000 reward=0.9795 human=0.9994 length=0.9800 step_time=3.4s eta=0.2h
[Step 402/500] loss=0.0000 reward=0.8895 human=0.9994 length=0.8900 step_time=6.1s eta=0.2h
[Step 403/500] loss=0.0000 reward=0.8895 human=0.9994 length=0.8900 step_time=6.1s eta=0.1h
[Step 404/500] loss=0.0000 reward=0.9795 human=0.9994 length=0.9800 step_time=3.4s eta=0.1h
[Step 405/500] loss=0.0000 reward=0.9795 human=0.9994 length=0.9800 step_time=3.4s eta=0.1h
[Step 406/500] loss=0.0000 reward=0.8895 human=0.9994 length=0.8900 step_time=6.1s eta=0.1h
[Step 407/500] loss=0.0000 reward=0.8895 human=0.9994 length=0.8900 step_time=6.1s eta=0.1h
[Step 408/500] loss=0.0000 reward=0.9795 human=0.9994 length=0.9800 step_time=3.4s eta=0.1h
[Step 409/500] loss=0.0000 reward=0.9795 human=0.9994 length=0.9800 step_time=3.4s eta=0.1h
[Step 410/500] loss=0.0000 reward=0.9795 human=0.9994 length=0.9800 step_time=3.4s eta=0.1h
[Step 411/500] loss=0.0000 reward=0.8895 human=0.9994 length=0.8900 step_time=6.1s eta=0.1h
[Step 412/500] loss=0.0000 reward=0.8895 human=0.9994 length=0.8900 step_time=6.2s eta=0.1h
[Step 413/500] loss=0.0000 reward=0.9795 human=0.9994 length=0.9800 step_time=3.4s eta=0.1h
[Step 414/500] loss=0.0000 reward=0.8895 human=0.9994 length=0.8900 step_time=6.1s eta=0.1h
[Step 415/500] loss=0.0000 reward=0.9795 human=0.9994 length=0.9800 step_time=3.4s eta=0.1h
[Step 416/500] loss=0.0000 reward=0.9795 human=0.9994 length=0.9800 step_time=3.4s eta=0.1h
[Step 417/500] loss=0.0000 reward=0.9795 human=0.9994 length=0.9800 step_time=3.4s eta=0.1h
[Step 418/500] loss=0.0000 reward=0.8895 human=0.9994 length=0.8900 step_time=6.1s eta=0.1h
[Step 419/500] loss=0.0000 reward=0.9795 human=0.9994 length=0.9800 step_time=3.4s eta=0.1h
[Step 420/500] loss=0.0000 reward=0.9795 human=0.9994 length=0.9800 step_time=3.4s eta=0.1h
[Step 421/500] loss=0.0000 reward=0.9795 human=0.9994 length=0.9800 step_time=3.4s eta=0.1h
[Step 422/500] loss=0.0000 reward=0.8895 human=0.9994 length=0.8900 step_time=6.1s eta=0.1h
[Step 423/500] loss=0.0000 reward=0.8895 human=0.9994 length=0.8900 step_time=6.2s eta=0.1h
[Step 424/500] loss=0.0000 reward=0.8895 human=0.9994 length=0.8900 step_time=6.1s eta=0.1h
[Step 425/500] loss=0.0000 reward=0.9795 human=0.9994 length=0.9800 step_time=3.4s eta=0.1h
[Step 426/500] loss=0.0000 reward=0.9795 human=0.9994 length=0.9800 step_time=3.4s eta=0.1h
[Step 427/500] loss=0.0000 reward=0.8895 human=0.9994 length=0.8900 step_time=6.1s eta=0.1h
[Step 428/500] loss=0.0000 reward=0.9795 human=0.9994 length=0.9800 step_time=3.4s eta=0.1h
[Step 429/500] loss=0.0000 reward=0.8895 human=0.9994 length=0.8900 step_time=6.1s eta=0.1h
[Step 430/500] loss=0.0000 reward=0.8895 human=0.9994 length=0.8900 step_time=6.2s eta=0.1h
[Step 431/500] loss=0.0000 reward=0.9795 human=0.9994 length=0.9800 step_time=3.4s eta=0.1h
[Step 432/500] loss=0.0000 reward=0.9795 human=0.9994 length=0.9800 step_time=3.4s eta=0.1h
[Step 433/500] loss=0.0000 reward=0.8895 human=0.9994 length=0.8900 step_time=6.1s eta=0.1h
[Step 434/500] loss=0.0000 reward=0.9795 human=0.9994 length=0.9800 step_time=3.4s eta=0.1h
[Step 435/500] loss=0.0000 reward=0.9795 human=0.9994 length=0.9800 step_time=3.4s eta=0.1h
[Step 436/500] loss=0.0000 reward=0.8895 human=0.9994 length=0.8900 step_time=6.1s eta=0.1h
[Step 437/500] loss=0.0000 reward=0.8895 human=0.9994 length=0.8900 step_time=6.1s eta=0.1h
[Step 438/500] loss=0.0000 reward=0.9795 human=0.9994 length=0.9800 step_time=3.4s eta=0.1h
[Step 439/500] loss=0.0000 reward=0.9795 human=0.9994 length=0.9800 step_time=3.4s eta=0.1h
[Step 440/500] loss=0.0000 reward=0.8895 human=0.9994 length=0.8900 step_time=6.1s eta=0.1h
[Step 441/500] loss=0.0000 reward=0.8895 human=0.9994 length=0.8900 step_time=6.1s eta=0.1h
[Step 442/500] loss=0.0000 reward=0.9795 human=0.9994 length=0.9800 step_time=3.4s eta=0.1h
[Step 443/500] loss=0.0000 reward=0.8895 human=0.9994 length=0.8900 step_time=6.1s eta=0.1h
[Step 444/500] loss=0.0000 reward=0.9795 human=0.9994 length=0.9800 step_time=3.4s eta=0.1h
[Step 445/500] loss=0.0000 reward=0.9795 human=0.9994 length=0.9800 step_time=3.4s eta=0.1h
[Step 446/500] loss=0.0000 reward=0.8895 human=0.9994 length=0.8900 step_time=6.2s eta=0.1h
[Step 447/500] loss=0.0000 reward=0.9795 human=0.9994 length=0.9800 step_time=3.4s eta=0.1h
[Step 448/500] loss=0.0000 reward=0.8895 human=0.9994 length=0.8900 step_time=6.1s eta=0.1h
[Step 449/500] loss=0.0000 reward=0.9795 human=0.9994 length=0.9800 step_time=3.4s eta=0.1h
[Step 450/500] loss=0.0000 reward=0.9795 human=0.9994 length=0.9800 step_time=3.4s eta=0.1h
[Step 451/500] loss=0.0000 reward=0.8895 human=0.9994 length=0.8900 step_time=6.2s eta=0.1h
[Step 452/500] loss=0.0000 reward=0.9795 human=0.9994 length=0.9800 step_time=3.4s eta=0.1h
[Step 453/500] loss=0.0000 reward=0.9795 human=0.9994 length=0.9800 step_time=3.4s eta=0.1h
[Step 454/500] loss=0.0000 reward=0.8895 human=0.9994 length=0.8900 step_time=6.2s eta=0.1h
[Step 455/500] loss=0.0000 reward=0.8895 human=0.9994 length=0.8900 step_time=6.1s eta=0.1h
[Step 456/500] loss=0.0000 reward=0.9795 human=0.9994 length=0.9800 step_time=3.4s eta=0.1h
[Step 457/500] loss=0.0000 reward=0.8895 human=0.9994 length=0.8900 step_time=6.1s eta=0.1h
[Step 458/500] loss=0.0000 reward=0.9795 human=0.9994 length=0.9800 step_time=3.4s eta=0.1h
[Step 459/500] loss=0.0000 reward=0.8895 human=0.9994 length=0.8900 step_time=6.2s eta=0.1h
[Step 460/500] loss=0.0000 reward=0.8895 human=0.9994 length=0.8900 step_time=6.2s eta=0.1h
[Step 461/500] loss=0.0000 reward=0.8895 human=0.9994 length=0.8900 step_time=6.1s eta=0.1h
[Step 462/500] loss=0.0000 reward=0.8895 human=0.9994 length=0.8900 step_time=6.1s eta=0.1h
[Step 463/500] loss=0.0000 reward=0.8895 human=0.9994 length=0.8900 step_time=6.1s eta=0.1h
[Step 464/500] loss=0.0000 reward=0.8895 human=0.9994 length=0.8900 step_time=6.2s eta=0.1h
[Step 465/500] loss=0.0000 reward=0.8895 human=0.9994 length=0.8900 step_time=6.1s eta=0.1h
[Step 466/500] loss=0.0000 reward=0.8895 human=0.9994 length=0.8900 step_time=6.2s eta=0.1h
[Step 467/500] loss=0.0000 reward=0.8895 human=0.9994 length=0.8900 step_time=6.1s eta=0.1h
[Step 468/500] loss=0.0000 reward=0.9795 human=0.9994 length=0.9800 step_time=3.4s eta=0.0h
[Step 469/500] loss=0.0000 reward=0.9795 human=0.9994 length=0.9800 step_time=3.4s eta=0.0h
[Step 470/500] loss=0.0000 reward=0.9795 human=0.9994 length=0.9800 step_time=3.4s eta=0.0h
[Step 471/500] loss=0.0000 reward=0.9795 human=0.9994 length=0.9800 step_time=3.3s eta=0.0h
[Step 472/500] loss=0.0000 reward=0.9795 human=0.9994 length=0.9800 step_time=3.3s eta=0.0h
[Step 473/500] loss=0.0000 reward=0.8895 human=0.9994 length=0.8900 step_time=6.1s eta=0.0h
[Step 474/500] loss=0.0000 reward=0.9795 human=0.9994 length=0.9800 step_time=3.4s eta=0.0h
[Step 475/500] loss=0.0000 reward=0.9795 human=0.9994 length=0.9800 step_time=3.3s eta=0.0h
[Step 476/500] loss=0.0000 reward=0.9795 human=0.9994 length=0.9800 step_time=3.4s eta=0.0h
[Step 477/500] loss=0.0000 reward=0.8895 human=0.9994 length=0.8900 step_time=6.1s eta=0.0h
[Step 478/500] loss=0.0000 reward=0.8895 human=0.9994 length=0.8900 step_time=6.2s eta=0.0h
[Step 479/500] loss=0.0000 reward=0.9795 human=0.9994 length=0.9800 step_time=3.3s eta=0.0h
[Step 480/500] loss=0.0000 reward=0.8895 human=0.9994 length=0.8900 step_time=6.1s eta=0.0h
[Step 481/500] loss=0.0000 reward=0.8895 human=0.9994 length=0.8900 step_time=6.1s eta=0.0h
[Step 482/500] loss=0.0000 reward=0.8895 human=0.9994 length=0.8900 step_time=6.1s eta=0.0h
[Step 483/500] loss=0.0000 reward=0.9795 human=0.9994 length=0.9800 step_time=3.4s eta=0.0h
[Step 484/500] loss=0.0000 reward=0.9795 human=0.9994 length=0.9800 step_time=3.3s eta=0.0h
[Step 485/500] loss=0.0000 reward=0.8895 human=0.9994 length=0.8900 step_time=6.1s eta=0.0h
[Step 486/500] loss=0.0000 reward=0.9795 human=0.9994 length=0.9800 step_time=3.3s eta=0.0h
[Step 487/500] loss=0.0000 reward=0.8895 human=0.9994 length=0.8900 step_time=6.1s eta=0.0h
[Step 488/500] loss=0.0000 reward=0.8895 human=0.9994 length=0.8900 step_time=6.1s eta=0.0h
[Step 489/500] loss=0.0000 reward=0.8895 human=0.9994 length=0.8900 step_time=6.1s eta=0.0h
[Step 490/500] loss=0.0000 reward=0.8895 human=0.9994 length=0.8900 step_time=6.2s eta=0.0h
[Step 491/500] loss=0.0000 reward=0.9795 human=0.9994 length=0.9800 step_time=3.4s eta=0.0h
[Step 492/500] loss=0.0000 reward=0.8895 human=0.9994 length=0.8900 step_time=6.1s eta=0.0h
[Step 493/500] loss=0.0000 reward=0.9795 human=0.9994 length=0.9800 step_time=3.4s eta=0.0h
[Step 494/500] loss=0.0000 reward=0.9795 human=0.9994 length=0.9800 step_time=3.4s eta=0.0h
[Step 495/500] loss=0.0000 reward=0.9795 human=0.9994 length=0.9800 step_time=3.4s eta=0.0h
[Step 496/500] loss=0.0000 reward=0.9795 human=0.9994 length=0.9800 step_time=3.4s eta=0.0h
[Step 497/500] loss=0.0000 reward=0.9795 human=0.9994 length=0.9800 step_time=3.4s eta=0.0h
[Step 498/500] loss=0.0000 reward=0.8895 human=0.9994 length=0.8900 step_time=6.2s eta=0.0h
[Step 499/500] loss=0.0000 reward=0.9795 human=0.9994 length=0.9800 step_time=3.4s eta=0.0h
Writing model shards:   0%|          | 0/1 [00:00<?, ?it/s]Writing model shards: 100%|██████████| 1/1 [00:07<00:00,  7.86s/it]Writing model shards: 100%|██████████| 1/1 [00:07<00:00,  7.86s/it]
Saved checkpoint: /home/dsi/eli-bogdanov/ai-detector-from-scratch/results/grpo-human-baseline/seed-replication/seed44-float32/checkpoints/step-00500
[Step 500/500] loss=0.0000 reward=0.8895 human=0.9994 length=0.8900 step_time=6.2s eta=-0.0h
Writing model shards:   0%|          | 0/1 [00:00<?, ?it/s]Writing model shards: 100%|██████████| 1/1 [00:08<00:00,  8.62s/it]Writing model shards: 100%|██████████| 1/1 [00:08<00:00,  8.62s/it]
Saved final model: /home/dsi/eli-bogdanov/ai-detector-from-scratch/results/grpo-human-baseline/seed-replication/seed44-float32/checkpoints/step-00500-final
Max CUDA memory allocated: 12.23 GB
EXIT=0
