Warning: You are sending unauthenticated requests to the HF Hub. Please set a HF_TOKEN to enable higher rate limits and faster downloads.
Filter:   0%|          | 0/5000 [00:00<?, ? examples/s]Filter:  80%|████████  | 4000/5000 [00:00<00:00, 20302.28 examples/s]Filter: 100%|██████████| 5000/5000 [00:00<00:00, 19397.51 examples/s]
Loading weights:   0%|          | 0/311 [00:00<?, ?it/s]Loading weights: 100%|██████████| 311/311 [00:00<00:00, 6564.88it/s]
Loading weights:   0%|          | 0/310 [00:00<?, ?it/s]Loading weights: 100%|██████████| 310/310 [00:00<00:00, 4768.72it/s]
Run dir: /home/dsi/eli-bogdanov/ai-detector-from-scratch/results/grpo-human-baseline/seed-replication/seed45-bfloat16
Policy dtype: torch.bfloat16  device: cuda
Verifier dtype: torch.bfloat16
Prompts after filter: 1781 (targets [50, 100])
[Step 1/500] loss=0.0000 reward=0.0000 human=0.0000 length=0.7751 step_time=8.5s eta=1.2h
[Step 2/500] loss=1.2325 reward=0.1825 human=0.2554 length=0.7936 step_time=8.1s eta=1.2h
[Step 3/500] loss=-3.6333 reward=0.0042 human=0.0059 length=0.7829 step_time=4.8s eta=1.0h
[Step 4/500] loss=0.6845 reward=0.4183 human=0.5157 length=0.8256 step_time=8.0s eta=1.0h
[Step 5/500] loss=8.7349 reward=0.4013 human=0.5480 length=0.7628 step_time=4.8s eta=1.0h
[Step 6/500] loss=29.5415 reward=0.3599 human=0.4905 length=0.7015 step_time=7.9s eta=1.0h
[Step 7/500] loss=0.9480 reward=0.6244 human=0.9321 length=0.6701 step_time=5.1s eta=0.9h
[Step 8/500] loss=5.1282 reward=0.6118 human=0.9968 length=0.6138 step_time=4.8s eta=0.9h
[Step 9/500] loss=33.8470 reward=0.5068 human=0.9967 length=0.5074 step_time=8.0s eta=0.9h
[Step 10/500] loss=-19.8053 reward=0.6908 human=0.9985 length=0.6919 step_time=8.0s eta=0.9h
[Step 11/500] loss=8.6905 reward=0.4840 human=0.7355 length=0.6667 step_time=8.0s eta=1.0h
[Step 12/500] loss=-1.4261 reward=0.6681 human=0.9884 length=0.6765 step_time=4.7s eta=0.9h
[Step 13/500] loss=25.1895 reward=0.3414 human=0.5080 length=0.7544 step_time=8.4s eta=0.9h
[Step 14/500] loss=6.9778 reward=0.6867 human=0.9927 length=0.6917 step_time=8.0s eta=1.0h
[Step 15/500] loss=-9.1031 reward=0.6616 human=0.9864 length=0.6706 step_time=8.2s eta=1.0h
[Step 16/500] loss=-13.6523 reward=0.6928 human=0.9984 length=0.6940 step_time=8.2s eta=1.0h
[Step 17/500] loss=12.6055 reward=0.6193 human=0.9985 length=0.6202 step_time=4.8s eta=1.0h
[Step 18/500] loss=-11.4771 reward=0.7051 human=0.9992 length=0.7057 step_time=8.4s eta=1.0h
[Step 19/500] loss=9.0124 reward=0.6603 human=0.9991 length=0.6609 step_time=8.1s eta=1.0h
[Step 20/500] loss=23.1129 reward=0.6132 human=0.9991 length=0.6137 step_time=4.8s eta=1.0h
[Step 21/500] loss=-4.3809 reward=0.6518 human=0.9937 length=0.6560 step_time=8.1s eta=1.0h
[Step 22/500] loss=-15.2558 reward=0.5931 human=0.9986 length=0.5940 step_time=4.9s eta=0.9h
[Step 23/500] loss=-1.7696 reward=0.6013 human=0.9882 length=0.6085 step_time=4.8s eta=0.9h
[Step 24/500] loss=19.4688 reward=0.6594 human=0.9993 length=0.6598 step_time=8.3s eta=0.9h
[Step 25/500] loss=-13.6474 reward=0.7041 human=0.9982 length=0.7053 step_time=4.8s eta=0.9h
[Step 26/500] loss=-39.4616 reward=0.7319 human=0.9982 length=0.7333 step_time=8.2s eta=0.9h
[Step 27/500] loss=-13.9012 reward=0.7025 human=0.9997 length=0.7027 step_time=8.0s eta=0.9h
[Step 28/500] loss=4.5426 reward=0.6646 human=0.9984 length=0.6656 step_time=4.8s eta=0.9h
[Step 29/500] loss=-14.3798 reward=0.6570 human=0.9992 length=0.6575 step_time=4.8s eta=0.9h
[Step 30/500] loss=0.9768 reward=0.7903 human=0.9988 length=0.7913 step_time=5.1s eta=0.9h
[Step 31/500] loss=-15.3102 reward=0.8103 human=0.9996 length=0.8106 step_time=8.0s eta=0.9h
[Step 32/500] loss=-12.8939 reward=0.7633 human=0.9990 length=0.7641 step_time=4.8s eta=0.9h
[Step 33/500] loss=51.2138 reward=0.4817 human=0.9990 length=0.4821 step_time=8.0s eta=0.9h
[Step 34/500] loss=34.8689 reward=0.6648 human=0.9992 length=0.6653 step_time=4.8s eta=0.9h
[Step 35/500] loss=-3.1050 reward=0.6980 human=0.9990 length=0.6987 step_time=5.0s eta=0.9h
[Step 36/500] loss=-9.6850 reward=0.8057 human=0.9991 length=0.8065 step_time=8.0s eta=0.9h
[Step 37/500] loss=-22.6563 reward=0.7994 human=0.9993 length=0.8000 step_time=8.0s eta=0.9h
[Step 38/500] loss=-7.8501 reward=0.7969 human=0.9992 length=0.7975 step_time=4.8s eta=0.9h
[Step 39/500] loss=-23.0124 reward=0.7517 human=0.9992 length=0.7523 step_time=4.8s eta=0.9h
[Step 40/500] loss=-54.2609 reward=0.8585 human=0.9993 length=0.8590 step_time=8.0s eta=0.9h
[Step 41/500] loss=-3.7002 reward=0.9503 human=0.9994 length=0.9509 step_time=5.0s eta=0.9h
[Step 42/500] loss=6.2399 reward=0.6863 human=0.9991 length=0.6869 step_time=4.8s eta=0.9h
[Step 43/500] loss=-33.1489 reward=0.9416 human=0.9994 length=0.9422 step_time=8.0s eta=0.9h
[Step 44/500] loss=4.9884 reward=0.9315 human=0.9992 length=0.9322 step_time=4.8s eta=0.8h
[Step 45/500] loss=3.5868 reward=0.7794 human=0.9994 length=0.7798 step_time=4.7s eta=0.8h
[Step 46/500] loss=-17.6438 reward=0.9309 human=0.9995 length=0.9314 step_time=8.3s eta=0.8h
[Step 47/500] loss=-13.4825 reward=0.8559 human=0.9993 length=0.8565 step_time=4.8s eta=0.8h
[Step 48/500] loss=-37.8316 reward=0.7978 human=0.9996 length=0.7981 step_time=8.0s eta=0.8h
[Step 49/500] loss=-30.6926 reward=0.7265 human=0.9991 length=0.7272 step_time=4.8s eta=0.8h
[Step 50/500] loss=4.8529 reward=0.8853 human=0.9994 length=0.8858 step_time=4.8s eta=0.8h
[Step 51/500] loss=1.8764 reward=0.9271 human=0.9995 length=0.9275 step_time=8.3s eta=0.8h
[Step 52/500] loss=-12.6977 reward=0.7643 human=0.9993 length=0.7649 step_time=8.0s eta=0.8h
[Step 53/500] loss=18.0965 reward=0.8258 human=0.9994 length=0.8263 step_time=4.8s eta=0.8h
[Step 54/500] loss=-3.3881 reward=0.7365 human=0.9996 length=0.7368 step_time=4.7s eta=0.8h
[Step 55/500] loss=12.9080 reward=0.6197 human=0.9995 length=0.6200 step_time=8.0s eta=0.8h
[Step 56/500] loss=-3.6022 reward=0.6390 human=0.9988 length=0.6398 step_time=8.0s eta=0.8h
[Step 57/500] loss=-51.1722 reward=0.8488 human=0.9996 length=0.8491 step_time=8.3s eta=0.8h
[Step 58/500] loss=-15.4887 reward=0.6836 human=0.9994 length=0.6840 step_time=8.0s eta=0.8h
[Step 59/500] loss=-15.2554 reward=0.7256 human=0.9990 length=0.7263 step_time=8.0s eta=0.8h
[Step 60/500] loss=21.3252 reward=0.7224 human=0.9996 length=0.7227 step_time=8.1s eta=0.8h
[Step 61/500] loss=-27.7907 reward=0.8024 human=0.9994 length=0.8029 step_time=4.8s eta=0.8h
[Step 62/500] loss=22.2201 reward=0.7943 human=0.9993 length=0.7948 step_time=4.8s eta=0.8h
[Step 63/500] loss=-14.2406 reward=0.6895 human=0.9997 length=0.6897 step_time=8.2s eta=0.8h
[Step 64/500] loss=37.7137 reward=0.6991 human=0.9996 length=0.6994 step_time=8.0s eta=0.8h
[Step 65/500] loss=-6.3243 reward=0.7654 human=0.9994 length=0.7658 step_time=4.7s eta=0.8h
[Step 66/500] loss=2.9217 reward=0.7034 human=0.9997 length=0.7036 step_time=4.7s eta=0.8h
[Step 67/500] loss=9.8506 reward=0.6524 human=0.9994 length=0.6527 step_time=4.7s eta=0.8h
[Step 68/500] loss=-14.1746 reward=0.7041 human=0.9997 length=0.7043 step_time=8.2s eta=0.8h
[Step 69/500] loss=-3.5472 reward=0.7860 human=0.9995 length=0.7864 step_time=4.7s eta=0.8h
[Step 70/500] loss=9.4720 reward=0.7045 human=0.9997 length=0.7047 step_time=7.9s eta=0.8h
[Step 71/500] loss=5.1458 reward=0.8293 human=0.9997 length=0.8295 step_time=8.0s eta=0.8h
[Step 72/500] loss=7.1686 reward=0.6881 human=0.9996 length=0.6884 step_time=4.7s eta=0.8h
[Step 73/500] loss=8.5482 reward=0.8090 human=0.9996 length=0.8094 step_time=7.9s eta=0.8h
[Step 74/500] loss=-6.1981 reward=0.7977 human=0.9996 length=0.7979 step_time=8.2s eta=0.8h
[Step 75/500] loss=-1.1137 reward=0.8421 human=0.9995 length=0.8425 step_time=8.0s eta=0.8h
[Step 76/500] loss=-7.4198 reward=0.8754 human=0.9997 length=0.8756 step_time=8.0s eta=0.8h
[Step 77/500] loss=-9.7657 reward=0.7813 human=0.9996 length=0.7815 step_time=4.7s eta=0.8h
[Step 78/500] loss=10.5323 reward=0.8052 human=0.9997 length=0.8055 step_time=4.7s eta=0.8h
[Step 79/500] loss=-0.7193 reward=0.9047 human=0.9996 length=0.9050 step_time=8.2s eta=0.8h
[Step 80/500] loss=-5.2411 reward=0.7582 human=0.9997 length=0.7584 step_time=4.7s eta=0.8h
[Step 81/500] loss=-21.0177 reward=0.9323 human=0.9997 length=0.9326 step_time=8.0s eta=0.8h
[Step 82/500] loss=25.7135 reward=0.8637 human=0.9997 length=0.8639 step_time=8.0s eta=0.8h
[Step 83/500] loss=11.9342 reward=0.9222 human=0.9996 length=0.9226 step_time=8.0s eta=0.8h
[Step 84/500] loss=3.4037 reward=0.9169 human=0.9997 length=0.9171 step_time=8.0s eta=0.8h
[Step 85/500] loss=-5.6811 reward=0.9086 human=0.9997 length=0.9089 step_time=8.3s eta=0.8h
[Step 86/500] loss=-0.9794 reward=0.8848 human=0.9996 length=0.8852 step_time=4.8s eta=0.8h
[Step 87/500] loss=7.7638 reward=0.9478 human=0.9996 length=0.9481 step_time=8.0s eta=0.8h
[Step 88/500] loss=-2.6757 reward=0.8538 human=0.9997 length=0.8540 step_time=4.7s eta=0.8h
[Step 89/500] loss=10.1403 reward=0.8918 human=0.9997 length=0.8921 step_time=4.7s eta=0.8h
[Step 90/500] loss=-1.2387 reward=0.9541 human=0.9997 length=0.9544 step_time=8.1s eta=0.8h
[Step 91/500] loss=-0.9856 reward=0.7621 human=0.9997 length=0.7623 step_time=5.1s eta=0.8h
[Step 92/500] loss=3.3163 reward=0.9466 human=0.9996 length=0.9469 step_time=8.1s eta=0.8h
[Step 93/500] loss=10.5455 reward=0.9090 human=0.9996 length=0.9094 step_time=8.1s eta=0.8h
[Step 94/500] loss=0.6526 reward=0.8477 human=0.9996 length=0.8481 step_time=4.8s eta=0.8h
[Step 95/500] loss=-7.0858 reward=0.8567 human=0.9997 length=0.8569 step_time=8.1s eta=0.8h
[Step 96/500] loss=8.9730 reward=0.9338 human=0.9996 length=0.9342 step_time=8.3s eta=0.8h
[Step 97/500] loss=-1.2891 reward=0.9395 human=0.9996 length=0.9399 step_time=8.0s eta=0.8h
[Step 98/500] loss=4.1967 reward=0.7586 human=0.9997 length=0.7588 step_time=4.7s eta=0.8h
[Step 99/500] loss=-30.2052 reward=0.8497 human=0.9997 length=0.8499 step_time=8.0s eta=0.8h
Writing model shards:   0%|          | 0/1 [00:00<?, ?it/s]Writing model shards: 100%|██████████| 1/1 [00:04<00:00,  4.55s/it]Writing model shards: 100%|██████████| 1/1 [00:04<00:00,  4.55s/it]
Saved checkpoint: /home/dsi/eli-bogdanov/ai-detector-from-scratch/results/grpo-human-baseline/seed-replication/seed45-bfloat16/checkpoints/step-00100
[Step 100/500] loss=-13.4404 reward=0.7697 human=0.9997 length=0.7699 step_time=8.0s eta=0.8h
[Step 101/500] loss=1.6197 reward=0.9734 human=0.9997 length=0.9737 step_time=8.0s eta=0.8h
[Step 102/500] loss=-5.8235 reward=0.8857 human=0.9996 length=0.8860 step_time=5.0s eta=0.8h
[Step 103/500] loss=16.7902 reward=0.7309 human=0.9997 length=0.7311 step_time=8.0s eta=0.8h
[Step 104/500] loss=-8.0354 reward=0.8621 human=0.9996 length=0.8624 step_time=4.8s eta=0.8h
[Step 105/500] loss=1.5140 reward=0.8423 human=0.9996 length=0.8426 step_time=4.8s eta=0.8h
[Step 106/500] loss=-3.4311 reward=0.8633 human=0.9995 length=0.8638 step_time=4.8s eta=0.7h
[Step 107/500] loss=7.7052 reward=0.9475 human=0.9997 length=0.9479 step_time=8.3s eta=0.7h
[Step 108/500] loss=0.1352 reward=0.8477 human=0.9995 length=0.8481 step_time=4.8s eta=0.7h
[Step 109/500] loss=5.4745 reward=0.9584 human=0.9996 length=0.9587 step_time=8.0s eta=0.7h
[Step 110/500] loss=2.5402 reward=0.8861 human=0.9996 length=0.8864 step_time=4.8s eta=0.7h
[Step 111/500] loss=-4.5594 reward=0.9574 human=0.9995 length=0.9579 step_time=8.1s eta=0.7h
[Step 112/500] loss=-11.2694 reward=0.8819 human=0.9995 length=0.8823 step_time=4.8s eta=0.7h
[Step 113/500] loss=-12.8795 reward=0.8994 human=0.9995 length=0.8998 step_time=5.0s eta=0.7h
[Step 114/500] loss=-3.5471 reward=0.9434 human=0.9995 length=0.9439 step_time=4.7s eta=0.7h
[Step 115/500] loss=5.2004 reward=0.9084 human=0.9996 length=0.9087 step_time=8.0s eta=0.7h
[Step 116/500] loss=-1.9167 reward=0.8808 human=0.9995 length=0.8812 step_time=4.7s eta=0.7h
[Step 117/500] loss=-4.9416 reward=0.9682 human=0.9996 length=0.9686 step_time=8.0s eta=0.7h
[Step 118/500] loss=19.0603 reward=0.8656 human=0.9997 length=0.8659 step_time=8.0s eta=0.7h
[Step 119/500] loss=-0.0033 reward=0.9641 human=0.9996 length=0.9645 step_time=8.3s eta=0.7h
[Step 120/500] loss=6.4734 reward=0.9747 human=0.9997 length=0.9750 step_time=8.0s eta=0.7h
[Step 121/500] loss=0.4617 reward=0.8967 human=0.9996 length=0.8971 step_time=4.7s eta=0.7h
[Step 122/500] loss=-8.4581 reward=0.9599 human=0.9997 length=0.9602 step_time=8.0s eta=0.7h
[Step 123/500] loss=3.5562 reward=0.9827 human=0.9997 length=0.9830 step_time=8.0s eta=0.7h
[Step 124/500] loss=-2.6990 reward=0.9551 human=0.9997 length=0.9554 step_time=8.0s eta=0.7h
[Step 125/500] loss=2.1494 reward=0.9478 human=0.9996 length=0.9481 step_time=5.0s eta=0.7h
[Step 126/500] loss=-0.7716 reward=0.9379 human=0.9996 length=0.9383 step_time=4.8s eta=0.7h
[Step 127/500] loss=12.3135 reward=0.9597 human=0.9997 length=0.9600 step_time=8.0s eta=0.7h
[Step 128/500] loss=1.1487 reward=0.9422 human=0.9997 length=0.9425 step_time=8.0s eta=0.7h
[Step 129/500] loss=-26.7648 reward=0.8021 human=0.9996 length=0.8024 step_time=4.8s eta=0.7h
[Step 130/500] loss=-3.3003 reward=0.8300 human=0.9994 length=0.8306 step_time=5.0s eta=0.7h
[Step 131/500] loss=-1.9535 reward=0.9561 human=0.9997 length=0.9564 step_time=8.0s eta=0.7h
[Step 132/500] loss=1.0143 reward=0.7570 human=0.9996 length=0.7574 step_time=8.1s eta=0.7h
[Step 133/500] loss=-13.4201 reward=0.8299 human=0.9994 length=0.8304 step_time=4.7s eta=0.7h
[Step 134/500] loss=5.7371 reward=0.7777 human=0.9996 length=0.7780 step_time=4.7s eta=0.7h
[Step 135/500] loss=1.0413 reward=0.8596 human=0.9995 length=0.8600 step_time=5.0s eta=0.7h
[Step 136/500] loss=10.7139 reward=0.7850 human=0.9996 length=0.7853 step_time=4.8s eta=0.7h
[Step 137/500] loss=8.6778 reward=0.8199 human=0.9996 length=0.8202 step_time=4.8s eta=0.7h
[Step 138/500] loss=-4.1165 reward=0.7356 human=0.9995 length=0.7359 step_time=4.8s eta=0.7h
[Step 139/500] loss=5.1900 reward=0.8437 human=0.9996 length=0.8440 step_time=4.8s eta=0.7h
[Step 140/500] loss=-10.5975 reward=0.6600 human=0.9996 length=0.6603 step_time=4.7s eta=0.7h
[Step 141/500] loss=-41.1148 reward=0.7719 human=0.9996 length=0.7722 step_time=8.0s eta=0.7h
[Step 142/500] loss=-5.2658 reward=0.6825 human=0.9995 length=0.6828 step_time=5.0s eta=0.7h
[Step 143/500] loss=-16.7275 reward=0.7249 human=0.9997 length=0.7252 step_time=7.9s eta=0.7h
[Step 144/500] loss=-2.9025 reward=0.8378 human=0.9997 length=0.8380 step_time=7.9s eta=0.7h
[Step 145/500] loss=-12.9689 reward=0.6784 human=0.9996 length=0.6787 step_time=4.7s eta=0.7h
[Step 146/500] loss=5.3754 reward=0.7846 human=0.9996 length=0.7849 step_time=8.0s eta=0.7h
[Step 147/500] loss=-6.3921 reward=0.7719 human=0.9995 length=0.7723 step_time=4.9s eta=0.7h
[Step 148/500] loss=-5.8059 reward=0.6966 human=0.9996 length=0.6969 step_time=4.7s eta=0.7h
[Step 149/500] loss=-9.6939 reward=0.7693 human=0.9996 length=0.7696 step_time=7.9s eta=0.7h
[Step 150/500] loss=-12.3989 reward=0.8173 human=0.9996 length=0.8176 step_time=8.0s eta=0.7h
[Step 151/500] loss=-30.7478 reward=0.6843 human=0.9996 length=0.6846 step_time=4.7s eta=0.7h
[Step 152/500] loss=0.4526 reward=0.7090 human=0.9995 length=0.7094 step_time=4.7s eta=0.6h
[Step 153/500] loss=-6.5050 reward=0.7214 human=0.9995 length=0.7218 step_time=4.9s eta=0.6h
[Step 154/500] loss=-4.8355 reward=0.7005 human=0.9996 length=0.7008 step_time=4.7s eta=0.6h
[Step 155/500] loss=-55.4965 reward=0.6934 human=0.9993 length=0.6938 step_time=7.9s eta=0.6h
[Step 156/500] loss=-25.0875 reward=0.7212 human=0.9996 length=0.7215 step_time=8.0s eta=0.6h
[Step 157/500] loss=-31.0206 reward=0.6759 human=0.9994 length=0.6764 step_time=8.0s eta=0.6h
[Step 158/500] loss=-23.8714 reward=0.6205 human=0.9993 length=0.6209 step_time=4.7s eta=0.6h
[Step 159/500] loss=-9.8262 reward=0.7093 human=0.9995 length=0.7097 step_time=4.9s eta=0.6h
[Step 160/500] loss=1.5719 reward=0.7860 human=0.9995 length=0.7864 step_time=4.7s eta=0.6h
[Step 161/500] loss=0.3100 reward=0.7330 human=0.9996 length=0.7332 step_time=8.0s eta=0.6h
[Step 162/500] loss=9.4844 reward=0.7502 human=0.9996 length=0.7505 step_time=4.7s eta=0.6h
[Step 163/500] loss=-6.1650 reward=0.8311 human=0.9996 length=0.8314 step_time=7.9s eta=0.6h
[Step 164/500] loss=-1.4884 reward=0.9447 human=0.9995 length=0.9451 step_time=4.7s eta=0.6h
[Step 165/500] loss=0.8413 reward=0.9192 human=0.9996 length=0.9195 step_time=8.2s eta=0.6h
[Step 166/500] loss=-7.7669 reward=0.9011 human=0.9995 length=0.9015 step_time=4.7s eta=0.6h
[Step 167/500] loss=4.4170 reward=0.9521 human=0.9996 length=0.9525 step_time=7.9s eta=0.6h
[Step 168/500] loss=-10.2076 reward=0.8946 human=0.9996 length=0.8949 step_time=7.9s eta=0.6h
[Step 169/500] loss=-9.1736 reward=0.9627 human=0.9995 length=0.9632 step_time=4.7s eta=0.6h
[Step 170/500] loss=-3.5371 reward=0.9505 human=0.9996 length=0.9508 step_time=8.2s eta=0.6h
[Step 171/500] loss=5.4956 reward=0.9472 human=0.9996 length=0.9475 step_time=7.9s eta=0.6h
[Step 172/500] loss=-0.8453 reward=0.9346 human=0.9996 length=0.9350 step_time=7.9s eta=0.6h
[Step 173/500] loss=7.7805 reward=0.8504 human=0.9994 length=0.8509 step_time=7.9s eta=0.6h
[Step 174/500] loss=2.1064 reward=0.9246 human=0.9995 length=0.9250 step_time=8.0s eta=0.6h
[Step 175/500] loss=5.1635 reward=0.9471 human=0.9995 length=0.9475 step_time=8.0s eta=0.6h
[Step 176/500] loss=-5.5179 reward=0.7870 human=0.9992 length=0.7876 step_time=4.9s eta=0.6h
[Step 177/500] loss=0.0450 reward=0.9621 human=0.9995 length=0.9625 step_time=7.9s eta=0.6h
[Step 178/500] loss=-3.1602 reward=0.9798 human=0.9995 length=0.9803 step_time=7.9s eta=0.6h
[Step 179/500] loss=2.6661 reward=0.8528 human=0.9993 length=0.8534 step_time=7.9s eta=0.6h
[Step 180/500] loss=-5.1220 reward=0.8982 human=0.9994 length=0.8987 step_time=8.0s eta=0.6h
[Step 181/500] loss=-4.4818 reward=0.9219 human=0.9993 length=0.9225 step_time=4.8s eta=0.6h
[Step 182/500] loss=-15.3456 reward=0.9015 human=0.9996 length=0.9019 step_time=8.2s eta=0.6h
[Step 183/500] loss=-13.1024 reward=0.8595 human=0.9995 length=0.8599 step_time=4.7s eta=0.6h
[Step 184/500] loss=1.3259 reward=0.9404 human=0.9995 length=0.9409 step_time=8.0s eta=0.6h
[Step 185/500] loss=2.8822 reward=0.9499 human=0.9996 length=0.9503 step_time=8.0s eta=0.6h
[Step 186/500] loss=-2.3443 reward=0.9341 human=0.9994 length=0.9347 step_time=4.7s eta=0.6h
[Step 187/500] loss=1.4065 reward=0.9090 human=0.9994 length=0.9096 step_time=4.8s eta=0.6h
[Step 188/500] loss=-3.5325 reward=0.8812 human=0.9995 length=0.8816 step_time=5.0s eta=0.6h
[Step 189/500] loss=3.7957 reward=0.9050 human=0.9995 length=0.9055 step_time=4.7s eta=0.6h
[Step 190/500] loss=-3.1078 reward=0.9303 human=0.9996 length=0.9308 step_time=4.7s eta=0.6h
[Step 191/500] loss=0.7599 reward=0.9386 human=0.9994 length=0.9392 step_time=4.7s eta=0.6h
[Step 192/500] loss=1.3052 reward=0.8976 human=0.9994 length=0.8981 step_time=8.0s eta=0.6h
[Step 193/500] loss=-3.9981 reward=0.9291 human=0.9994 length=0.9296 step_time=8.2s eta=0.6h
[Step 194/500] loss=-5.7149 reward=0.9011 human=0.9994 length=0.9016 step_time=4.7s eta=0.6h
[Step 195/500] loss=1.6272 reward=0.8936 human=0.9994 length=0.8942 step_time=4.7s eta=0.6h
[Step 196/500] loss=-0.1011 reward=0.8812 human=0.9993 length=0.8818 step_time=4.8s eta=0.6h
[Step 197/500] loss=-1.0397 reward=0.9138 human=0.9993 length=0.9145 step_time=4.8s eta=0.6h
[Step 198/500] loss=-0.4451 reward=0.8964 human=0.9995 length=0.8969 step_time=4.8s eta=0.6h
[Step 199/500] loss=6.0265 reward=0.8936 human=0.9992 length=0.8944 step_time=5.0s eta=0.6h
Writing model shards:   0%|          | 0/1 [00:00<?, ?it/s]Writing model shards: 100%|██████████| 1/1 [00:04<00:00,  4.29s/it]Writing model shards: 100%|██████████| 1/1 [00:04<00:00,  4.29s/it]
Saved checkpoint: /home/dsi/eli-bogdanov/ai-detector-from-scratch/results/grpo-human-baseline/seed-replication/seed45-bfloat16/checkpoints/step-00200
[Step 200/500] loss=-0.6280 reward=0.8863 human=0.9994 length=0.8868 step_time=4.8s eta=0.6h
[Step 201/500] loss=-1.3705 reward=0.8922 human=0.9995 length=0.8926 step_time=8.1s eta=0.6h
[Step 202/500] loss=-1.8999 reward=0.8446 human=0.9995 length=0.8450 step_time=8.1s eta=0.6h
[Step 203/500] loss=-1.5137 reward=0.8936 human=0.9993 length=0.8943 step_time=4.8s eta=0.6h
[Step 204/500] loss=1.9765 reward=0.9458 human=0.9994 length=0.9464 step_time=4.8s eta=0.5h
[Step 205/500] loss=-9.5556 reward=0.9755 human=0.9993 length=0.9761 step_time=8.3s eta=0.5h
[Step 206/500] loss=1.5725 reward=0.8870 human=0.9994 length=0.8875 step_time=8.0s eta=0.5h
[Step 207/500] loss=-0.9283 reward=0.9379 human=0.9994 length=0.9385 step_time=4.7s eta=0.5h
[Step 208/500] loss=-9.3386 reward=0.9503 human=0.9996 length=0.9507 step_time=8.0s eta=0.5h
[Step 209/500] loss=-15.9983 reward=0.9304 human=0.9994 length=0.9310 step_time=4.7s eta=0.5h
[Step 210/500] loss=2.2749 reward=0.9945 human=0.9995 length=0.9950 step_time=8.0s eta=0.5h
[Step 211/500] loss=-1.3046 reward=0.9225 human=0.9994 length=0.9231 step_time=5.0s eta=0.5h
[Step 212/500] loss=-20.7237 reward=0.9922 human=0.9995 length=0.9927 step_time=8.1s eta=0.5h
[Step 213/500] loss=-0.0090 reward=0.8886 human=0.9995 length=0.8891 step_time=4.8s eta=0.5h
[Step 214/500] loss=1.2295 reward=0.8314 human=0.9994 length=0.8319 step_time=8.0s eta=0.5h
[Step 215/500] loss=3.1925 reward=0.7538 human=0.9995 length=0.7542 step_time=4.7s eta=0.5h
[Step 216/500] loss=4.5399 reward=0.8194 human=0.9991 length=0.8201 step_time=5.0s eta=0.5h
[Step 217/500] loss=-3.2223 reward=0.8948 human=0.9991 length=0.8956 step_time=8.0s eta=0.5h
[Step 218/500] loss=-4.8171 reward=0.7964 human=0.9990 length=0.7972 step_time=4.8s eta=0.5h
[Step 219/500] loss=4.3302 reward=0.8485 human=0.9989 length=0.8494 step_time=8.0s eta=0.5h
[Step 220/500] loss=-5.1055 reward=0.7840 human=0.9991 length=0.7847 step_time=4.8s eta=0.5h
[Step 221/500] loss=8.1179 reward=0.8727 human=0.9991 length=0.8735 step_time=8.0s eta=0.5h
[Step 222/500] loss=-2.6901 reward=0.7930 human=0.9983 length=0.7943 step_time=4.7s eta=0.5h
[Step 223/500] loss=-1.8063 reward=0.8323 human=0.9990 length=0.8331 step_time=5.0s eta=0.5h
[Step 224/500] loss=1.2010 reward=0.8423 human=0.9990 length=0.8432 step_time=4.8s eta=0.5h
[Step 225/500] loss=3.7990 reward=0.6509 human=0.9990 length=0.6516 step_time=8.0s eta=0.5h
[Step 226/500] loss=5.8199 reward=0.9185 human=0.9992 length=0.9193 step_time=8.1s eta=0.5h
[Step 227/500] loss=-0.2804 reward=0.7902 human=0.9990 length=0.7910 step_time=4.8s eta=0.5h
[Step 228/500] loss=5.6234 reward=0.7688 human=0.9990 length=0.7696 step_time=8.3s eta=0.5h
[Step 229/500] loss=15.1472 reward=0.6769 human=0.9989 length=0.6776 step_time=8.0s eta=0.5h
[Step 230/500] loss=-3.9749 reward=0.8334 human=0.9992 length=0.8341 step_time=8.1s eta=0.5h
[Step 231/500] loss=-16.6116 reward=0.8722 human=0.9989 length=0.8731 step_time=8.0s eta=0.5h
[Step 232/500] loss=-1.9407 reward=0.8954 human=0.9991 length=0.8962 step_time=8.0s eta=0.5h
[Step 233/500] loss=6.2865 reward=0.8090 human=0.9989 length=0.8099 step_time=4.7s eta=0.5h
[Step 234/500] loss=-43.0666 reward=0.7970 human=0.9990 length=0.7978 step_time=8.3s eta=0.5h
[Step 235/500] loss=-1.6044 reward=0.8847 human=0.9993 length=0.8853 step_time=8.0s eta=0.5h
[Step 236/500] loss=0.7928 reward=0.9382 human=0.9990 length=0.9392 step_time=8.0s eta=0.5h
[Step 237/500] loss=-2.9813 reward=0.8026 human=0.9989 length=0.8035 step_time=4.8s eta=0.5h
[Step 238/500] loss=-4.0807 reward=0.8651 human=0.9993 length=0.8657 step_time=8.0s eta=0.5h
[Step 239/500] loss=6.3917 reward=0.8850 human=0.9990 length=0.8859 step_time=4.8s eta=0.5h
[Step 240/500] loss=1.7630 reward=0.7950 human=0.9990 length=0.7958 step_time=5.0s eta=0.5h
[Step 241/500] loss=-3.9628 reward=0.9304 human=0.9991 length=0.9313 step_time=8.0s eta=0.5h
[Step 242/500] loss=-32.0382 reward=0.8963 human=0.9992 length=0.8970 step_time=8.0s eta=0.5h
[Step 243/500] loss=-0.2717 reward=0.9144 human=0.9987 length=0.9156 step_time=8.0s eta=0.5h
[Step 244/500] loss=-13.3322 reward=0.8179 human=0.9991 length=0.8186 step_time=4.8s eta=0.5h
[Step 245/500] loss=1.0025 reward=0.8034 human=0.9980 length=0.8050 step_time=8.0s eta=0.5h
[Step 246/500] loss=2.8249 reward=0.9354 human=0.9993 length=0.9361 step_time=8.3s eta=0.5h
[Step 247/500] loss=3.2610 reward=0.9725 human=0.9991 length=0.9733 step_time=8.0s eta=0.5h
[Step 248/500] loss=0.4577 reward=0.9702 human=0.9993 length=0.9708 step_time=8.0s eta=0.5h
[Step 249/500] loss=0.7827 reward=0.9346 human=0.9994 length=0.9352 step_time=8.0s eta=0.5h
[Step 250/500] loss=-0.0605 reward=0.8476 human=0.9991 length=0.8483 step_time=4.8s eta=0.5h
[Step 251/500] loss=0.3055 reward=0.9058 human=0.9991 length=0.9067 step_time=5.0s eta=0.5h
[Step 252/500] loss=0.3279 reward=0.9517 human=0.9992 length=0.9525 step_time=8.1s eta=0.5h
[Step 253/500] loss=6.2755 reward=0.9792 human=0.9992 length=0.9800 step_time=8.1s eta=0.5h
[Step 254/500] loss=2.4401 reward=0.8540 human=0.9991 length=0.8548 step_time=4.8s eta=0.5h
[Step 255/500] loss=-5.5937 reward=0.9893 human=0.9993 length=0.9900 step_time=8.1s eta=0.5h
[Step 256/500] loss=-3.4865 reward=0.8730 human=0.9993 length=0.8735 step_time=4.8s eta=0.5h
[Step 257/500] loss=0.0000 reward=0.8922 human=0.9993 length=0.8929 step_time=3.9s eta=0.5h
[Step 258/500] loss=1.6515 reward=0.9695 human=0.9995 length=0.9700 step_time=8.0s eta=0.5h
[Step 259/500] loss=-0.9621 reward=0.8730 human=0.9994 length=0.8735 step_time=5.0s eta=0.4h
[Step 260/500] loss=-0.0370 reward=0.9798 human=0.9994 length=0.9804 step_time=8.0s eta=0.4h
[Step 261/500] loss=4.9242 reward=0.9746 human=0.9993 length=0.9753 step_time=8.0s eta=0.4h
[Step 262/500] loss=4.7266 reward=0.8990 human=0.9993 length=0.8996 step_time=4.8s eta=0.4h
[Step 263/500] loss=5.2073 reward=0.9642 human=0.9992 length=0.9650 step_time=8.0s eta=0.4h
[Step 264/500] loss=1.2106 reward=0.9796 human=0.9993 length=0.9803 step_time=8.3s eta=0.4h
[Step 265/500] loss=1.1977 reward=0.9619 human=0.9994 length=0.9625 step_time=8.0s eta=0.4h
[Step 266/500] loss=-0.7988 reward=0.9522 human=0.9994 length=0.9528 step_time=4.8s eta=0.4h
[Step 267/500] loss=-16.4763 reward=0.8465 human=0.9994 length=0.8471 step_time=4.8s eta=0.4h
[Step 268/500] loss=1.3398 reward=0.9227 human=0.9993 length=0.9233 step_time=8.0s eta=0.4h
[Step 269/500] loss=-1.6977 reward=0.9388 human=0.9992 length=0.9396 step_time=8.0s eta=0.4h
[Step 270/500] loss=-0.5260 reward=0.8744 human=0.9995 length=0.8749 step_time=5.0s eta=0.4h
[Step 271/500] loss=-1.5995 reward=0.8813 human=0.9993 length=0.8819 step_time=4.7s eta=0.4h
[Step 272/500] loss=5.3309 reward=0.9618 human=0.9992 length=0.9626 step_time=8.0s eta=0.4h
[Step 273/500] loss=4.4044 reward=0.9344 human=0.9993 length=0.9350 step_time=8.0s eta=0.4h
[Step 274/500] loss=2.1479 reward=0.9617 human=0.9992 length=0.9625 step_time=8.0s eta=0.4h
[Step 275/500] loss=-0.0821 reward=0.9427 human=0.9992 length=0.9434 step_time=4.7s eta=0.4h
[Step 276/500] loss=-2.4363 reward=0.9301 human=0.9993 length=0.9308 step_time=5.0s eta=0.4h
[Step 277/500] loss=5.7792 reward=0.9151 human=0.9993 length=0.9157 step_time=8.0s eta=0.4h
[Step 278/500] loss=0.2545 reward=0.9318 human=0.9993 length=0.9325 step_time=8.0s eta=0.4h
[Step 279/500] loss=0.0116 reward=0.9369 human=0.9994 length=0.9375 step_time=8.0s eta=0.4h
[Step 280/500] loss=-8.1623 reward=0.8881 human=0.9991 length=0.8889 step_time=4.7s eta=0.4h
[Step 281/500] loss=-1.5723 reward=0.9167 human=0.9991 length=0.9175 step_time=4.7s eta=0.4h
[Step 282/500] loss=-0.2774 reward=0.9103 human=0.9992 length=0.9110 step_time=5.0s eta=0.4h
[Step 283/500] loss=0.4796 reward=0.9822 human=0.9994 length=0.9828 step_time=8.0s eta=0.4h
[Step 284/500] loss=1.5594 reward=0.9300 human=0.9993 length=0.9306 step_time=4.8s eta=0.4h
[Step 285/500] loss=-0.2041 reward=0.9385 human=0.9994 length=0.9390 step_time=4.7s eta=0.4h
[Step 286/500] loss=-0.3757 reward=0.8595 human=0.9994 length=0.8600 step_time=8.0s eta=0.4h
[Step 287/500] loss=0.7034 reward=0.8771 human=0.9992 length=0.8779 step_time=5.0s eta=0.4h
[Step 288/500] loss=-3.7754 reward=0.9796 human=0.9991 length=0.9805 step_time=4.7s eta=0.4h
[Step 289/500] loss=0.2342 reward=0.9703 human=0.9993 length=0.9710 step_time=8.0s eta=0.4h
[Step 290/500] loss=-2.7367 reward=0.9773 human=0.9993 length=0.9780 step_time=8.0s eta=0.4h
[Step 291/500] loss=-0.2544 reward=0.9302 human=0.9994 length=0.9308 step_time=4.8s eta=0.4h
[Step 292/500] loss=-0.1978 reward=0.9798 human=0.9994 length=0.9804 step_time=8.0s eta=0.4h
[Step 293/500] loss=1.0025 reward=0.9822 human=0.9994 length=0.9828 step_time=8.0s eta=0.4h
[Step 294/500] loss=-2.0110 reward=0.9385 human=0.9994 length=0.9390 step_time=5.0s eta=0.4h
[Step 295/500] loss=-0.1678 reward=0.9429 human=0.9995 length=0.9434 step_time=4.7s eta=0.4h
[Step 296/500] loss=0.1096 reward=0.9083 human=0.9991 length=0.9091 step_time=4.7s eta=0.4h
[Step 297/500] loss=0.0649 reward=0.9798 human=0.9994 length=0.9804 step_time=8.0s eta=0.4h
[Step 298/500] loss=1.0347 reward=0.9593 human=0.9992 length=0.9600 step_time=8.0s eta=0.4h
[Step 299/500] loss=5.7992 reward=0.9768 human=0.9993 length=0.9775 step_time=8.2s eta=0.4h
Writing model shards:   0%|          | 0/1 [00:00<?, ?it/s]Writing model shards: 100%|██████████| 1/1 [00:04<00:00,  4.14s/it]Writing model shards: 100%|██████████| 1/1 [00:04<00:00,  4.14s/it]
Saved checkpoint: /home/dsi/eli-bogdanov/ai-detector-from-scratch/results/grpo-human-baseline/seed-replication/seed45-bfloat16/checkpoints/step-00300
[Step 300/500] loss=2.4346 reward=0.9018 human=0.9993 length=0.9025 step_time=8.0s eta=0.4h
[Step 301/500] loss=2.7679 reward=0.9671 human=0.9994 length=0.9677 step_time=8.1s eta=0.4h
[Step 302/500] loss=-3.8348 reward=0.9722 human=0.9993 length=0.9728 step_time=8.1s eta=0.4h
[Step 303/500] loss=1.2064 reward=0.9843 human=0.9992 length=0.9850 step_time=8.1s eta=0.4h
[Step 304/500] loss=0.3904 reward=0.9567 human=0.9992 length=0.9575 step_time=8.1s eta=0.4h
[Step 305/500] loss=0.8865 reward=0.9624 human=0.9993 length=0.9631 step_time=8.3s eta=0.4h
[Step 306/500] loss=3.4278 reward=0.9519 human=0.9994 length=0.9525 step_time=4.8s eta=0.4h
[Step 307/500] loss=1.6337 reward=0.9003 human=0.9991 length=0.9011 step_time=4.8s eta=0.4h
[Step 308/500] loss=-0.6042 reward=0.9819 human=0.9994 length=0.9825 step_time=8.1s eta=0.4h
[Step 309/500] loss=5.4597 reward=0.9501 human=0.9994 length=0.9507 step_time=8.1s eta=0.4h
[Step 310/500] loss=-1.2305 reward=0.8521 human=0.9995 length=0.8525 step_time=8.3s eta=0.4h
[Step 311/500] loss=-1.1010 reward=0.9794 human=0.9993 length=0.9800 step_time=8.1s eta=0.4h
[Step 312/500] loss=-1.7212 reward=0.9444 human=0.9994 length=0.9450 step_time=8.1s eta=0.4h
[Step 313/500] loss=0.3135 reward=0.9619 human=0.9993 length=0.9625 step_time=8.1s eta=0.4h
[Step 314/500] loss=9.8189 reward=0.9744 human=0.9994 length=0.9750 step_time=8.1s eta=0.4h
[Step 315/500] loss=0.0000 reward=0.8396 human=0.9995 length=0.8400 step_time=7.1s eta=0.3h
[Step 316/500] loss=1.0153 reward=0.9797 human=0.9992 length=0.9804 step_time=8.1s eta=0.3h
[Step 317/500] loss=0.4032 reward=0.9944 human=0.9994 length=0.9950 step_time=8.3s eta=0.3h
[Step 318/500] loss=-0.6705 reward=0.9726 human=0.9993 length=0.9733 step_time=8.0s eta=0.3h
[Step 319/500] loss=1.0556 reward=0.9103 human=0.9992 length=0.9110 step_time=4.8s eta=0.3h
[Step 320/500] loss=-0.7037 reward=0.8886 human=0.9993 length=0.8892 step_time=4.8s eta=0.3h
[Step 321/500] loss=0.7421 reward=0.9749 human=0.9995 length=0.9755 step_time=8.0s eta=0.3h
[Step 322/500] loss=1.4528 reward=0.8653 human=0.9994 length=0.8658 step_time=5.0s eta=0.3h
[Step 323/500] loss=0.0870 reward=0.9446 human=0.9995 length=0.9451 step_time=8.1s eta=0.3h
[Step 324/500] loss=1.1784 reward=0.9094 human=0.9993 length=0.9100 step_time=8.1s eta=0.3h
[Step 325/500] loss=-0.0242 reward=0.9020 human=0.9994 length=0.9025 step_time=8.1s eta=0.3h
[Step 326/500] loss=-1.4666 reward=0.8962 human=0.9992 length=0.8969 step_time=4.8s eta=0.3h
[Step 327/500] loss=-48.2048 reward=0.9106 human=0.9991 length=0.9113 step_time=8.0s eta=0.3h
[Step 328/500] loss=-3.4321 reward=0.9497 human=0.9994 length=0.9502 step_time=8.3s eta=0.3h
[Step 329/500] loss=-0.5538 reward=0.9229 human=0.9994 length=0.9235 step_time=4.8s eta=0.3h
[Step 330/500] loss=-2.3305 reward=0.9823 human=0.9994 length=0.9830 step_time=8.0s eta=0.3h
[Step 331/500] loss=-0.4640 reward=0.8961 human=0.9991 length=0.8969 step_time=4.8s eta=0.3h
[Step 332/500] loss=-4.0957 reward=0.9613 human=0.9992 length=0.9621 step_time=4.7s eta=0.3h
[Step 333/500] loss=-1.0449 reward=0.9775 human=0.9995 length=0.9780 step_time=8.0s eta=0.3h
[Step 334/500] loss=-2.7357 reward=0.9821 human=0.9995 length=0.9826 step_time=8.3s eta=0.3h
[Step 335/500] loss=1.6800 reward=0.9215 human=0.9993 length=0.9222 step_time=4.8s eta=0.3h
[Step 336/500] loss=0.5272 reward=0.9795 human=0.9994 length=0.9800 step_time=8.0s eta=0.3h
[Step 337/500] loss=-0.2681 reward=0.9609 human=0.9994 length=0.9615 step_time=4.8s eta=0.3h
[Step 338/500] loss=-0.1311 reward=0.9870 human=0.9995 length=0.9875 step_time=8.0s eta=0.3h
[Step 339/500] loss=-1.8598 reward=0.9870 human=0.9995 length=0.9875 step_time=8.3s eta=0.3h
[Step 340/500] loss=-0.1897 reward=0.9895 human=0.9995 length=0.9900 step_time=8.0s eta=0.3h
[Step 341/500] loss=-2.0047 reward=0.9430 human=0.9994 length=0.9436 step_time=4.8s eta=0.3h
[Step 342/500] loss=0.1553 reward=0.9696 human=0.9994 length=0.9702 step_time=4.8s eta=0.3h
[Step 343/500] loss=-1.6561 reward=0.9044 human=0.9993 length=0.9050 step_time=4.8s eta=0.3h
[Step 344/500] loss=1.1592 reward=0.9394 human=0.9991 length=0.9402 step_time=4.8s eta=0.3h
[Step 345/500] loss=-25.3719 reward=0.6912 human=0.9994 length=0.6916 step_time=5.0s eta=0.3h
[Step 346/500] loss=-2.3263 reward=0.9517 human=0.9991 length=0.9525 step_time=4.8s eta=0.3h
[Step 347/500] loss=2.7337 reward=0.9268 human=0.9993 length=0.9275 step_time=8.0s eta=0.3h
[Step 348/500] loss=-67.7790 reward=0.8645 human=0.9994 length=0.8650 step_time=8.0s eta=0.3h
[Step 349/500] loss=-67.4079 reward=0.8796 human=0.9994 length=0.8801 step_time=8.0s eta=0.3h
[Step 350/500] loss=-12.8003 reward=0.8614 human=0.9994 length=0.8619 step_time=8.3s eta=0.3h
[Step 351/500] loss=-0.1125 reward=0.8931 human=0.9993 length=0.8937 step_time=4.8s eta=0.3h
[Step 352/500] loss=-0.6443 reward=0.8805 human=0.9993 length=0.8811 step_time=4.8s eta=0.3h
[Step 353/500] loss=-1.0921 reward=0.8806 human=0.9993 length=0.8812 step_time=4.7s eta=0.3h
[Step 354/500] loss=-0.1954 reward=0.9219 human=0.9994 length=0.9225 step_time=8.1s eta=0.3h
[Step 355/500] loss=0.8044 reward=0.8932 human=0.9994 length=0.8937 step_time=4.8s eta=0.3h
[Step 356/500] loss=0.8580 reward=0.8069 human=0.9992 length=0.8075 step_time=8.1s eta=0.3h
[Step 357/500] loss=-0.8882 reward=0.9768 human=0.9992 length=0.9776 step_time=8.4s eta=0.3h
[Step 358/500] loss=3.8236 reward=0.9544 human=0.9994 length=0.9550 step_time=8.2s eta=0.3h
[Step 359/500] loss=0.5341 reward=0.8943 human=0.9992 length=0.8950 step_time=8.1s eta=0.3h
[Step 360/500] loss=-1.3751 reward=0.9768 human=0.9992 length=0.9776 step_time=8.2s eta=0.3h
[Step 361/500] loss=-1.2084 reward=0.9493 human=0.9992 length=0.9500 step_time=8.1s eta=0.3h
[Step 362/500] loss=0.9242 reward=0.9797 human=0.9993 length=0.9804 step_time=5.1s eta=0.3h
[Step 363/500] loss=-1.2242 reward=0.9166 human=0.9991 length=0.9175 step_time=8.1s eta=0.3h
[Step 364/500] loss=-0.3907 reward=0.9918 human=0.9992 length=0.9926 step_time=8.1s eta=0.3h
[Step 365/500] loss=0.0000 reward=0.8892 human=0.9990 length=0.8900 step_time=7.2s eta=0.3h
[Step 366/500] loss=0.5674 reward=0.8804 human=0.9992 length=0.8811 step_time=4.8s eta=0.3h
[Step 367/500] loss=-0.3130 reward=0.9621 human=0.9990 length=0.9631 step_time=8.1s eta=0.3h
[Step 368/500] loss=1.0492 reward=0.9753 human=0.9992 length=0.9761 step_time=8.1s eta=0.2h
[Step 369/500] loss=1.6458 reward=0.9368 human=0.9993 length=0.9375 step_time=8.3s eta=0.2h
[Step 370/500] loss=0.8592 reward=0.9593 human=0.9993 length=0.9600 step_time=8.1s eta=0.2h
[Step 371/500] loss=-0.7816 reward=0.8730 human=0.9995 length=0.8734 step_time=4.7s eta=0.2h
[Step 372/500] loss=-46.0305 reward=0.8973 human=0.9992 length=0.8980 step_time=7.9s eta=0.2h
[Step 373/500] loss=-0.2235 reward=0.9876 human=0.9995 length=0.9881 step_time=7.9s eta=0.2h
[Step 374/500] loss=1.6202 reward=0.8469 human=0.9993 length=0.8475 step_time=7.9s eta=0.2h
[Step 375/500] loss=0.3565 reward=0.9003 human=0.9992 length=0.9010 step_time=4.9s eta=0.2h
[Step 376/500] loss=1.5716 reward=0.9795 human=0.9995 length=0.9800 step_time=7.9s eta=0.2h
[Step 377/500] loss=-0.1731 reward=0.9919 human=0.9993 length=0.9926 step_time=7.9s eta=0.2h
[Step 378/500] loss=0.0751 reward=0.9744 human=0.9994 length=0.9750 step_time=7.9s eta=0.2h
[Step 379/500] loss=0.2113 reward=0.9594 human=0.9994 length=0.9600 step_time=7.9s eta=0.2h
[Step 380/500] loss=4.6446 reward=0.9718 human=0.9993 length=0.9725 step_time=7.9s eta=0.2h
[Step 381/500] loss=-0.8833 reward=0.9820 human=0.9995 length=0.9825 step_time=8.2s eta=0.2h
[Step 382/500] loss=-2.9923 reward=0.9005 human=0.9993 length=0.9011 step_time=4.7s eta=0.2h
[Step 383/500] loss=0.0097 reward=0.9084 human=0.9992 length=0.9091 step_time=4.7s eta=0.2h
[Step 384/500] loss=2.4867 reward=0.9620 human=0.9994 length=0.9626 step_time=8.0s eta=0.2h
[Step 385/500] loss=-0.4707 reward=0.9173 human=0.9994 length=0.9178 step_time=4.8s eta=0.2h
[Step 386/500] loss=-0.6403 reward=0.9895 human=0.9995 length=0.9900 step_time=8.3s eta=0.2h
[Step 387/500] loss=2.0977 reward=0.9720 human=0.9995 length=0.9725 step_time=8.0s eta=0.2h
[Step 388/500] loss=9.5336 reward=0.9419 human=0.9994 length=0.9425 step_time=7.9s eta=0.2h
[Step 389/500] loss=3.1241 reward=0.9170 human=0.9993 length=0.9177 step_time=4.8s eta=0.2h
[Step 390/500] loss=0.8850 reward=0.8924 human=0.9993 length=0.8930 step_time=4.7s eta=0.2h
[Step 391/500] loss=-13.8838 reward=0.9400 human=0.9995 length=0.9405 step_time=8.0s eta=0.2h
[Step 392/500] loss=-5.4561 reward=0.9593 human=0.9993 length=0.9600 step_time=8.0s eta=0.2h
[Step 393/500] loss=0.7269 reward=0.9085 human=0.9993 length=0.9091 step_time=5.0s eta=0.2h
[Step 394/500] loss=0.8339 reward=0.9870 human=0.9994 length=0.9876 step_time=8.0s eta=0.2h
[Step 395/500] loss=-0.6059 reward=0.9477 human=0.9994 length=0.9483 step_time=4.7s eta=0.2h
[Step 396/500] loss=-0.3170 reward=0.9695 human=0.9995 length=0.9700 step_time=8.0s eta=0.2h
[Step 397/500] loss=0.2593 reward=0.9045 human=0.9994 length=0.9050 step_time=4.8s eta=0.2h
[Step 398/500] loss=0.3948 reward=0.9819 human=0.9994 length=0.9825 step_time=8.4s eta=0.2h
[Step 399/500] loss=0.8540 reward=0.9544 human=0.9994 length=0.9550 step_time=8.1s eta=0.2h
Writing model shards:   0%|          | 0/1 [00:00<?, ?it/s]Writing model shards: 100%|██████████| 1/1 [00:04<00:00,  4.29s/it]Writing model shards: 100%|██████████| 1/1 [00:04<00:00,  4.29s/it]
Saved checkpoint: /home/dsi/eli-bogdanov/ai-detector-from-scratch/results/grpo-human-baseline/seed-replication/seed45-bfloat16/checkpoints/step-00400
[Step 400/500] loss=-2.4746 reward=0.9918 human=0.9993 length=0.9925 step_time=8.1s eta=0.2h
[Step 401/500] loss=2.4040 reward=0.9168 human=0.9993 length=0.9175 step_time=4.7s eta=0.2h
[Step 402/500] loss=1.2096 reward=0.9168 human=0.9993 length=0.9175 step_time=4.7s eta=0.2h
[Step 403/500] loss=-1.1652 reward=0.9169 human=0.9993 length=0.9175 step_time=4.7s eta=0.2h
[Step 404/500] loss=0.3454 reward=0.9469 human=0.9994 length=0.9475 step_time=8.2s eta=0.2h
[Step 405/500] loss=-0.5067 reward=0.9086 human=0.9993 length=0.9092 step_time=4.7s eta=0.2h
[Step 406/500] loss=-1.2384 reward=0.9895 human=0.9995 length=0.9900 step_time=7.9s eta=0.2h
[Step 407/500] loss=0.1053 reward=0.9010 human=0.9994 length=0.9015 step_time=4.7s eta=0.2h
[Step 408/500] loss=-0.4125 reward=0.9208 human=0.9990 length=0.9217 step_time=4.7s eta=0.2h
[Step 409/500] loss=-0.6012 reward=0.9818 human=0.9993 length=0.9825 step_time=8.3s eta=0.2h
[Step 410/500] loss=-1.5192 reward=0.9794 human=0.9993 length=0.9800 step_time=7.9s eta=0.2h
[Step 411/500] loss=-1.0175 reward=0.9300 human=0.9993 length=0.9306 step_time=4.7s eta=0.2h
[Step 412/500] loss=-0.1860 reward=0.8888 human=0.9994 length=0.8894 step_time=4.7s eta=0.2h
[Step 413/500] loss=0.4579 reward=0.9569 human=0.9994 length=0.9575 step_time=7.9s eta=0.2h
[Step 414/500] loss=-0.9850 reward=0.9670 human=0.9994 length=0.9675 step_time=8.2s eta=0.2h
[Step 415/500] loss=-1.1199 reward=0.9846 human=0.9995 length=0.9851 step_time=7.9s eta=0.2h
[Step 416/500] loss=-3.5654 reward=0.9818 human=0.9993 length=0.9825 step_time=7.9s eta=0.2h
[Step 417/500] loss=2.1827 reward=0.9843 human=0.9993 length=0.9850 step_time=7.9s eta=0.2h
[Step 418/500] loss=-1.1526 reward=0.9171 human=0.9993 length=0.9177 step_time=4.7s eta=0.2h
[Step 419/500] loss=0.5301 reward=0.9126 human=0.9993 length=0.9133 step_time=4.6s eta=0.2h
[Step 420/500] loss=0.2731 reward=0.9720 human=0.9995 length=0.9725 step_time=8.1s eta=0.2h
[Step 421/500] loss=-1.0312 reward=0.9769 human=0.9994 length=0.9775 step_time=7.9s eta=0.1h
[Step 422/500] loss=0.7613 reward=0.9051 human=0.9993 length=0.9058 step_time=4.6s eta=0.1h
[Step 423/500] loss=-3.5821 reward=0.9845 human=0.9995 length=0.9850 step_time=7.8s eta=0.1h
[Step 424/500] loss=0.6343 reward=0.9433 human=0.9994 length=0.9439 step_time=4.6s eta=0.1h
[Step 425/500] loss=-1.7123 reward=0.9895 human=0.9994 length=0.9901 step_time=7.8s eta=0.1h
[Step 426/500] loss=-1.2634 reward=0.9919 human=0.9994 length=0.9925 step_time=8.1s eta=0.1h
[Step 427/500] loss=1.9568 reward=0.9795 human=0.9995 length=0.9800 step_time=7.9s eta=0.1h
[Step 428/500] loss=-0.4395 reward=0.9212 human=0.9994 length=0.9217 step_time=4.7s eta=0.1h
[Step 429/500] loss=1.1924 reward=0.9045 human=0.9993 length=0.9052 step_time=4.6s eta=0.1h
[Step 430/500] loss=0.2380 reward=0.9870 human=0.9995 length=0.9875 step_time=7.8s eta=0.1h
[Step 431/500] loss=0.3003 reward=0.9795 human=0.9995 length=0.9800 step_time=8.1s eta=0.1h
[Step 432/500] loss=-0.1569 reward=0.9085 human=0.9993 length=0.9091 step_time=4.7s eta=0.1h
[Step 433/500] loss=0.4684 reward=0.9298 human=0.9994 length=0.9303 step_time=4.6s eta=0.1h
[Step 434/500] loss=0.8442 reward=0.9919 human=0.9994 length=0.9925 step_time=7.8s eta=0.1h
[Step 435/500] loss=0.3557 reward=0.8924 human=0.9993 length=0.8930 step_time=4.7s eta=0.1h
[Step 436/500] loss=-0.6679 reward=0.9869 human=0.9994 length=0.9875 step_time=7.8s eta=0.1h
[Step 437/500] loss=-0.2650 reward=0.9253 human=0.9993 length=0.9259 step_time=4.9s eta=0.1h
[Step 438/500] loss=-0.0254 reward=0.9127 human=0.9993 length=0.9133 step_time=4.6s eta=0.1h
[Step 439/500] loss=-4.5703 reward=0.9525 human=0.9993 length=0.9531 step_time=7.9s eta=0.1h
[Step 440/500] loss=-0.1291 reward=0.9083 human=0.9991 length=0.9091 step_time=4.7s eta=0.1h
[Step 441/500] loss=-4.7528 reward=0.9793 human=0.9993 length=0.9800 step_time=7.9s eta=0.1h
[Step 442/500] loss=0.2550 reward=0.9944 human=0.9994 length=0.9950 step_time=7.9s eta=0.1h
[Step 443/500] loss=-5.9728 reward=0.9778 human=0.9995 length=0.9783 step_time=8.1s eta=0.1h
[Step 444/500] loss=-2.2242 reward=0.9744 human=0.9994 length=0.9750 step_time=7.8s eta=0.1h
[Step 445/500] loss=2.0307 reward=0.9796 human=0.9994 length=0.9802 step_time=7.8s eta=0.1h
[Step 446/500] loss=-0.0406 reward=0.9083 human=0.9991 length=0.9091 step_time=4.7s eta=0.1h
[Step 447/500] loss=-2.2000 reward=0.9896 human=0.9995 length=0.9901 step_time=7.9s eta=0.1h
[Step 448/500] loss=1.2841 reward=0.9253 human=0.9991 length=0.9261 step_time=4.7s eta=0.1h
[Step 449/500] loss=0.3923 reward=0.9210 human=0.9992 length=0.9217 step_time=4.9s eta=0.1h
[Step 450/500] loss=-0.9823 reward=0.9213 human=0.9993 length=0.9219 step_time=4.6s eta=0.1h
[Step 451/500] loss=4.1033 reward=0.9845 human=0.9995 length=0.9850 step_time=7.9s eta=0.1h
[Step 452/500] loss=-1.4262 reward=0.9127 human=0.9992 length=0.9134 step_time=4.7s eta=0.1h
[Step 453/500] loss=-0.0526 reward=0.9083 human=0.9992 length=0.9091 step_time=4.7s eta=0.1h
[Step 454/500] loss=0.8158 reward=0.9870 human=0.9995 length=0.9875 step_time=7.8s eta=0.1h
[Step 455/500] loss=0.2176 reward=0.9386 human=0.9995 length=0.9390 step_time=4.9s eta=0.1h
[Step 456/500] loss=0.7144 reward=0.9168 human=0.9993 length=0.9175 step_time=4.6s eta=0.1h
[Step 457/500] loss=0.0000 reward=0.9796 human=0.9995 length=0.9800 step_time=6.9s eta=0.1h
[Step 458/500] loss=0.7367 reward=0.9968 human=0.9993 length=0.9975 step_time=7.8s eta=0.1h
[Step 459/500] loss=-0.1798 reward=0.9083 human=0.9992 length=0.9091 step_time=4.6s eta=0.1h
[Step 460/500] loss=-0.2981 reward=0.9208 human=0.9990 length=0.9217 step_time=4.6s eta=0.1h
[Step 461/500] loss=-0.2994 reward=0.9084 human=0.9992 length=0.9091 step_time=4.9s eta=0.1h
[Step 462/500] loss=-0.1226 reward=0.9167 human=0.9991 length=0.9175 step_time=4.6s eta=0.1h
[Step 463/500] loss=-0.4062 reward=0.9694 human=0.9994 length=0.9700 step_time=7.8s eta=0.1h
[Step 464/500] loss=1.1145 reward=0.9618 human=0.9993 length=0.9625 step_time=7.9s eta=0.1h
[Step 465/500] loss=-1.6287 reward=0.9845 human=0.9994 length=0.9850 step_time=7.9s eta=0.1h
[Step 466/500] loss=1.3157 reward=0.9048 human=0.9992 length=0.9055 step_time=4.7s eta=0.1h
[Step 467/500] loss=-0.0676 reward=0.9086 human=0.9991 length=0.9094 step_time=4.9s eta=0.1h
[Step 468/500] loss=0.0000 reward=0.9250 human=0.9990 length=0.9259 step_time=3.8s eta=0.1h
[Step 469/500] loss=-21.9177 reward=0.9810 human=0.9995 length=0.9815 step_time=7.9s eta=0.1h
[Step 470/500] loss=0.0000 reward=0.9994 human=0.9994 length=1.0000 step_time=6.9s eta=0.1h
[Step 471/500] loss=0.1242 reward=0.9896 human=0.9994 length=0.9902 step_time=7.9s eta=0.1h
[Step 472/500] loss=0.0757 reward=0.9796 human=0.9995 length=0.9801 step_time=7.9s eta=0.1h
[Step 473/500] loss=-1.0515 reward=0.9945 human=0.9994 length=0.9951 step_time=7.9s eta=0.1h
[Step 474/500] loss=-19.6698 reward=0.8684 human=0.9994 length=0.8689 step_time=7.9s eta=0.0h
[Step 475/500] loss=0.0000 reward=0.9798 human=0.9994 length=0.9804 step_time=7.0s eta=0.0h
[Step 476/500] loss=0.5100 reward=0.9175 human=0.9993 length=0.9181 step_time=5.0s eta=0.0h
[Step 477/500] loss=-0.0286 reward=0.9798 human=0.9994 length=0.9804 step_time=7.9s eta=0.0h
[Step 478/500] loss=0.0000 reward=0.8921 human=0.9992 length=0.8929 step_time=3.8s eta=0.0h
[Step 479/500] loss=0.0000 reward=0.8921 human=0.9992 length=0.8929 step_time=3.8s eta=0.0h
[Step 480/500] loss=0.0000 reward=0.9994 human=0.9994 length=1.0000 step_time=6.9s eta=0.0h
[Step 481/500] loss=0.0000 reward=0.9798 human=0.9994 length=0.9804 step_time=6.9s eta=0.0h
[Step 482/500] loss=0.0000 reward=0.9798 human=0.9994 length=0.9804 step_time=7.0s eta=0.0h
[Step 483/500] loss=-0.9507 reward=0.8842 human=0.9991 length=0.8850 step_time=4.7s eta=0.0h
[Step 484/500] loss=0.0071 reward=0.9798 human=0.9994 length=0.9804 step_time=7.9s eta=0.0h
[Step 485/500] loss=0.2987 reward=0.9823 human=0.9994 length=0.9828 step_time=7.9s eta=0.0h
[Step 486/500] loss=0.0000 reward=0.9250 human=0.9990 length=0.9259 step_time=3.8s eta=0.0h
[Step 487/500] loss=0.0733 reward=0.8921 human=0.9992 length=0.8929 step_time=4.9s eta=0.0h
[Step 488/500] loss=0.0000 reward=0.9250 human=0.9990 length=0.9259 step_time=3.8s eta=0.0h
[Step 489/500] loss=-0.2276 reward=0.9994 human=0.9994 length=1.0000 step_time=7.9s eta=0.0h
[Step 490/500] loss=-4.3060 reward=0.9871 human=0.9994 length=0.9877 step_time=7.9s eta=0.0h
[Step 491/500] loss=0.0385 reward=0.8763 human=0.9990 length=0.8772 step_time=4.7s eta=0.0h
[Step 492/500] loss=0.4050 reward=0.8921 human=0.9992 length=0.8929 step_time=4.7s eta=0.0h
[Step 493/500] loss=-5.5705 reward=0.8729 human=0.9993 length=0.8735 step_time=4.7s eta=0.0h
[Step 494/500] loss=-0.0202 reward=0.9895 human=0.9994 length=0.9901 step_time=8.1s eta=0.0h
[Step 495/500] loss=0.0000 reward=0.9250 human=0.9990 length=0.9259 step_time=3.8s eta=0.0h
[Step 496/500] loss=-0.7800 reward=0.9798 human=0.9994 length=0.9804 step_time=7.9s eta=0.0h
[Step 497/500] loss=0.3377 reward=0.9798 human=0.9994 length=0.9803 step_time=7.9s eta=0.0h
[Step 498/500] loss=0.1413 reward=0.8962 human=0.9992 length=0.8969 step_time=4.7s eta=0.0h
[Step 499/500] loss=0.7345 reward=0.9002 human=0.9991 length=0.9010 step_time=4.7s eta=0.0h
Writing model shards:   0%|          | 0/1 [00:00<?, ?it/s]Writing model shards: 100%|██████████| 1/1 [00:04<00:00,  4.20s/it]Writing model shards: 100%|██████████| 1/1 [00:04<00:00,  4.20s/it]
Saved checkpoint: /home/dsi/eli-bogdanov/ai-detector-from-scratch/results/grpo-human-baseline/seed-replication/seed45-bfloat16/checkpoints/step-00500
[Step 500/500] loss=1.4869 reward=0.9847 human=0.9994 length=0.9853 step_time=8.2s eta=-0.0h
Writing model shards:   0%|          | 0/1 [00:00<?, ?it/s]Writing model shards: 100%|██████████| 1/1 [00:04<00:00,  4.20s/it]Writing model shards: 100%|██████████| 1/1 [00:04<00:00,  4.20s/it]
Saved final model: /home/dsi/eli-bogdanov/ai-detector-from-scratch/results/grpo-human-baseline/seed-replication/seed45-bfloat16/checkpoints/step-00500-final
Max CUDA memory allocated: 6.70 GB
EXIT=0
