Warning: You are sending unauthenticated requests to the HF Hub. Please set a HF_TOKEN to enable higher rate limits and faster downloads.
Filter:   0%|          | 0/5000 [00:00<?, ? examples/s]Filter:  80%|████████  | 4000/5000 [00:00<00:00, 20297.66 examples/s]Filter: 100%|██████████| 5000/5000 [00:00<00:00, 19347.01 examples/s]
Loading weights:   0%|          | 0/311 [00:00<?, ?it/s]Loading weights: 100%|██████████| 311/311 [00:00<00:00, 5903.27it/s]
Loading weights:   0%|          | 0/310 [00:00<?, ?it/s]Loading weights: 100%|██████████| 310/310 [00:00<00:00, 4563.51it/s]
Run dir: /home/dsi/eli-bogdanov/ai-detector-from-scratch/results/grpo-human-baseline/seed-replication/seed43-bfloat16
Policy dtype: torch.bfloat16  device: cuda
Verifier dtype: torch.bfloat16
Prompts after filter: 1781 (targets [50, 100])
[Step 1/500] loss=-18.3456 reward=0.0013 human=0.0020 length=0.7543 step_time=6.1s eta=0.9h
[Step 2/500] loss=20.1324 reward=0.2655 human=0.4853 length=0.5112 step_time=4.0s eta=0.7h
[Step 3/500] loss=-14.4571 reward=0.0858 human=0.1616 length=0.6139 step_time=7.9s eta=0.8h
[Step 4/500] loss=64.6994 reward=0.3543 human=0.7993 length=0.4223 step_time=7.8s eta=0.9h
[Step 5/500] loss=21.9389 reward=0.5499 human=0.9980 length=0.5509 step_time=4.7s eta=0.9h
[Step 6/500] loss=-1.7421 reward=0.5840 human=0.9987 length=0.5848 step_time=4.6s eta=0.8h
[Step 7/500] loss=13.1179 reward=0.5408 human=0.7566 length=0.7743 step_time=8.2s eta=0.9h
[Step 8/500] loss=23.6477 reward=0.4675 human=0.7505 length=0.6023 step_time=4.6s eta=0.8h
[Step 9/500] loss=7.9974 reward=0.7347 human=0.9874 length=0.7446 step_time=7.9s eta=0.9h
[Step 10/500] loss=-5.7296 reward=0.7879 human=0.9974 length=0.7900 step_time=7.9s eta=0.9h
[Step 11/500] loss=-0.0305 reward=0.7289 human=0.9975 length=0.7309 step_time=4.6s eta=0.9h
[Step 12/500] loss=-28.3846 reward=0.6923 human=0.9984 length=0.6935 step_time=8.2s eta=0.9h
[Step 13/500] loss=-16.5944 reward=0.6694 human=0.9988 length=0.6701 step_time=4.6s eta=0.9h
[Step 14/500] loss=-0.7503 reward=0.7073 human=0.9994 length=0.7077 step_time=7.9s eta=0.9h
[Step 15/500] loss=40.5983 reward=0.5125 human=0.9992 length=0.5129 step_time=7.9s eta=0.9h
[Step 16/500] loss=-13.2429 reward=0.7159 human=0.9987 length=0.7168 step_time=7.8s eta=0.9h
[Step 17/500] loss=38.9487 reward=0.7490 human=0.9989 length=0.7499 step_time=8.1s eta=0.9h
[Step 18/500] loss=9.9519 reward=0.7696 human=0.9966 length=0.7724 step_time=7.8s eta=0.9h
[Step 19/500] loss=25.0454 reward=0.6691 human=0.9992 length=0.6696 step_time=4.6s eta=0.9h
[Step 20/500] loss=-11.3622 reward=0.7183 human=0.9964 length=0.7209 step_time=4.7s eta=0.9h
[Step 21/500] loss=-26.9685 reward=0.6794 human=0.9442 length=0.7205 step_time=8.0s eta=0.9h
[Step 22/500] loss=-24.9259 reward=0.7176 human=0.9965 length=0.7206 step_time=7.9s eta=0.9h
[Step 23/500] loss=-15.5485 reward=0.7963 human=0.9983 length=0.7977 step_time=8.2s eta=0.9h
[Step 24/500] loss=-3.4360 reward=0.6947 human=0.9988 length=0.6956 step_time=4.7s eta=0.9h
[Step 25/500] loss=-0.5669 reward=0.6209 human=0.9922 length=0.6260 step_time=4.7s eta=0.9h
[Step 26/500] loss=5.3173 reward=0.6336 human=0.9978 length=0.6353 step_time=4.7s eta=0.9h
[Step 27/500] loss=-3.1684 reward=0.7283 human=0.9982 length=0.7296 step_time=4.7s eta=0.9h
[Step 28/500] loss=1.8283 reward=0.4880 human=0.7491 length=0.6888 step_time=8.2s eta=0.9h
[Step 29/500] loss=13.3550 reward=0.7030 human=0.9988 length=0.7038 step_time=4.7s eta=0.9h
[Step 30/500] loss=34.0516 reward=0.7308 human=0.9957 length=0.7341 step_time=7.9s eta=0.9h
[Step 31/500] loss=-8.7480 reward=0.6985 human=0.9980 length=0.6999 step_time=4.6s eta=0.9h
[Step 32/500] loss=8.5487 reward=0.6089 human=0.9987 length=0.6097 step_time=4.7s eta=0.8h
[Step 33/500] loss=-21.0912 reward=0.7180 human=0.9980 length=0.7195 step_time=7.8s eta=0.8h
[Step 34/500] loss=41.3857 reward=0.4570 human=0.9971 length=0.4584 step_time=8.1s eta=0.9h
[Step 35/500] loss=-3.2217 reward=0.6318 human=0.9971 length=0.6339 step_time=4.7s eta=0.8h
[Step 36/500] loss=-2.0732 reward=0.5844 human=0.9990 length=0.5850 step_time=4.7s eta=0.8h
[Step 37/500] loss=16.1282 reward=0.6139 human=0.9967 length=0.6159 step_time=7.8s eta=0.8h
[Step 38/500] loss=-6.9983 reward=0.7064 human=0.9972 length=0.7083 step_time=4.6s eta=0.8h
[Step 39/500] loss=-18.2797 reward=0.6076 human=0.9945 length=0.6110 step_time=4.7s eta=0.8h
[Step 40/500] loss=6.9883 reward=0.6473 human=0.9955 length=0.6500 step_time=4.9s eta=0.8h
[Step 41/500] loss=-26.6304 reward=0.6660 human=0.9880 length=0.6739 step_time=7.9s eta=0.8h
[Step 42/500] loss=11.4728 reward=0.6353 human=0.9976 length=0.6369 step_time=4.7s eta=0.8h
[Step 43/500] loss=-7.6786 reward=0.7147 human=0.9922 length=0.7206 step_time=8.0s eta=0.8h
[Step 44/500] loss=-13.1261 reward=0.7091 human=0.9884 length=0.7181 step_time=7.8s eta=0.8h
[Step 45/500] loss=21.7688 reward=0.5751 human=0.7480 length=0.6243 step_time=8.1s eta=0.8h
[Step 46/500] loss=16.2229 reward=0.5754 human=0.8545 length=0.6801 step_time=7.9s eta=0.8h
[Step 47/500] loss=-11.2343 reward=0.7583 human=0.9966 length=0.7609 step_time=4.6s eta=0.8h
[Step 48/500] loss=-13.3115 reward=0.6268 human=0.9977 length=0.6284 step_time=4.6s eta=0.8h
[Step 49/500] loss=-16.5293 reward=0.6508 human=0.9862 length=0.6602 step_time=7.9s eta=0.8h
[Step 50/500] loss=-17.9234 reward=0.7247 human=0.9944 length=0.7294 step_time=4.7s eta=0.8h
[Step 51/500] loss=-10.8044 reward=0.7402 human=0.9987 length=0.7411 step_time=8.1s eta=0.8h
[Step 52/500] loss=-11.9470 reward=0.7203 human=0.9976 length=0.7221 step_time=4.7s eta=0.8h
[Step 53/500] loss=-17.2002 reward=0.8725 human=0.9973 length=0.8749 step_time=4.6s eta=0.8h
[Step 54/500] loss=-22.4691 reward=0.7658 human=0.9959 length=0.7690 step_time=4.6s eta=0.8h
[Step 55/500] loss=-12.1984 reward=0.6390 human=0.9923 length=0.6442 step_time=4.6s eta=0.8h
[Step 56/500] loss=-1.8899 reward=0.8628 human=0.9935 length=0.8684 step_time=3.8s eta=0.8h
[Step 57/500] loss=34.9645 reward=0.6503 human=0.8931 length=0.7431 step_time=7.3s eta=0.8h
[Step 58/500] loss=-16.8676 reward=0.6365 human=0.7491 length=0.8163 step_time=4.1s eta=0.8h
[Step 59/500] loss=-2.3484 reward=0.5409 human=0.7500 length=0.7101 step_time=4.6s eta=0.8h
[Step 60/500] loss=7.4994 reward=0.6099 human=0.7463 length=0.7281 step_time=7.8s eta=0.8h
[Step 61/500] loss=-35.3490 reward=0.4138 human=0.6819 length=0.6380 step_time=7.8s eta=0.8h
[Step 62/500] loss=37.7014 reward=0.6500 human=0.9976 length=0.6516 step_time=8.1s eta=0.8h
[Step 63/500] loss=17.2586 reward=0.5572 human=0.9950 length=0.5598 step_time=7.8s eta=0.8h
[Step 64/500] loss=-6.4240 reward=0.6106 human=0.7462 length=0.8463 step_time=7.8s eta=0.8h
[Step 65/500] loss=16.4141 reward=0.5894 human=0.9418 length=0.6314 step_time=4.6s eta=0.8h
[Step 66/500] loss=2.8023 reward=0.9100 human=0.9946 length=0.9150 step_time=3.2s eta=0.8h
[Step 67/500] loss=0.1264 reward=0.4743 human=0.7503 length=0.6294 step_time=4.7s eta=0.8h
[Step 68/500] loss=-3.1393 reward=0.7332 human=0.9973 length=0.7354 step_time=4.9s eta=0.8h
[Step 69/500] loss=30.4876 reward=0.6795 human=0.9931 length=0.6844 step_time=7.1s eta=0.8h
[Step 70/500] loss=-1.4696 reward=0.8796 human=0.9967 length=0.8825 step_time=5.2s eta=0.8h
[Step 71/500] loss=-7.2485 reward=0.7119 human=0.9927 length=0.7177 step_time=7.9s eta=0.8h
[Step 72/500] loss=-5.5043 reward=0.6504 human=0.9896 length=0.6573 step_time=7.9s eta=0.8h
[Step 73/500] loss=2.8654 reward=0.7168 human=0.9966 length=0.7192 step_time=4.9s eta=0.8h
[Step 74/500] loss=-4.7776 reward=0.6162 human=0.9965 length=0.6184 step_time=4.7s eta=0.7h
[Step 75/500] loss=8.3300 reward=0.1802 human=0.2681 length=0.7985 step_time=7.8s eta=0.8h
[Step 76/500] loss=-15.1815 reward=0.5675 human=0.7908 length=0.7052 step_time=4.7s eta=0.7h
[Step 77/500] loss=-4.7355 reward=0.4699 human=0.7453 length=0.6675 step_time=5.7s eta=0.7h
[Step 78/500] loss=-12.4493 reward=0.6158 human=0.9927 length=0.6206 step_time=4.6s eta=0.7h
[Step 79/500] loss=-13.4976 reward=0.3383 human=0.5046 length=0.6463 step_time=4.9s eta=0.7h
[Step 80/500] loss=2.0541 reward=0.7678 human=0.9466 length=0.8034 step_time=7.4s eta=0.7h
[Step 81/500] loss=-9.2766 reward=0.7511 human=0.9913 length=0.7577 step_time=4.6s eta=0.7h
[Step 82/500] loss=-2.1569 reward=0.7754 human=0.9969 length=0.7778 step_time=4.5s eta=0.7h
[Step 83/500] loss=-10.0738 reward=0.7217 human=0.9979 length=0.7232 step_time=7.8s eta=0.7h
[Step 84/500] loss=0.2875 reward=0.9669 human=0.9956 length=0.9712 step_time=3.5s eta=0.7h
[Step 85/500] loss=-30.2782 reward=0.6374 human=0.7449 length=0.8186 step_time=8.1s eta=0.7h
[Step 86/500] loss=46.3896 reward=0.6153 human=0.9971 length=0.6173 step_time=7.8s eta=0.7h
[Step 87/500] loss=-4.8218 reward=0.6988 human=0.9550 length=0.7304 step_time=4.6s eta=0.7h
[Step 88/500] loss=-5.1643 reward=0.7788 human=0.9951 length=0.7828 step_time=7.8s eta=0.7h
[Step 89/500] loss=2.3013 reward=0.6751 human=0.9964 length=0.6775 step_time=5.0s eta=0.7h
[Step 90/500] loss=-0.1827 reward=0.6737 human=0.9982 length=0.6750 step_time=3.3s eta=0.7h
[Step 91/500] loss=0.7218 reward=0.7631 human=0.9929 length=0.7691 step_time=7.8s eta=0.7h
[Step 92/500] loss=14.2735 reward=0.6099 human=0.9983 length=0.6109 step_time=7.9s eta=0.7h
[Step 93/500] loss=-2.0505 reward=0.7809 human=0.9947 length=0.7851 step_time=3.3s eta=0.7h
[Step 94/500] loss=11.4050 reward=0.6085 human=0.9669 length=0.6311 step_time=7.8s eta=0.7h
[Step 95/500] loss=5.0830 reward=0.7383 human=0.9955 length=0.7418 step_time=4.7s eta=0.7h
[Step 96/500] loss=-4.1867 reward=0.6212 human=0.7983 length=0.7821 step_time=8.1s eta=0.7h
[Step 97/500] loss=4.0479 reward=0.6878 human=0.9956 length=0.6909 step_time=7.8s eta=0.7h
[Step 98/500] loss=-0.3514 reward=0.7644 human=0.9928 length=0.7700 step_time=3.2s eta=0.7h
[Step 99/500] loss=4.1751 reward=0.5995 human=0.7552 length=0.8282 step_time=7.9s eta=0.7h
Writing model shards:   0%|          | 0/1 [00:00<?, ?it/s]Writing model shards: 100%|██████████| 1/1 [00:04<00:00,  4.56s/it]Writing model shards: 100%|██████████| 1/1 [00:04<00:00,  4.56s/it]
Saved checkpoint: /home/dsi/eli-bogdanov/ai-detector-from-scratch/results/grpo-human-baseline/seed-replication/seed43-bfloat16/checkpoints/step-00100
[Step 100/500] loss=11.5149 reward=0.8201 human=0.9835 length=0.8344 step_time=6.3s eta=0.7h
[Step 101/500] loss=3.1550 reward=0.8576 human=0.9960 length=0.8609 step_time=3.5s eta=0.7h
[Step 102/500] loss=-4.9673 reward=0.8448 human=0.9973 length=0.8470 step_time=4.1s eta=0.7h
[Step 103/500] loss=-3.9900 reward=0.8301 human=0.9966 length=0.8330 step_time=4.7s eta=0.7h
[Step 104/500] loss=3.6202 reward=0.8498 human=0.9948 length=0.8544 step_time=4.0s eta=0.7h
[Step 105/500] loss=9.8097 reward=0.8519 human=0.9872 length=0.8625 step_time=6.0s eta=0.7h
[Step 106/500] loss=-13.5253 reward=0.7962 human=0.9851 length=0.8105 step_time=8.0s eta=0.7h
[Step 107/500] loss=-39.4939 reward=0.7402 human=0.9922 length=0.7463 step_time=8.2s eta=0.7h
[Step 108/500] loss=-3.3483 reward=0.7216 human=0.9974 length=0.7235 step_time=4.7s eta=0.7h
[Step 109/500] loss=-22.1013 reward=0.8605 human=0.9969 length=0.8633 step_time=4.7s eta=0.7h
[Step 110/500] loss=-0.2030 reward=0.7259 human=0.9944 length=0.7300 step_time=2.9s eta=0.7h
[Step 111/500] loss=12.8780 reward=0.6557 human=0.9932 length=0.6597 step_time=7.8s eta=0.7h
[Step 112/500] loss=-15.4967 reward=0.7254 human=0.9947 length=0.7293 step_time=4.6s eta=0.7h
[Step 113/500] loss=6.6072 reward=0.7598 human=0.9907 length=0.7673 step_time=8.1s eta=0.7h
[Step 114/500] loss=-8.2947 reward=0.6121 human=0.7588 length=0.8482 step_time=4.6s eta=0.7h
[Step 115/500] loss=-26.9897 reward=0.6433 human=0.9821 length=0.6554 step_time=7.9s eta=0.7h
[Step 116/500] loss=-18.4390 reward=0.6975 human=0.9885 length=0.7067 step_time=7.9s eta=0.7h
[Step 117/500] loss=24.5652 reward=0.6486 human=0.9974 length=0.6503 step_time=7.9s eta=0.7h
[Step 118/500] loss=14.4248 reward=0.5945 human=0.9767 length=0.6082 step_time=8.1s eta=0.7h
[Step 119/500] loss=2.8305 reward=0.8541 human=0.9960 length=0.8574 step_time=6.7s eta=0.7h
[Step 120/500] loss=6.5455 reward=0.8269 human=0.9961 length=0.8300 step_time=5.2s eta=0.7h
[Step 121/500] loss=1.3826 reward=0.8465 human=0.9959 length=0.8500 step_time=3.3s eta=0.7h
[Step 122/500] loss=1.7521 reward=0.8278 human=0.9912 length=0.8350 step_time=4.9s eta=0.7h
[Step 123/500] loss=-1.3466 reward=0.4005 human=0.5016 length=0.8358 step_time=7.9s eta=0.7h
[Step 124/500] loss=-1.9502 reward=0.5425 human=0.7410 length=0.7350 step_time=5.6s eta=0.7h
[Step 125/500] loss=0.3340 reward=0.7582 human=0.9966 length=0.7608 step_time=3.4s eta=0.7h
[Step 126/500] loss=27.0766 reward=0.6857 human=0.9939 length=0.6899 step_time=8.0s eta=0.7h
[Step 127/500] loss=-12.4322 reward=0.7960 human=0.9955 length=0.7996 step_time=4.7s eta=0.6h
[Step 128/500] loss=2.1759 reward=0.8611 human=0.9956 length=0.8650 step_time=5.5s eta=0.6h
[Step 129/500] loss=8.6120 reward=0.5508 human=0.7805 length=0.7655 step_time=8.2s eta=0.6h
[Step 130/500] loss=-3.2418 reward=0.7195 human=0.9690 length=0.7423 step_time=4.7s eta=0.6h
[Step 131/500] loss=-3.8274 reward=0.7705 human=0.9855 length=0.7816 step_time=3.9s eta=0.6h
[Step 132/500] loss=-0.5729 reward=0.7762 human=0.9980 length=0.7777 step_time=4.5s eta=0.6h
[Step 133/500] loss=0.2899 reward=0.4838 human=0.6505 length=0.7576 step_time=7.9s eta=0.6h
[Step 134/500] loss=-4.1584 reward=0.0865 human=0.1279 length=0.8156 step_time=7.9s eta=0.6h
[Step 135/500] loss=-7.9171 reward=0.8061 human=0.9974 length=0.8082 step_time=4.7s eta=0.6h
[Step 136/500] loss=-1.3530 reward=0.8289 human=0.9923 length=0.8347 step_time=8.2s eta=0.6h
[Step 137/500] loss=-17.3550 reward=0.6650 human=0.9975 length=0.6668 step_time=4.7s eta=0.6h
[Step 138/500] loss=-17.7279 reward=0.7029 human=0.9865 length=0.7139 step_time=8.0s eta=0.6h
[Step 139/500] loss=5.5996 reward=0.5932 human=0.8123 length=0.7230 step_time=8.0s eta=0.6h
[Step 140/500] loss=-5.8604 reward=0.8311 human=0.9965 length=0.8341 step_time=4.5s eta=0.6h
[Step 141/500] loss=0.5244 reward=0.7502 human=0.9839 length=0.7621 step_time=4.8s eta=0.6h
[Step 142/500] loss=-0.6640 reward=0.7445 human=0.9967 length=0.7469 step_time=7.9s eta=0.6h
[Step 143/500] loss=-5.6615 reward=0.8525 human=0.9958 length=0.8562 step_time=4.1s eta=0.6h
[Step 144/500] loss=-5.9207 reward=0.7416 human=0.9934 length=0.7464 step_time=4.4s eta=0.6h
[Step 145/500] loss=1.8301 reward=0.7218 human=0.7982 length=0.8960 step_time=3.7s eta=0.6h
[Step 146/500] loss=-16.5666 reward=0.8823 human=0.9952 length=0.8867 step_time=4.7s eta=0.6h
[Step 147/500] loss=2.2025 reward=0.8082 human=0.9899 length=0.8170 step_time=4.2s eta=0.6h
[Step 148/500] loss=-23.9249 reward=0.7097 human=0.9490 length=0.7567 step_time=7.9s eta=0.6h
[Step 149/500] loss=-14.0829 reward=0.5701 human=0.7417 length=0.7692 step_time=7.9s eta=0.6h
[Step 150/500] loss=1.5019 reward=0.6782 human=0.9848 length=0.6892 step_time=7.8s eta=0.6h
[Step 151/500] loss=2.4928 reward=0.5969 human=0.9947 length=0.6000 step_time=2.7s eta=0.6h
[Step 152/500] loss=-4.3756 reward=0.7602 human=0.9948 length=0.7645 step_time=7.9s eta=0.6h
[Step 153/500] loss=-4.8168 reward=0.6968 human=0.9956 length=0.7001 step_time=8.1s eta=0.6h
[Step 154/500] loss=1.9389 reward=0.6259 human=0.9907 length=0.6315 step_time=4.4s eta=0.6h
[Step 155/500] loss=3.8734 reward=0.6173 human=0.7748 length=0.8034 step_time=7.8s eta=0.6h
[Step 156/500] loss=9.1243 reward=0.8853 human=0.9976 length=0.8875 step_time=5.8s eta=0.6h
[Step 157/500] loss=13.7499 reward=0.7887 human=0.9963 length=0.7916 step_time=6.7s eta=0.6h
[Step 158/500] loss=-18.2058 reward=0.7489 human=0.9953 length=0.7526 step_time=8.0s eta=0.6h
[Step 159/500] loss=11.1126 reward=0.7110 human=0.9938 length=0.7151 step_time=5.6s eta=0.6h
[Step 160/500] loss=9.4049 reward=0.4949 human=0.7664 length=0.6500 step_time=5.1s eta=0.6h
[Step 161/500] loss=2.6063 reward=0.7967 human=0.9956 length=0.8000 step_time=3.1s eta=0.6h
[Step 162/500] loss=7.2669 reward=0.4743 human=0.5514 length=0.8425 step_time=5.6s eta=0.6h
[Step 163/500] loss=-6.0551 reward=0.8577 human=0.9952 length=0.8618 step_time=4.4s eta=0.6h
[Step 164/500] loss=6.9089 reward=0.5770 human=0.7400 length=0.8108 step_time=6.3s eta=0.6h
[Step 165/500] loss=1.1621 reward=0.7858 human=0.9611 length=0.8154 step_time=4.1s eta=0.6h
[Step 166/500] loss=4.0127 reward=0.8243 human=0.9938 length=0.8293 step_time=3.6s eta=0.6h
[Step 167/500] loss=0.9552 reward=0.6876 human=0.9968 length=0.6900 step_time=3.1s eta=0.6h
[Step 168/500] loss=1.5382 reward=0.8174 human=0.9814 length=0.8348 step_time=7.8s eta=0.6h
[Step 169/500] loss=-12.2720 reward=0.9441 human=0.9965 length=0.9474 step_time=6.6s eta=0.6h
[Step 170/500] loss=5.9026 reward=0.7217 human=0.9953 length=0.7250 step_time=3.4s eta=0.6h
[Step 171/500] loss=-7.2967 reward=0.7829 human=0.9943 length=0.7876 step_time=7.9s eta=0.6h
[Step 172/500] loss=8.9315 reward=0.7806 human=0.9895 length=0.7901 step_time=3.3s eta=0.6h
[Step 173/500] loss=15.2868 reward=0.7827 human=0.9964 length=0.7855 step_time=7.9s eta=0.6h
[Step 174/500] loss=-9.1468 reward=0.7953 human=0.9896 length=0.8047 step_time=7.8s eta=0.6h
[Step 175/500] loss=-1.5689 reward=0.8660 human=0.9968 length=0.8688 step_time=3.9s eta=0.6h
[Step 176/500] loss=2.9315 reward=0.8541 human=0.9972 length=0.8565 step_time=3.2s eta=0.6h
[Step 177/500] loss=-4.2398 reward=0.7553 human=0.9903 length=0.7633 step_time=7.9s eta=0.6h
[Step 178/500] loss=-7.8642 reward=0.9039 human=0.9968 length=0.9066 step_time=4.1s eta=0.6h
[Step 179/500] loss=-6.4979 reward=0.7915 human=0.9971 length=0.7938 step_time=4.7s eta=0.5h
[Step 180/500] loss=-12.7017 reward=0.8413 human=0.9922 length=0.8487 step_time=7.0s eta=0.5h
[Step 181/500] loss=-7.8216 reward=0.7135 human=0.9367 length=0.7600 step_time=8.1s eta=0.5h
[Step 182/500] loss=-6.2724 reward=0.8862 human=0.9895 length=0.8956 step_time=7.4s eta=0.5h
[Step 183/500] loss=-3.5867 reward=0.8335 human=0.9810 length=0.8485 step_time=4.3s eta=0.5h
[Step 184/500] loss=25.2358 reward=0.6558 human=0.9949 length=0.6592 step_time=7.9s eta=0.5h
[Step 185/500] loss=-4.2599 reward=0.8192 human=0.9964 length=0.8221 step_time=4.1s eta=0.5h
[Step 186/500] loss=-14.7219 reward=0.7759 human=0.9962 length=0.7790 step_time=8.1s eta=0.5h
[Step 187/500] loss=-1.5310 reward=0.7437 human=0.9970 length=0.7461 step_time=7.9s eta=0.5h
[Step 188/500] loss=1.4197 reward=0.6971 human=0.9948 length=0.7007 step_time=4.4s eta=0.5h
[Step 189/500] loss=-3.6520 reward=0.8505 human=0.9928 length=0.8562 step_time=3.8s eta=0.5h
[Step 190/500] loss=21.6436 reward=0.7466 human=0.9947 length=0.7508 step_time=6.3s eta=0.5h
[Step 191/500] loss=9.6078 reward=0.7474 human=0.9963 length=0.7500 step_time=3.6s eta=0.5h
[Step 192/500] loss=-21.0457 reward=0.8606 human=0.9940 length=0.8658 step_time=7.7s eta=0.5h
[Step 193/500] loss=-1.3232 reward=0.6764 human=0.8319 length=0.8142 step_time=4.0s eta=0.5h
[Step 194/500] loss=5.5704 reward=0.7789 human=0.9971 length=0.7813 step_time=7.9s eta=0.5h
[Step 195/500] loss=2.7899 reward=0.7543 human=0.9991 length=0.7550 step_time=3.3s eta=0.5h
[Step 196/500] loss=1.7837 reward=0.8196 human=0.9980 length=0.8212 step_time=4.4s eta=0.5h
[Step 197/500] loss=15.4768 reward=0.8159 human=0.9988 length=0.8169 step_time=6.0s eta=0.5h
[Step 198/500] loss=-0.5311 reward=0.8252 human=0.9988 length=0.8261 step_time=6.5s eta=0.5h
[Step 199/500] loss=-1.0862 reward=0.8294 human=0.9993 length=0.8300 step_time=3.1s eta=0.5h
Writing model shards:   0%|          | 0/1 [00:00<?, ?it/s]Writing model shards: 100%|██████████| 1/1 [00:04<00:00,  4.33s/it]Writing model shards: 100%|██████████| 1/1 [00:04<00:00,  4.33s/it]
Saved checkpoint: /home/dsi/eli-bogdanov/ai-detector-from-scratch/results/grpo-human-baseline/seed-replication/seed43-bfloat16/checkpoints/step-00200
[Step 200/500] loss=6.3610 reward=0.7784 human=0.9980 length=0.7800 step_time=3.8s eta=0.5h
[Step 201/500] loss=-1.4577 reward=0.7087 human=0.9994 length=0.7091 step_time=4.7s eta=0.5h
[Step 202/500] loss=-4.3196 reward=0.8915 human=0.9976 length=0.8937 step_time=3.6s eta=0.5h
[Step 203/500] loss=-9.3975 reward=0.8085 human=0.9992 length=0.8093 step_time=8.1s eta=0.5h
[Step 204/500] loss=-12.7415 reward=0.7972 human=0.9975 length=0.7991 step_time=7.8s eta=0.5h
[Step 205/500] loss=-20.4799 reward=0.8162 human=0.9941 length=0.8216 step_time=8.0s eta=0.5h
[Step 206/500] loss=7.8350 reward=0.8382 human=0.9944 length=0.8431 step_time=3.5s eta=0.5h
[Step 207/500] loss=-14.0381 reward=0.8071 human=0.9967 length=0.8100 step_time=7.9s eta=0.5h
[Step 208/500] loss=4.6342 reward=0.5227 human=0.5992 length=0.8862 step_time=6.8s eta=0.5h
[Step 209/500] loss=-0.7193 reward=0.6848 human=0.9386 length=0.7231 step_time=7.9s eta=0.5h
[Step 210/500] loss=2.3517 reward=0.9252 human=0.9948 length=0.9300 step_time=3.8s eta=0.5h
[Step 211/500] loss=-7.7988 reward=0.8110 human=0.9661 length=0.8390 step_time=3.9s eta=0.5h
[Step 212/500] loss=2.9549 reward=0.7101 human=0.9964 length=0.7125 step_time=4.8s eta=0.5h
[Step 213/500] loss=-4.0986 reward=0.8493 human=0.9849 length=0.8619 step_time=3.8s eta=0.5h
[Step 214/500] loss=-0.0340 reward=0.8945 human=0.9936 length=0.9000 step_time=3.5s eta=0.5h
[Step 215/500] loss=9.3711 reward=0.7659 human=0.9977 length=0.7676 step_time=7.0s eta=0.5h
[Step 216/500] loss=-23.8338 reward=0.8049 human=0.9940 length=0.8105 step_time=8.0s eta=0.5h
[Step 217/500] loss=-14.1274 reward=0.7262 human=0.9976 length=0.7281 step_time=7.9s eta=0.5h
[Step 218/500] loss=-0.8616 reward=0.7809 human=0.9964 length=0.7838 step_time=4.5s eta=0.5h
[Step 219/500] loss=-13.6975 reward=0.7473 human=0.9990 length=0.7481 step_time=8.0s eta=0.5h
[Step 220/500] loss=5.1918 reward=0.8426 human=0.9966 length=0.8454 step_time=3.4s eta=0.5h
[Step 221/500] loss=17.0312 reward=0.7821 human=0.9987 length=0.7832 step_time=7.8s eta=0.5h
[Step 222/500] loss=0.8279 reward=0.7643 human=0.9984 length=0.7656 step_time=4.8s eta=0.5h
[Step 223/500] loss=6.8604 reward=0.8105 human=0.9982 length=0.8120 step_time=4.5s eta=0.5h
[Step 224/500] loss=9.7200 reward=0.7321 human=0.9982 length=0.7334 step_time=4.0s eta=0.5h
[Step 225/500] loss=-11.0000 reward=0.8337 human=0.9217 length=0.8902 step_time=4.4s eta=0.5h
[Step 226/500] loss=-1.2161 reward=0.8719 human=0.9971 length=0.8744 step_time=4.4s eta=0.5h
[Step 227/500] loss=-18.3826 reward=0.8311 human=0.9984 length=0.8324 step_time=7.9s eta=0.5h
[Step 228/500] loss=-3.3978 reward=0.9411 human=0.9974 length=0.9436 step_time=3.5s eta=0.5h
[Step 229/500] loss=-3.3682 reward=0.8486 human=0.9989 length=0.8496 step_time=4.3s eta=0.5h
[Step 230/500] loss=-8.9093 reward=0.8626 human=0.9991 length=0.8633 step_time=6.8s eta=0.5h
[Step 231/500] loss=-4.8731 reward=0.9154 human=0.9987 length=0.9166 step_time=3.7s eta=0.5h
[Step 232/500] loss=-6.3812 reward=0.9204 human=0.9967 length=0.9233 step_time=3.9s eta=0.5h
[Step 233/500] loss=5.2032 reward=0.7994 human=0.9991 length=0.8001 step_time=7.4s eta=0.5h
[Step 234/500] loss=-23.5088 reward=0.8166 human=0.9985 length=0.8179 step_time=7.6s eta=0.5h
[Step 235/500] loss=-12.2200 reward=0.8589 human=0.9992 length=0.8596 step_time=7.9s eta=0.4h
[Step 236/500] loss=-15.6785 reward=0.7493 human=0.9988 length=0.7503 step_time=7.9s eta=0.4h
[Step 237/500] loss=-13.5177 reward=0.8694 human=0.9993 length=0.8701 step_time=4.6s eta=0.4h
[Step 238/500] loss=12.3451 reward=0.7370 human=0.9991 length=0.7377 step_time=8.1s eta=0.4h
[Step 239/500] loss=14.1355 reward=0.8360 human=0.9989 length=0.8369 step_time=6.1s eta=0.4h
[Step 240/500] loss=5.7689 reward=0.8844 human=0.9989 length=0.8854 step_time=3.2s eta=0.4h
[Step 241/500] loss=1.9570 reward=0.8536 human=0.9993 length=0.8542 step_time=7.2s eta=0.4h
[Step 242/500] loss=25.8593 reward=0.8424 human=0.9987 length=0.8434 step_time=6.1s eta=0.4h
[Step 243/500] loss=15.6748 reward=0.7466 human=0.9989 length=0.7475 step_time=5.2s eta=0.4h
[Step 244/500] loss=4.5691 reward=0.7750 human=0.9993 length=0.7755 step_time=4.6s eta=0.4h
[Step 245/500] loss=5.5152 reward=0.8292 human=0.9991 length=0.8300 step_time=3.0s eta=0.4h
[Step 246/500] loss=7.4967 reward=0.9018 human=0.9990 length=0.9027 step_time=5.8s eta=0.4h
[Step 247/500] loss=8.8959 reward=0.6062 human=0.9989 length=0.6069 step_time=3.7s eta=0.4h
[Step 248/500] loss=6.6804 reward=0.8087 human=0.9991 length=0.8094 step_time=6.4s eta=0.4h
[Step 249/500] loss=3.4165 reward=0.7119 human=0.9989 length=0.7126 step_time=6.4s eta=0.4h
[Step 250/500] loss=-11.7626 reward=0.8074 human=0.9995 length=0.8079 step_time=4.6s eta=0.4h
[Step 251/500] loss=-10.4922 reward=0.7260 human=0.9991 length=0.7266 step_time=7.9s eta=0.4h
[Step 252/500] loss=-1.4567 reward=0.7953 human=0.9991 length=0.7960 step_time=7.8s eta=0.4h
[Step 253/500] loss=-15.0663 reward=0.8128 human=0.9990 length=0.8136 step_time=4.1s eta=0.4h
[Step 254/500] loss=-22.4719 reward=0.6974 human=0.9994 length=0.6978 step_time=7.9s eta=0.4h
[Step 255/500] loss=-12.9678 reward=0.7133 human=0.9995 length=0.7137 step_time=8.1s eta=0.4h
[Step 256/500] loss=-4.7687 reward=0.7074 human=0.9993 length=0.7079 step_time=4.7s eta=0.4h
[Step 257/500] loss=-23.0799 reward=0.9057 human=0.9990 length=0.9067 step_time=7.8s eta=0.4h
[Step 258/500] loss=-3.3565 reward=0.7554 human=0.9991 length=0.7561 step_time=4.6s eta=0.4h
[Step 259/500] loss=-10.2111 reward=0.7939 human=0.9993 length=0.7944 step_time=7.9s eta=0.4h
[Step 260/500] loss=1.6619 reward=0.7163 human=0.9993 length=0.7168 step_time=4.7s eta=0.4h
[Step 261/500] loss=-6.2331 reward=0.9086 human=0.9988 length=0.9097 step_time=6.8s eta=0.4h
[Step 262/500] loss=-7.5349 reward=0.9629 human=0.9985 length=0.9644 step_time=6.3s eta=0.4h
[Step 263/500] loss=-31.9618 reward=0.7556 human=0.9993 length=0.7561 step_time=7.8s eta=0.4h
[Step 264/500] loss=-4.8405 reward=0.7887 human=0.9991 length=0.7894 step_time=4.4s eta=0.4h
[Step 265/500] loss=-7.7833 reward=0.7145 human=0.9992 length=0.7150 step_time=4.6s eta=0.4h
[Step 266/500] loss=-27.8702 reward=0.7872 human=0.9994 length=0.7877 step_time=8.1s eta=0.4h
[Step 267/500] loss=5.3461 reward=0.7242 human=0.9990 length=0.7250 step_time=2.8s eta=0.4h
[Step 268/500] loss=6.7970 reward=0.7208 human=0.9989 length=0.7216 step_time=3.9s eta=0.4h
[Step 269/500] loss=12.7254 reward=0.7959 human=0.9993 length=0.7964 step_time=7.3s eta=0.4h
[Step 270/500] loss=3.8487 reward=0.6794 human=0.9991 length=0.6800 step_time=2.7s eta=0.4h
[Step 271/500] loss=3.9224 reward=0.8769 human=0.9993 length=0.8775 step_time=5.6s eta=0.4h
[Step 272/500] loss=-3.8251 reward=0.8178 human=0.9989 length=0.8187 step_time=7.2s eta=0.4h
[Step 273/500] loss=3.4563 reward=0.8395 human=0.9994 length=0.8400 step_time=3.2s eta=0.4h
[Step 274/500] loss=18.4270 reward=0.6352 human=0.9989 length=0.6358 step_time=6.6s eta=0.4h
[Step 275/500] loss=3.4022 reward=0.7995 human=0.9993 length=0.8000 step_time=3.0s eta=0.4h
[Step 276/500] loss=2.7486 reward=0.7385 human=0.9988 length=0.7394 step_time=4.0s eta=0.4h
[Step 277/500] loss=0.1898 reward=0.7895 human=0.9990 length=0.7903 step_time=4.2s eta=0.4h
[Step 278/500] loss=6.6118 reward=0.7317 human=0.9991 length=0.7323 step_time=4.4s eta=0.4h
[Step 279/500] loss=-1.0149 reward=0.9034 human=0.9991 length=0.9043 step_time=6.7s eta=0.4h
[Step 280/500] loss=-1.3388 reward=0.7864 human=0.9994 length=0.7869 step_time=4.7s eta=0.4h
[Step 281/500] loss=14.7158 reward=0.8093 human=0.9989 length=0.8101 step_time=5.6s eta=0.4h
[Step 282/500] loss=-3.0979 reward=0.7899 human=0.9993 length=0.7905 step_time=7.9s eta=0.4h
[Step 283/500] loss=0.6042 reward=0.7308 human=0.9993 length=0.7313 step_time=4.7s eta=0.4h
[Step 284/500] loss=7.6834 reward=0.7060 human=0.9994 length=0.7064 step_time=8.0s eta=0.4h
[Step 285/500] loss=-3.9082 reward=0.6492 human=0.9995 length=0.6496 step_time=4.6s eta=0.4h
[Step 286/500] loss=15.0016 reward=0.8250 human=0.9991 length=0.8258 step_time=7.9s eta=0.4h
[Step 287/500] loss=-30.9759 reward=0.8224 human=0.9990 length=0.8233 step_time=7.8s eta=0.4h
[Step 288/500] loss=-3.7760 reward=0.7913 human=0.9991 length=0.7921 step_time=4.6s eta=0.4h
[Step 289/500] loss=-26.0898 reward=0.7016 human=0.9995 length=0.7019 step_time=8.1s eta=0.4h
[Step 290/500] loss=7.6758 reward=0.7640 human=0.9986 length=0.7650 step_time=4.7s eta=0.4h
[Step 291/500] loss=8.1318 reward=0.7692 human=0.9990 length=0.7699 step_time=7.2s eta=0.4h
[Step 292/500] loss=-24.5440 reward=0.8064 human=0.9992 length=0.8070 step_time=4.6s eta=0.4h
[Step 293/500] loss=13.7192 reward=0.7443 human=0.9990 length=0.7450 step_time=5.2s eta=0.3h
[Step 294/500] loss=-5.0489 reward=0.8207 human=0.9993 length=0.8213 step_time=4.1s eta=0.3h
[Step 295/500] loss=-1.8841 reward=0.8242 human=0.9991 length=0.8250 step_time=5.5s eta=0.3h
[Step 296/500] loss=14.0292 reward=0.8468 human=0.9991 length=0.8475 step_time=5.1s eta=0.3h
[Step 297/500] loss=-7.1166 reward=0.8710 human=0.9991 length=0.8718 step_time=4.5s eta=0.3h
[Step 298/500] loss=8.1618 reward=0.6767 human=0.9988 length=0.6775 step_time=5.5s eta=0.3h
[Step 299/500] loss=15.7985 reward=0.6994 human=0.9986 length=0.7004 step_time=7.7s eta=0.3h
Writing model shards:   0%|          | 0/1 [00:00<?, ?it/s]Writing model shards: 100%|██████████| 1/1 [00:04<00:00,  4.47s/it]Writing model shards: 100%|██████████| 1/1 [00:04<00:00,  4.47s/it]
Saved checkpoint: /home/dsi/eli-bogdanov/ai-detector-from-scratch/results/grpo-human-baseline/seed-replication/seed43-bfloat16/checkpoints/step-00300
[Step 300/500] loss=-19.6996 reward=0.7909 human=0.9992 length=0.7915 step_time=4.9s eta=0.3h
[Step 301/500] loss=5.9988 reward=0.8046 human=0.9987 length=0.8057 step_time=7.1s eta=0.3h
[Step 302/500] loss=-10.4882 reward=0.7927 human=0.9987 length=0.7938 step_time=7.9s eta=0.3h
[Step 303/500] loss=0.6128 reward=0.8730 human=0.9990 length=0.8738 step_time=6.6s eta=0.3h
[Step 304/500] loss=-25.3232 reward=0.8605 human=0.9983 length=0.8619 step_time=7.9s eta=0.3h
[Step 305/500] loss=-11.4836 reward=0.7561 human=0.9980 length=0.7576 step_time=4.9s eta=0.3h
[Step 306/500] loss=12.2687 reward=0.7677 human=0.9989 length=0.7685 step_time=7.9s eta=0.3h
[Step 307/500] loss=-9.0845 reward=0.8255 human=0.9989 length=0.8265 step_time=7.9s eta=0.3h
[Step 308/500] loss=-16.7815 reward=0.8326 human=0.9985 length=0.8338 step_time=4.2s eta=0.3h
[Step 309/500] loss=8.1232 reward=0.8729 human=0.9978 length=0.8748 step_time=6.2s eta=0.3h
[Step 310/500] loss=-9.7946 reward=0.8595 human=0.9982 length=0.8610 step_time=7.8s eta=0.3h
[Step 311/500] loss=-13.3030 reward=0.8073 human=0.9984 length=0.8085 step_time=4.2s eta=0.3h
[Step 312/500] loss=8.2389 reward=0.8134 human=0.9980 length=0.8150 step_time=5.9s eta=0.3h
[Step 313/500] loss=9.6116 reward=0.8335 human=0.9982 length=0.8350 step_time=5.5s eta=0.3h
[Step 314/500] loss=2.9378 reward=0.8402 human=0.9988 length=0.8412 step_time=6.9s eta=0.3h
[Step 315/500] loss=-7.4868 reward=0.8706 human=0.9988 length=0.8716 step_time=4.0s eta=0.3h
[Step 316/500] loss=-2.4967 reward=0.8318 human=0.9987 length=0.8329 step_time=7.9s eta=0.3h
[Step 317/500] loss=-2.4865 reward=0.8376 human=0.9986 length=0.8388 step_time=6.6s eta=0.3h
[Step 318/500] loss=8.3170 reward=0.8207 human=0.9987 length=0.8218 step_time=3.8s eta=0.3h
[Step 319/500] loss=-21.1393 reward=0.8081 human=0.9991 length=0.8089 step_time=7.6s eta=0.3h
[Step 320/500] loss=-8.7185 reward=0.8589 human=0.9986 length=0.8601 step_time=6.9s eta=0.3h
[Step 321/500] loss=-1.7652 reward=0.8144 human=0.9987 length=0.8155 step_time=7.5s eta=0.3h
[Step 322/500] loss=-5.6613 reward=0.8489 human=0.9977 length=0.8509 step_time=4.1s eta=0.3h
[Step 323/500] loss=-29.1188 reward=0.8238 human=0.9992 length=0.8245 step_time=8.2s eta=0.3h
[Step 324/500] loss=-5.3096 reward=0.9002 human=0.9980 length=0.9020 step_time=6.8s eta=0.3h
[Step 325/500] loss=-4.9549 reward=0.9553 human=0.9980 length=0.9572 step_time=6.5s eta=0.3h
[Step 326/500] loss=-2.9114 reward=0.6855 human=0.9993 length=0.6860 step_time=4.4s eta=0.3h
[Step 327/500] loss=11.6965 reward=0.7536 human=0.9991 length=0.7543 step_time=7.1s eta=0.3h
[Step 328/500] loss=-12.7221 reward=0.7599 human=0.9993 length=0.7605 step_time=7.9s eta=0.3h
[Step 329/500] loss=-14.1770 reward=0.8091 human=0.9988 length=0.8101 step_time=8.0s eta=0.3h
[Step 330/500] loss=-10.4667 reward=0.8280 human=0.9989 length=0.8289 step_time=4.2s eta=0.3h
[Step 331/500] loss=23.9792 reward=0.6770 human=0.9992 length=0.6775 step_time=4.9s eta=0.3h
[Step 332/500] loss=-10.5182 reward=0.8878 human=0.9991 length=0.8886 step_time=6.7s eta=0.3h
[Step 333/500] loss=19.1556 reward=0.8010 human=0.9990 length=0.8019 step_time=6.0s eta=0.3h
[Step 334/500] loss=-23.2701 reward=0.8061 human=0.9994 length=0.8067 step_time=8.1s eta=0.3h
[Step 335/500] loss=-1.5294 reward=0.9023 human=0.9990 length=0.9032 step_time=3.5s eta=0.3h
[Step 336/500] loss=16.4913 reward=0.8970 human=0.9992 length=0.8977 step_time=5.5s eta=0.3h
[Step 337/500] loss=-3.4943 reward=0.7966 human=0.9994 length=0.7971 step_time=7.8s eta=0.3h
[Step 338/500] loss=-11.5340 reward=0.8547 human=0.9994 length=0.8553 step_time=4.7s eta=0.3h
[Step 339/500] loss=0.1935 reward=0.7951 human=0.9993 length=0.7956 step_time=4.6s eta=0.3h
[Step 340/500] loss=-15.7083 reward=0.8985 human=0.9993 length=0.8991 step_time=7.2s eta=0.3h
[Step 341/500] loss=-6.9759 reward=0.8171 human=0.9994 length=0.8176 step_time=7.9s eta=0.3h
[Step 342/500] loss=-1.9824 reward=0.8285 human=0.9994 length=0.8290 step_time=4.1s eta=0.3h
[Step 343/500] loss=-19.6986 reward=0.8150 human=0.9996 length=0.8154 step_time=7.8s eta=0.3h
[Step 344/500] loss=-9.8158 reward=0.7403 human=0.9993 length=0.7408 step_time=4.6s eta=0.3h
[Step 345/500] loss=-12.6078 reward=0.7269 human=0.9994 length=0.7274 step_time=7.8s eta=0.3h
[Step 346/500] loss=-5.9336 reward=0.8439 human=0.9991 length=0.8447 step_time=4.4s eta=0.3h
[Step 347/500] loss=-19.9309 reward=0.7744 human=0.9994 length=0.7749 step_time=7.8s eta=0.3h
[Step 348/500] loss=3.3662 reward=0.9223 human=0.9992 length=0.9230 step_time=6.1s eta=0.3h
[Step 349/500] loss=4.4100 reward=0.8117 human=0.9993 length=0.8123 step_time=4.2s eta=0.3h
[Step 350/500] loss=18.9253 reward=0.8314 human=0.9993 length=0.8320 step_time=6.5s eta=0.3h
[Step 351/500] loss=-7.2027 reward=0.8676 human=0.9992 length=0.8683 step_time=4.2s eta=0.3h
[Step 352/500] loss=13.3125 reward=0.7809 human=0.9995 length=0.7813 step_time=7.6s eta=0.3h
[Step 353/500] loss=-21.4747 reward=0.9134 human=0.9990 length=0.9144 step_time=7.5s eta=0.2h
[Step 354/500] loss=21.8063 reward=0.7468 human=0.9991 length=0.7475 step_time=5.3s eta=0.2h
[Step 355/500] loss=15.6230 reward=0.6368 human=0.9992 length=0.6373 step_time=4.3s eta=0.2h
[Step 356/500] loss=21.1312 reward=0.7266 human=0.9988 length=0.7275 step_time=5.4s eta=0.2h
[Step 357/500] loss=15.5532 reward=0.7692 human=0.9987 length=0.7702 step_time=7.5s eta=0.2h
[Step 358/500] loss=-1.6895 reward=0.8447 human=0.9990 length=0.8456 step_time=4.3s eta=0.2h
[Step 359/500] loss=-6.5172 reward=0.8143 human=0.9992 length=0.8150 step_time=4.5s eta=0.2h
[Step 360/500] loss=6.3436 reward=0.8616 human=0.9990 length=0.8625 step_time=5.2s eta=0.2h
[Step 361/500] loss=4.3596 reward=0.6968 human=0.9989 length=0.6975 step_time=5.0s eta=0.2h
[Step 362/500] loss=10.2696 reward=0.7696 human=0.9989 length=0.7704 step_time=5.7s eta=0.2h
[Step 363/500] loss=-0.6570 reward=0.8924 human=0.9989 length=0.8934 step_time=6.5s eta=0.2h
[Step 364/500] loss=11.8114 reward=0.7585 human=0.9985 length=0.7596 step_time=6.1s eta=0.2h
[Step 365/500] loss=-16.5846 reward=0.8283 human=0.9989 length=0.8293 step_time=7.8s eta=0.2h
[Step 366/500] loss=-4.8707 reward=0.8901 human=0.9991 length=0.8909 step_time=6.5s eta=0.2h
[Step 367/500] loss=-1.3006 reward=0.9496 human=0.9991 length=0.9504 step_time=3.5s eta=0.2h
[Step 368/500] loss=-4.6946 reward=0.8507 human=0.9989 length=0.8517 step_time=4.4s eta=0.2h
[Step 369/500] loss=-6.6779 reward=0.9673 human=0.9988 length=0.9685 step_time=5.8s eta=0.2h
[Step 370/500] loss=10.2164 reward=0.9365 human=0.9989 length=0.9375 step_time=5.8s eta=0.2h
[Step 371/500] loss=-10.8637 reward=0.8765 human=0.9988 length=0.8775 step_time=7.3s eta=0.2h
[Step 372/500] loss=-12.0352 reward=0.8850 human=0.9990 length=0.8858 step_time=4.1s eta=0.2h
[Step 373/500] loss=-26.3876 reward=0.7888 human=0.9988 length=0.7897 step_time=7.2s eta=0.2h
[Step 374/500] loss=10.3317 reward=0.8772 human=0.9992 length=0.8779 step_time=5.9s eta=0.2h
[Step 375/500] loss=4.1502 reward=0.8005 human=0.9986 length=0.8016 step_time=6.6s eta=0.2h
[Step 376/500] loss=1.1002 reward=0.8876 human=0.9991 length=0.8884 step_time=6.6s eta=0.2h
[Step 377/500] loss=2.4701 reward=0.9439 human=0.9988 length=0.9450 step_time=5.8s eta=0.2h
[Step 378/500] loss=1.6240 reward=0.8946 human=0.9988 length=0.8957 step_time=6.5s eta=0.2h
[Step 379/500] loss=1.9242 reward=0.8308 human=0.9992 length=0.8315 step_time=3.7s eta=0.2h
[Step 380/500] loss=-7.1757 reward=0.8095 human=0.9988 length=0.8105 step_time=4.5s eta=0.2h
[Step 381/500] loss=-18.0180 reward=0.8637 human=0.9991 length=0.8644 step_time=7.4s eta=0.2h
[Step 382/500] loss=0.6648 reward=0.9289 human=0.9991 length=0.9298 step_time=6.1s eta=0.2h
[Step 383/500] loss=-16.1784 reward=0.7951 human=0.9995 length=0.7956 step_time=7.9s eta=0.2h
[Step 384/500] loss=-1.6009 reward=0.9252 human=0.9991 length=0.9261 step_time=3.8s eta=0.2h
[Step 385/500] loss=-14.2390 reward=0.7959 human=0.9993 length=0.7964 step_time=7.9s eta=0.2h
[Step 386/500] loss=-6.0494 reward=0.8374 human=0.9992 length=0.8381 step_time=4.0s eta=0.2h
[Step 387/500] loss=-16.3979 reward=0.8568 human=0.9992 length=0.8575 step_time=6.4s eta=0.2h
[Step 388/500] loss=8.1900 reward=0.8161 human=0.9986 length=0.8173 step_time=3.7s eta=0.2h
[Step 389/500] loss=-2.0296 reward=0.9452 human=0.9992 length=0.9459 step_time=3.5s eta=0.2h
[Step 390/500] loss=13.5876 reward=0.7902 human=0.9994 length=0.7907 step_time=6.9s eta=0.2h
[Step 391/500] loss=-0.6487 reward=0.9089 human=0.9990 length=0.9098 step_time=3.9s eta=0.2h
[Step 392/500] loss=6.1600 reward=0.8641 human=0.9990 length=0.8650 step_time=3.4s eta=0.2h
[Step 393/500] loss=-3.8523 reward=0.8615 human=0.9992 length=0.8622 step_time=7.1s eta=0.2h
[Step 394/500] loss=-1.4493 reward=0.9057 human=0.9991 length=0.9065 step_time=6.3s eta=0.2h
[Step 395/500] loss=-2.3775 reward=0.8320 human=0.9990 length=0.8329 step_time=6.9s eta=0.2h
[Step 396/500] loss=2.2232 reward=0.8630 human=0.9991 length=0.8638 step_time=4.3s eta=0.2h
[Step 397/500] loss=-6.4484 reward=0.8518 human=0.9991 length=0.8526 step_time=6.7s eta=0.2h
[Step 398/500] loss=-4.9519 reward=0.8329 human=0.9990 length=0.8337 step_time=4.7s eta=0.2h
[Step 399/500] loss=-5.5167 reward=0.8915 human=0.9991 length=0.8923 step_time=3.7s eta=0.2h
Writing model shards:   0%|          | 0/1 [00:00<?, ?it/s]Writing model shards: 100%|██████████| 1/1 [00:04<00:00,  4.20s/it]Writing model shards: 100%|██████████| 1/1 [00:04<00:00,  4.20s/it]
Saved checkpoint: /home/dsi/eli-bogdanov/ai-detector-from-scratch/results/grpo-human-baseline/seed-replication/seed43-bfloat16/checkpoints/step-00400
[Step 400/500] loss=1.8878 reward=0.7991 human=0.9988 length=0.8000 step_time=3.5s eta=0.2h
[Step 401/500] loss=6.3876 reward=0.8643 human=0.9992 length=0.8650 step_time=5.6s eta=0.2h
[Step 402/500] loss=-4.7697 reward=0.9307 human=0.9989 length=0.9317 step_time=6.8s eta=0.2h
[Step 403/500] loss=3.4158 reward=0.7665 human=0.9991 length=0.7672 step_time=4.0s eta=0.2h
[Step 404/500] loss=0.2096 reward=0.7439 human=0.9985 length=0.7450 step_time=2.7s eta=0.2h
[Step 405/500] loss=7.5536 reward=0.8754 human=0.9989 length=0.8763 step_time=3.5s eta=0.2h
[Step 406/500] loss=3.8750 reward=0.8060 human=0.9978 length=0.8078 step_time=7.9s eta=0.2h
[Step 407/500] loss=1.3600 reward=0.8711 human=0.9990 length=0.8719 step_time=4.0s eta=0.2h
[Step 408/500] loss=5.5026 reward=0.7559 human=0.9990 length=0.7567 step_time=7.2s eta=0.2h
[Step 409/500] loss=-6.4612 reward=0.8357 human=0.9992 length=0.8364 step_time=7.4s eta=0.2h
[Step 410/500] loss=-4.3994 reward=0.6401 human=0.9995 length=0.6404 step_time=4.7s eta=0.2h
[Step 411/500] loss=-4.1791 reward=0.7896 human=0.9994 length=0.7901 step_time=7.9s eta=0.1h
[Step 412/500] loss=1.2299 reward=0.6278 human=0.9997 length=0.6280 step_time=4.9s eta=0.1h
[Step 413/500] loss=-11.6123 reward=0.7479 human=0.9996 length=0.7482 step_time=7.9s eta=0.1h
[Step 414/500] loss=-13.2184 reward=0.7088 human=0.9995 length=0.7092 step_time=4.7s eta=0.1h
[Step 415/500] loss=-9.8005 reward=0.7166 human=0.9996 length=0.7170 step_time=4.7s eta=0.1h
[Step 416/500] loss=19.8256 reward=0.7475 human=0.9993 length=0.7480 step_time=7.8s eta=0.1h
[Step 417/500] loss=-9.9309 reward=0.6964 human=0.9995 length=0.6968 step_time=4.7s eta=0.1h
[Step 418/500] loss=10.5961 reward=0.8603 human=0.9990 length=0.8611 step_time=7.2s eta=0.1h
[Step 419/500] loss=-19.4810 reward=0.7056 human=0.9996 length=0.7060 step_time=7.9s eta=0.1h
[Step 420/500] loss=16.8393 reward=0.8010 human=0.9993 length=0.8016 step_time=6.8s eta=0.1h
[Step 421/500] loss=-22.7942 reward=0.7122 human=0.9996 length=0.7125 step_time=4.7s eta=0.1h
[Step 422/500] loss=17.9450 reward=0.7847 human=0.9993 length=0.7853 step_time=7.0s eta=0.1h
[Step 423/500] loss=10.7574 reward=0.8722 human=0.9994 length=0.8727 step_time=6.8s eta=0.1h
[Step 424/500] loss=-1.0470 reward=0.7648 human=0.9993 length=0.7654 step_time=4.8s eta=0.1h
[Step 425/500] loss=-24.2590 reward=0.8282 human=0.9992 length=0.8288 step_time=7.9s eta=0.1h
[Step 426/500] loss=-10.7173 reward=0.8696 human=0.9992 length=0.8703 step_time=7.0s eta=0.1h
[Step 427/500] loss=-10.6690 reward=0.8368 human=0.9995 length=0.8372 step_time=4.2s eta=0.1h
[Step 428/500] loss=-10.9655 reward=0.7861 human=0.9994 length=0.7866 step_time=7.8s eta=0.1h
[Step 429/500] loss=-21.4634 reward=0.8537 human=0.9993 length=0.8543 step_time=4.9s eta=0.1h
[Step 430/500] loss=-8.8285 reward=0.7674 human=0.9994 length=0.7678 step_time=4.7s eta=0.1h
[Step 431/500] loss=-10.3049 reward=0.8668 human=0.9993 length=0.8674 step_time=7.0s eta=0.1h
[Step 432/500] loss=-7.8599 reward=0.7421 human=0.9994 length=0.7426 step_time=4.7s eta=0.1h
[Step 433/500] loss=-14.9062 reward=0.8925 human=0.9992 length=0.8932 step_time=6.6s eta=0.1h
[Step 434/500] loss=9.5654 reward=0.9074 human=0.9992 length=0.9081 step_time=5.7s eta=0.1h
[Step 435/500] loss=-7.8929 reward=0.8004 human=0.9992 length=0.8010 step_time=4.8s eta=0.1h
[Step 436/500] loss=0.8454 reward=0.8606 human=0.9989 length=0.8615 step_time=3.8s eta=0.1h
[Step 437/500] loss=-3.2858 reward=0.7053 human=0.9991 length=0.7060 step_time=4.7s eta=0.1h
[Step 438/500] loss=2.6505 reward=0.9281 human=0.9993 length=0.9287 step_time=5.7s eta=0.1h
[Step 439/500] loss=-7.9650 reward=0.8537 human=0.9992 length=0.8544 step_time=7.0s eta=0.1h
[Step 440/500] loss=-8.1201 reward=0.8167 human=0.9991 length=0.8174 step_time=8.0s eta=0.1h
[Step 441/500] loss=-10.7552 reward=0.6398 human=0.9994 length=0.6403 step_time=4.7s eta=0.1h
[Step 442/500] loss=-8.5619 reward=0.7254 human=0.9992 length=0.7259 step_time=4.7s eta=0.1h
[Step 443/500] loss=-0.9980 reward=0.8153 human=0.9991 length=0.8160 step_time=4.2s eta=0.1h
[Step 444/500] loss=-10.2824 reward=0.9282 human=0.9992 length=0.9290 step_time=5.7s eta=0.1h
[Step 445/500] loss=3.5632 reward=0.8564 human=0.9991 length=0.8572 step_time=6.8s eta=0.1h
[Step 446/500] loss=4.5515 reward=0.6055 human=0.9996 length=0.6057 step_time=4.9s eta=0.1h
[Step 447/500] loss=6.3305 reward=0.7292 human=0.9993 length=0.7297 step_time=4.3s eta=0.1h
[Step 448/500] loss=-8.7553 reward=0.8210 human=0.9992 length=0.8217 step_time=7.1s eta=0.1h
[Step 449/500] loss=0.8004 reward=0.8910 human=0.9994 length=0.8915 step_time=3.8s eta=0.1h
[Step 450/500] loss=15.9661 reward=0.8178 human=0.9993 length=0.8184 step_time=6.4s eta=0.1h
[Step 451/500] loss=-5.2233 reward=0.8614 human=0.9994 length=0.8619 step_time=7.0s eta=0.1h
[Step 452/500] loss=-18.0181 reward=0.8021 human=0.9994 length=0.8026 step_time=4.7s eta=0.1h
[Step 453/500] loss=-4.7487 reward=0.8472 human=0.9995 length=0.8477 step_time=4.7s eta=0.1h
[Step 454/500] loss=-2.2385 reward=0.8329 human=0.9995 length=0.8333 step_time=7.9s eta=0.1h
[Step 455/500] loss=-1.6514 reward=0.8818 human=0.9993 length=0.8825 step_time=6.5s eta=0.1h
[Step 456/500] loss=12.5523 reward=0.8359 human=0.9993 length=0.8365 step_time=5.7s eta=0.1h
[Step 457/500] loss=21.9652 reward=0.7135 human=0.9994 length=0.7140 step_time=5.8s eta=0.1h
[Step 458/500] loss=4.9517 reward=0.8514 human=0.9994 length=0.8519 step_time=5.7s eta=0.1h
[Step 459/500] loss=9.5035 reward=0.8393 human=0.9992 length=0.8400 step_time=5.5s eta=0.1h
[Step 460/500] loss=5.0606 reward=0.7195 human=0.9993 length=0.7200 step_time=2.8s eta=0.1h
[Step 461/500] loss=6.9685 reward=0.9176 human=0.9994 length=0.9182 step_time=5.9s eta=0.1h
[Step 462/500] loss=23.8677 reward=0.8463 human=0.9993 length=0.8469 step_time=5.9s eta=0.1h
[Step 463/500] loss=19.2013 reward=0.8070 human=0.9992 length=0.8076 step_time=5.4s eta=0.1h
[Step 464/500] loss=-0.0050 reward=0.8834 human=0.9990 length=0.8842 step_time=6.4s eta=0.1h
[Step 465/500] loss=-6.6247 reward=0.8443 human=0.9991 length=0.8451 step_time=4.0s eta=0.1h
[Step 466/500] loss=-31.2928 reward=0.8480 human=0.9992 length=0.8487 step_time=6.9s eta=0.1h
[Step 467/500] loss=-14.6659 reward=0.6949 human=0.9994 length=0.6953 step_time=4.7s eta=0.1h
[Step 468/500] loss=-23.5388 reward=0.8272 human=0.9995 length=0.8276 step_time=8.2s eta=0.1h
[Step 469/500] loss=-30.4340 reward=0.8164 human=0.9991 length=0.8172 step_time=7.4s eta=0.1h
[Step 470/500] loss=-14.2838 reward=0.7616 human=0.9991 length=0.7623 step_time=4.2s eta=0.1h
[Step 471/500] loss=-0.2714 reward=0.6631 human=0.9993 length=0.6636 step_time=4.7s eta=0.0h
[Step 472/500] loss=-26.5377 reward=0.7978 human=0.9995 length=0.7981 step_time=7.9s eta=0.0h
[Step 473/500] loss=-5.7667 reward=0.8946 human=0.9992 length=0.8953 step_time=6.2s eta=0.0h
[Step 474/500] loss=-27.0974 reward=0.7678 human=0.9992 length=0.7684 step_time=8.1s eta=0.0h
[Step 475/500] loss=-12.4659 reward=0.8575 human=0.9994 length=0.8580 step_time=7.9s eta=0.0h
[Step 476/500] loss=1.1287 reward=0.8043 human=0.9992 length=0.8050 step_time=6.6s eta=0.0h
[Step 477/500] loss=-17.5749 reward=0.8349 human=0.9993 length=0.8355 step_time=7.2s eta=0.0h
[Step 478/500] loss=-1.9762 reward=0.8054 human=0.9994 length=0.8059 step_time=7.9s eta=0.0h
[Step 479/500] loss=11.5986 reward=0.6556 human=0.9992 length=0.6562 step_time=3.8s eta=0.0h
[Step 480/500] loss=-14.1136 reward=0.7837 human=0.9991 length=0.7845 step_time=4.6s eta=0.0h
[Step 481/500] loss=-9.8636 reward=0.9186 human=0.9990 length=0.9196 step_time=3.5s eta=0.0h
[Step 482/500] loss=-8.6663 reward=0.7382 human=0.9992 length=0.7387 step_time=4.4s eta=0.0h
[Step 483/500] loss=-27.6206 reward=0.8002 human=0.9992 length=0.8007 step_time=7.7s eta=0.0h
[Step 484/500] loss=-7.6058 reward=0.7835 human=0.9988 length=0.7844 step_time=3.9s eta=0.0h
[Step 485/500] loss=-33.8748 reward=0.8280 human=0.9993 length=0.8286 step_time=7.1s eta=0.0h
[Step 486/500] loss=-23.7201 reward=0.8678 human=0.9992 length=0.8686 step_time=7.1s eta=0.0h
[Step 487/500] loss=7.3676 reward=0.7495 human=0.9992 length=0.7501 step_time=3.1s eta=0.0h
[Step 488/500] loss=-4.8895 reward=0.9045 human=0.9991 length=0.9053 step_time=3.8s eta=0.0h
[Step 489/500] loss=-0.3547 reward=0.8657 human=0.9993 length=0.8663 step_time=6.8s eta=0.0h
[Step 490/500] loss=2.3628 reward=0.8541 human=0.9993 length=0.8547 step_time=3.4s eta=0.0h
[Step 491/500] loss=4.5384 reward=0.9160 human=0.9993 length=0.9167 step_time=7.4s eta=0.0h
[Step 492/500] loss=-30.8323 reward=0.7602 human=0.9995 length=0.7605 step_time=7.9s eta=0.0h
[Step 493/500] loss=-4.4058 reward=0.6895 human=0.9992 length=0.6900 step_time=4.6s eta=0.0h
[Step 494/500] loss=19.2393 reward=0.6887 human=0.9992 length=0.6893 step_time=3.6s eta=0.0h
[Step 495/500] loss=-19.2071 reward=0.8275 human=0.9991 length=0.8282 step_time=7.9s eta=0.0h
[Step 496/500] loss=-8.0760 reward=0.8030 human=0.9992 length=0.8036 step_time=3.7s eta=0.0h
[Step 497/500] loss=-5.9457 reward=0.7810 human=0.9990 length=0.7818 step_time=4.6s eta=0.0h
[Step 498/500] loss=7.7884 reward=0.8277 human=0.9992 length=0.8283 step_time=3.6s eta=0.0h
[Step 499/500] loss=0.0416 reward=0.8212 human=0.9994 length=0.8217 step_time=4.3s eta=0.0h
Writing model shards:   0%|          | 0/1 [00:00<?, ?it/s]Writing model shards: 100%|██████████| 1/1 [00:04<00:00,  4.27s/it]Writing model shards: 100%|██████████| 1/1 [00:04<00:00,  4.27s/it]
Saved checkpoint: /home/dsi/eli-bogdanov/ai-detector-from-scratch/results/grpo-human-baseline/seed-replication/seed43-bfloat16/checkpoints/step-00500
[Step 500/500] loss=-11.2953 reward=0.9004 human=0.9991 length=0.9012 step_time=3.7s eta=-0.0h
Writing model shards:   0%|          | 0/1 [00:00<?, ?it/s]Writing model shards: 100%|██████████| 1/1 [00:04<00:00,  4.13s/it]Writing model shards: 100%|██████████| 1/1 [00:04<00:00,  4.13s/it]
Saved final model: /home/dsi/eli-bogdanov/ai-detector-from-scratch/results/grpo-human-baseline/seed-replication/seed43-bfloat16/checkpoints/step-00500-final
Max CUDA memory allocated: 6.69 GB
EXIT=0
